<?xml version="1.0" encoding="ISO-8859-1" ?>
<link_info>
   <banner>TMS320C2000 Linker PC v22.6.0.LTS</banner>
   <copyright>Copyright (c) 1996-2018 Texas Instruments Incorporated</copyright>
   <link_time>0x6891e958</link_time>
   <link_errors>0x0</link_errors>
   <output_file>LAB2_ADC_CPU1_Mine_RAM.out</output_file>
   <entry_point>
      <name>_c_int00</name>
      <address>0x8581</address>
   </entry_point>
   <input_file_list>
      <input_file id="fl-2">
         <path>.\</path>
         <kind>object</kind>
         <file>F2837xD_Adc.obj</file>
         <name>F2837xD_Adc.obj</name>
      </input_file>
      <input_file id="fl-3">
         <path>.\</path>
         <kind>object</kind>
         <file>F2837xD_CodeStartBranch.obj</file>
         <name>F2837xD_CodeStartBranch.obj</name>
      </input_file>
      <input_file id="fl-4">
         <path>.\</path>
         <kind>object</kind>
         <file>F2837xD_CpuTimers.obj</file>
         <name>F2837xD_CpuTimers.obj</name>
      </input_file>
      <input_file id="fl-5">
         <path>.\</path>
         <kind>object</kind>
         <file>F2837xD_DefaultISR.obj</file>
         <name>F2837xD_DefaultISR.obj</name>
      </input_file>
      <input_file id="fl-6">
         <path>.\</path>
         <kind>object</kind>
         <file>F2837xD_EPwm.obj</file>
         <name>F2837xD_EPwm.obj</name>
      </input_file>
      <input_file id="fl-7">
         <path>.\</path>
         <kind>object</kind>
         <file>F2837xD_GlobalVariableDefs.obj</file>
         <name>F2837xD_GlobalVariableDefs.obj</name>
      </input_file>
      <input_file id="fl-8">
         <path>.\</path>
         <kind>object</kind>
         <file>F2837xD_Gpio.obj</file>
         <name>F2837xD_Gpio.obj</name>
      </input_file>
      <input_file id="fl-9">
         <path>.\</path>
         <kind>object</kind>
         <file>F2837xD_Ipc.obj</file>
         <name>F2837xD_Ipc.obj</name>
      </input_file>
      <input_file id="fl-a">
         <path>.\</path>
         <kind>object</kind>
         <file>F2837xD_PieCtrl.obj</file>
         <name>F2837xD_PieCtrl.obj</name>
      </input_file>
      <input_file id="fl-b">
         <path>.\</path>
         <kind>object</kind>
         <file>F2837xD_PieVect.obj</file>
         <name>F2837xD_PieVect.obj</name>
      </input_file>
      <input_file id="fl-c">
         <path>.\</path>
         <kind>object</kind>
         <file>F2837xD_SysCtrl.obj</file>
         <name>F2837xD_SysCtrl.obj</name>
      </input_file>
      <input_file id="fl-d">
         <path>.\</path>
         <kind>object</kind>
         <file>F2837xD_usDelay.obj</file>
         <name>F2837xD_usDelay.obj</name>
      </input_file>
      <input_file id="fl-e">
         <path>.\</path>
         <kind>object</kind>
         <file>LAB2_ADC_CPU1.obj</file>
         <name>LAB2_ADC_CPU1.obj</name>
      </input_file>
      <input_file id="fl-f">
         <path>.\</path>
         <kind>object</kind>
         <file>SGEN_1CH_F32_TMU.obj</file>
         <name>SGEN_1CH_F32_TMU.obj</name>
      </input_file>
      <input_file id="fl-10">
         <path>.\device\</path>
         <kind>object</kind>
         <file>device.obj</file>
         <name>device.obj</name>
      </input_file>
      <input_file id="fl-16">
         <kind>object</kind>
         <file>&lt;internal&gt;</file>
         <name>&lt;internal&gt;</name>
      </input_file>
      <input_file id="fl-17">
         <path>C:\SyncWorks\System_V700_TR2837xD\LAB\LAB2_ADC_CPU1\device\driverlib\ccs\Debug\</path>
         <kind>archive</kind>
         <file>driverlib_coff.lib</file>
         <name>gpio.obj</name>
      </input_file>
      <input_file id="fl-18">
         <path>C:\SyncWorks\System_V700_TR2837xD\LAB\LAB2_ADC_CPU1\device\driverlib\ccs\Debug\</path>
         <kind>archive</kind>
         <file>driverlib_coff.lib</file>
         <name>sysctl.obj</name>
      </input_file>
      <input_file id="fl-24">
         <path>C:\ti\ccs1220\ccs\tools\compiler\ti-cgt-c2000_22.6.0.LTS\lib\</path>
         <kind>archive</kind>
         <file>rts2800_fpu32.lib</file>
         <name>boot28.asm.obj</name>
      </input_file>
      <input_file id="fl-25">
         <path>C:\ti\ccs1220\ccs\tools\compiler\ti-cgt-c2000_22.6.0.LTS\lib\</path>
         <kind>archive</kind>
         <file>rts2800_fpu32.lib</file>
         <name>fs_div28.asm.obj</name>
      </input_file>
      <input_file id="fl-26">
         <path>C:\ti\ccs1220\ccs\tools\compiler\ti-cgt-c2000_22.6.0.LTS\lib\</path>
         <kind>archive</kind>
         <file>rts2800_fpu32.lib</file>
         <name>ll_aox28.asm.obj</name>
      </input_file>
      <input_file id="fl-27">
         <path>C:\ti\ccs1220\ccs\tools\compiler\ti-cgt-c2000_22.6.0.LTS\lib\</path>
         <kind>archive</kind>
         <file>rts2800_fpu32.lib</file>
         <name>cpy_tbl.c.obj</name>
      </input_file>
      <input_file id="fl-28">
         <path>C:\ti\ccs1220\ccs\tools\compiler\ti-cgt-c2000_22.6.0.LTS\lib\</path>
         <kind>archive</kind>
         <file>rts2800_fpu32.lib</file>
         <name>memcpy.c.obj</name>
      </input_file>
      <input_file id="fl-29">
         <path>C:\ti\ccs1220\ccs\tools\compiler\ti-cgt-c2000_22.6.0.LTS\lib\</path>
         <kind>archive</kind>
         <file>rts2800_fpu32.lib</file>
         <name>pre_init.c.obj</name>
      </input_file>
      <input_file id="fl-2a">
         <path>C:\ti\ccs1220\ccs\tools\compiler\ti-cgt-c2000_22.6.0.LTS\lib\</path>
         <kind>archive</kind>
         <file>rts2800_fpu32.lib</file>
         <name>startup.c.obj</name>
      </input_file>
      <input_file id="fl-2b">
         <path>C:\ti\ccs1220\ccs\tools\compiler\ti-cgt-c2000_22.6.0.LTS\lib\</path>
         <kind>archive</kind>
         <file>rts2800_fpu32.lib</file>
         <name>exit.c.obj</name>
      </input_file>
      <input_file id="fl-2c">
         <path>C:\ti\ccs1220\ccs\tools\compiler\ti-cgt-c2000_22.6.0.LTS\lib\</path>
         <kind>archive</kind>
         <file>rts2800_fpu32.lib</file>
         <name>_lock.c.obj</name>
      </input_file>
      <input_file id="fl-2d">
         <path>C:\ti\ccs1220\ccs\tools\compiler\ti-cgt-c2000_22.6.0.LTS\lib\</path>
         <kind>archive</kind>
         <file>rts2800_fpu32.lib</file>
         <name>args_main.c.obj</name>
      </input_file>
      <input_file id="fl-2e">
         <path>C:\ti\ccs1220\ccs\tools\compiler\ti-cgt-c2000_22.6.0.LTS\lib\</path>
         <kind>archive</kind>
         <file>rts2800_fpu32.lib</file>
         <name>memset.c.obj</name>
      </input_file>
   </input_file_list>
   <object_component_list>
      <object_component id="oc-93">
         <name>codestart</name>
         <load_address>0x0</load_address>
         <run_address>0x0</run_address>
         <size>0x2</size>
         <input_file_ref idref="fl-3"/>
      </object_component>
      <object_component id="oc-238">
         <name>.text:_InitSysPll</name>
         <load_address>0x8000</load_address>
         <run_address>0x8000</run_address>
         <size>0x1ee</size>
         <input_file_ref idref="fl-c"/>
      </object_component>
      <object_component id="oc-23b">
         <name>.text:_AdcSetMode</name>
         <load_address>0x81ee</load_address>
         <run_address>0x81ee</run_address>
         <size>0xb6</size>
         <input_file_ref idref="fl-2"/>
      </object_component>
      <object_component id="oc-1e8">
         <name>.text</name>
         <load_address>0x82a4</load_address>
         <run_address>0x82a4</run_address>
         <size>0x88</size>
         <input_file_ref idref="fl-25"/>
      </object_component>
      <object_component id="oc-239">
         <name>.text:_InitPeripheralClocks</name>
         <load_address>0x832c</load_address>
         <run_address>0x832c</run_address>
         <size>0x84</size>
         <input_file_ref idref="fl-c"/>
      </object_component>
      <object_component id="oc-22a">
         <name>.text:_sine_1ch_f32_tmu_calc</name>
         <load_address>0x83b0</load_address>
         <run_address>0x83b0</run_address>
         <size>0x84</size>
         <input_file_ref idref="fl-f"/>
      </object_component>
      <object_component id="oc-227">
         <name>.text:_main</name>
         <load_address>0x8434</load_address>
         <run_address>0x8434</run_address>
         <size>0x83</size>
         <input_file_ref idref="fl-e"/>
      </object_component>
      <object_component id="oc-22f">
         <name>.text:_InitAdcaModule</name>
         <load_address>0x84b7</load_address>
         <run_address>0x84b7</run_address>
         <size>0x66</size>
         <input_file_ref idref="fl-e"/>
      </object_component>
      <object_component id="oc-1c3">
         <name>.text:_CpuTimer0_ISR</name>
         <load_address>0x851d</load_address>
         <run_address>0x851d</run_address>
         <size>0x64</size>
         <input_file_ref idref="fl-e"/>
      </object_component>
      <object_component id="oc-8c">
         <name>.text</name>
         <load_address>0x8581</load_address>
         <run_address>0x8581</run_address>
         <size>0x56</size>
         <input_file_ref idref="fl-24"/>
      </object_component>
      <object_component id="oc-230">
         <name>.text:_InitCpuTimers</name>
         <load_address>0x85d7</load_address>
         <run_address>0x85d7</run_address>
         <size>0x47</size>
         <input_file_ref idref="fl-4"/>
      </object_component>
      <object_component id="oc-1c2">
         <name>.text:_AdcaIsr</name>
         <load_address>0x861e</load_address>
         <run_address>0x861e</run_address>
         <size>0x3b</size>
         <input_file_ref idref="fl-e"/>
      </object_component>
      <object_component id="oc-231">
         <name>.text:_ConfigCpuTimer</name>
         <load_address>0x8659</load_address>
         <run_address>0x8659</run_address>
         <size>0x3b</size>
         <input_file_ref idref="fl-4"/>
      </object_component>
      <object_component id="oc-245">
         <name>.text:_CalAdcINL</name>
         <load_address>0x8694</load_address>
         <run_address>0x8694</run_address>
         <size>0x3a</size>
         <input_file_ref idref="fl-2"/>
      </object_component>
      <object_component id="oc-220">
         <name>.text</name>
         <load_address>0x86ce</load_address>
         <run_address>0x86ce</run_address>
         <size>0x29</size>
         <input_file_ref idref="fl-2b"/>
      </object_component>
      <object_component id="oc-22d">
         <name>.text:_InitPieVectTable</name>
         <load_address>0x86f7</load_address>
         <run_address>0x86f7</run_address>
         <size>0x26</size>
         <input_file_ref idref="fl-b"/>
      </object_component>
      <object_component id="oc-23f">
         <name>.text:_GPIO_EnableUnbondedIOPullupsFor100Pin</name>
         <load_address>0x871d</load_address>
         <run_address>0x871d</run_address>
         <size>0x25</size>
         <input_file_ref idref="fl-8"/>
      </object_component>
      <object_component id="oc-21d">
         <name>.text</name>
         <load_address>0x8742</load_address>
         <run_address>0x8742</run_address>
         <size>0x24</size>
         <input_file_ref idref="fl-27"/>
      </object_component>
      <object_component id="oc-22b">
         <name>.text:_InitSysCtrl</name>
         <load_address>0x8766</load_address>
         <run_address>0x8766</run_address>
         <size>0x20</size>
         <input_file_ref idref="fl-c"/>
      </object_component>
      <object_component id="oc-22c">
         <name>.text:_InitPieCtrl</name>
         <load_address>0x8786</load_address>
         <run_address>0x8786</run_address>
         <size>0x1f</size>
         <input_file_ref idref="fl-a"/>
      </object_component>
      <object_component id="oc-237">
         <name>.text:_ConfigureTMXAnalogTrim</name>
         <load_address>0x87a5</load_address>
         <run_address>0x87a5</run_address>
         <size>0x1d</size>
         <input_file_ref idref="fl-c"/>
      </object_component>
      <object_component id="oc-226">
         <name>.text</name>
         <load_address>0x87c2</load_address>
         <run_address>0x87c2</run_address>
         <size>0x1d</size>
         <input_file_ref idref="fl-28"/>
      </object_component>
      <object_component id="oc-22e">
         <name>.text:_InitDacaModule</name>
         <load_address>0x87df</load_address>
         <run_address>0x87df</run_address>
         <size>0x1b</size>
         <input_file_ref idref="fl-e"/>
      </object_component>
      <object_component id="oc-21c">
         <name>.text</name>
         <load_address>0x87fa</load_address>
         <run_address>0x87fa</run_address>
         <size>0x2</size>
         <input_file_ref idref="fl-29"/>
      </object_component>
      <object_component id="oc-21e">
         <name>.text</name>
         <load_address>0x87fc</load_address>
         <run_address>0x87fc</run_address>
         <size>0x1</size>
         <input_file_ref idref="fl-2a"/>
      </object_component>
      <object_component id="oc-240">
         <name>.text:_GPIO_EnableUnbondedIOPullupsFor176Pin</name>
         <load_address>0x8800</load_address>
         <run_address>0x8800</run_address>
         <size>0x19</size>
         <input_file_ref idref="fl-8"/>
      </object_component>
      <object_component id="oc-1ed">
         <name>.text</name>
         <load_address>0x8819</load_address>
         <run_address>0x8819</run_address>
         <size>0x18</size>
         <input_file_ref idref="fl-26"/>
      </object_component>
      <object_component id="oc-236">
         <name>.text:_GPIO_EnableUnbondedIOPullups</name>
         <load_address>0x8831</load_address>
         <run_address>0x8831</run_address>
         <size>0x16</size>
         <input_file_ref idref="fl-8"/>
      </object_component>
      <object_component id="oc-242">
         <name>.text:_SysIntOsc2Sel</name>
         <load_address>0x8847</load_address>
         <run_address>0x8847</run_address>
         <size>0x14</size>
         <input_file_ref idref="fl-c"/>
      </object_component>
      <object_component id="oc-21f">
         <name>.text</name>
         <load_address>0x885b</load_address>
         <run_address>0x885b</run_address>
         <size>0x12</size>
         <input_file_ref idref="fl-2d"/>
      </object_component>
      <object_component id="oc-241">
         <name>.text:_SysIntOsc1Sel</name>
         <load_address>0x886d</load_address>
         <run_address>0x886d</run_address>
         <size>0x10</size>
         <input_file_ref idref="fl-c"/>
      </object_component>
      <object_component id="oc-243">
         <name>.text:_SysXtalOscSel</name>
         <load_address>0x887d</load_address>
         <run_address>0x887d</run_address>
         <size>0x10</size>
         <input_file_ref idref="fl-c"/>
      </object_component>
      <object_component id="oc-235">
         <name>.text:_DisableDog</name>
         <load_address>0x888d</load_address>
         <run_address>0x888d</run_address>
         <size>0xe</size>
         <input_file_ref idref="fl-c"/>
      </object_component>
      <object_component id="oc-244">
         <name>.text:_ServiceDog</name>
         <load_address>0x889b</load_address>
         <run_address>0x889b</run_address>
         <size>0xe</size>
         <input_file_ref idref="fl-c"/>
      </object_component>
      <object_component id="oc-129">
         <name>.text:_EMPTY_ISR</name>
         <load_address>0x88a9</load_address>
         <run_address>0x88a9</run_address>
         <size>0xd</size>
         <input_file_ref idref="fl-5"/>
      </object_component>
      <object_component id="oc-b1">
         <name>.text:_ADCA1_ISR</name>
         <load_address>0x88b6</load_address>
         <run_address>0x88b6</run_address>
         <size>0xa</size>
         <input_file_ref idref="fl-5"/>
      </object_component>
      <object_component id="oc-f1">
         <name>.text:_ADCA2_ISR</name>
         <load_address>0x88c0</load_address>
         <run_address>0x88c0</run_address>
         <size>0xa</size>
         <input_file_ref idref="fl-5"/>
      </object_component>
      <object_component id="oc-f2">
         <name>.text:_ADCA3_ISR</name>
         <load_address>0x88ca</load_address>
         <run_address>0x88ca</run_address>
         <size>0xa</size>
         <input_file_ref idref="fl-5"/>
      </object_component>
      <object_component id="oc-f3">
         <name>.text:_ADCA4_ISR</name>
         <load_address>0x88d4</load_address>
         <run_address>0x88d4</run_address>
         <size>0xa</size>
         <input_file_ref idref="fl-5"/>
      </object_component>
      <object_component id="oc-f0">
         <name>.text:_ADCA_EVT_ISR</name>
         <load_address>0x88de</load_address>
         <run_address>0x88de</run_address>
         <size>0xa</size>
         <input_file_ref idref="fl-5"/>
      </object_component>
      <object_component id="oc-b2">
         <name>.text:_ADCB1_ISR</name>
         <load_address>0x88e8</load_address>
         <run_address>0x88e8</run_address>
         <size>0xa</size>
         <input_file_ref idref="fl-5"/>
      </object_component>
      <object_component id="oc-f5">
         <name>.text:_ADCB2_ISR</name>
         <load_address>0x88f2</load_address>
         <run_address>0x88f2</run_address>
         <size>0xa</size>
         <input_file_ref idref="fl-5"/>
      </object_component>
      <object_component id="oc-f6">
         <name>.text:_ADCB3_ISR</name>
         <load_address>0x88fc</load_address>
         <run_address>0x88fc</run_address>
         <size>0xa</size>
         <input_file_ref idref="fl-5"/>
      </object_component>
      <object_component id="oc-f7">
         <name>.text:_ADCB4_ISR</name>
         <load_address>0x8906</load_address>
         <run_address>0x8906</run_address>
         <size>0xa</size>
         <input_file_ref idref="fl-5"/>
      </object_component>
      <object_component id="oc-f4">
         <name>.text:_ADCB_EVT_ISR</name>
         <load_address>0x8910</load_address>
         <run_address>0x8910</run_address>
         <size>0xa</size>
         <input_file_ref idref="fl-5"/>
      </object_component>
      <object_component id="oc-b3">
         <name>.text:_ADCC1_ISR</name>
         <load_address>0x891a</load_address>
         <run_address>0x891a</run_address>
         <size>0xa</size>
         <input_file_ref idref="fl-5"/>
      </object_component>
      <object_component id="oc-119">
         <name>.text:_ADCC2_ISR</name>
         <load_address>0x8924</load_address>
         <run_address>0x8924</run_address>
         <size>0xa</size>
         <input_file_ref idref="fl-5"/>
      </object_component>
      <object_component id="oc-11a">
         <name>.text:_ADCC3_ISR</name>
         <load_address>0x892e</load_address>
         <run_address>0x892e</run_address>
         <size>0xa</size>
         <input_file_ref idref="fl-5"/>
      </object_component>
      <object_component id="oc-11b">
         <name>.text:_ADCC4_ISR</name>
         <load_address>0x8938</load_address>
         <run_address>0x8938</run_address>
         <size>0xa</size>
         <input_file_ref idref="fl-5"/>
      </object_component>
      <object_component id="oc-118">
         <name>.text:_ADCC_EVT_ISR</name>
         <load_address>0x8942</load_address>
         <run_address>0x8942</run_address>
         <size>0xa</size>
         <input_file_ref idref="fl-5"/>
      </object_component>
      <object_component id="oc-b6">
         <name>.text:_ADCD1_ISR</name>
         <load_address>0x894c</load_address>
         <run_address>0x894c</run_address>
         <size>0xa</size>
         <input_file_ref idref="fl-5"/>
      </object_component>
      <object_component id="oc-11d">
         <name>.text:_ADCD2_ISR</name>
         <load_address>0x8956</load_address>
         <run_address>0x8956</run_address>
         <size>0xa</size>
         <input_file_ref idref="fl-5"/>
      </object_component>
      <object_component id="oc-11e">
         <name>.text:_ADCD3_ISR</name>
         <load_address>0x8960</load_address>
         <run_address>0x8960</run_address>
         <size>0xa</size>
         <input_file_ref idref="fl-5"/>
      </object_component>
      <object_component id="oc-11f">
         <name>.text:_ADCD4_ISR</name>
         <load_address>0x896a</load_address>
         <run_address>0x896a</run_address>
         <size>0xa</size>
         <input_file_ref idref="fl-5"/>
      </object_component>
      <object_component id="oc-11c">
         <name>.text:_ADCD_EVT_ISR</name>
         <load_address>0x8974</load_address>
         <run_address>0x8974</run_address>
         <size>0xa</size>
         <input_file_ref idref="fl-5"/>
      </object_component>
      <object_component id="oc-125">
         <name>.text:_AUX_PLL_SLIP_ISR</name>
         <load_address>0x897e</load_address>
         <run_address>0x897e</run_address>
         <size>0xa</size>
         <input_file_ref idref="fl-5"/>
      </object_component>
      <object_component id="oc-ec">
         <name>.text:_CANA0_ISR</name>
         <load_address>0x8988</load_address>
         <run_address>0x8988</run_address>
         <size>0xa</size>
         <input_file_ref idref="fl-5"/>
      </object_component>
      <object_component id="oc-ed">
         <name>.text:_CANA1_ISR</name>
         <load_address>0x8992</load_address>
         <run_address>0x8992</run_address>
         <size>0xa</size>
         <input_file_ref idref="fl-5"/>
      </object_component>
      <object_component id="oc-ee">
         <name>.text:_CANB0_ISR</name>
         <load_address>0x899c</load_address>
         <run_address>0x899c</run_address>
         <size>0xa</size>
         <input_file_ref idref="fl-5"/>
      </object_component>
      <object_component id="oc-ef">
         <name>.text:_CANB1_ISR</name>
         <load_address>0x89a6</load_address>
         <run_address>0x89a6</run_address>
         <size>0xa</size>
         <input_file_ref idref="fl-5"/>
      </object_component>
      <object_component id="oc-f8">
         <name>.text:_CLA1_1_ISR</name>
         <load_address>0x89b0</load_address>
         <run_address>0x89b0</run_address>
         <size>0xa</size>
         <input_file_ref idref="fl-5"/>
      </object_component>
      <object_component id="oc-f9">
         <name>.text:_CLA1_2_ISR</name>
         <load_address>0x89ba</load_address>
         <run_address>0x89ba</run_address>
         <size>0xa</size>
         <input_file_ref idref="fl-5"/>
      </object_component>
      <object_component id="oc-fa">
         <name>.text:_CLA1_3_ISR</name>
         <load_address>0x89c4</load_address>
         <run_address>0x89c4</run_address>
         <size>0xa</size>
         <input_file_ref idref="fl-5"/>
      </object_component>
      <object_component id="oc-fb">
         <name>.text:_CLA1_4_ISR</name>
         <load_address>0x89ce</load_address>
         <run_address>0x89ce</run_address>
         <size>0xa</size>
         <input_file_ref idref="fl-5"/>
      </object_component>
      <object_component id="oc-fc">
         <name>.text:_CLA1_5_ISR</name>
         <load_address>0x89d8</load_address>
         <run_address>0x89d8</run_address>
         <size>0xa</size>
         <input_file_ref idref="fl-5"/>
      </object_component>
      <object_component id="oc-fd">
         <name>.text:_CLA1_6_ISR</name>
         <load_address>0x89e2</load_address>
         <run_address>0x89e2</run_address>
         <size>0xa</size>
         <input_file_ref idref="fl-5"/>
      </object_component>
      <object_component id="oc-fe">
         <name>.text:_CLA1_7_ISR</name>
         <load_address>0x89ec</load_address>
         <run_address>0x89ec</run_address>
         <size>0xa</size>
         <input_file_ref idref="fl-5"/>
      </object_component>
      <object_component id="oc-ff">
         <name>.text:_CLA1_8_ISR</name>
         <load_address>0x89f6</load_address>
         <run_address>0x89f6</run_address>
         <size>0xa</size>
         <input_file_ref idref="fl-5"/>
      </object_component>
      <object_component id="oc-126">
         <name>.text:_CLA_OVERFLOW_ISR</name>
         <load_address>0x8a00</load_address>
         <run_address>0x8a00</run_address>
         <size>0xa</size>
         <input_file_ref idref="fl-5"/>
      </object_component>
      <object_component id="oc-127">
         <name>.text:_CLA_UNDERFLOW_ISR</name>
         <load_address>0x8a0a</load_address>
         <run_address>0x8a0a</run_address>
         <size>0xa</size>
         <input_file_ref idref="fl-5"/>
      </object_component>
      <object_component id="oc-a0">
         <name>.text:_DATALOG_ISR</name>
         <load_address>0x8a14</load_address>
         <run_address>0x8a14</run_address>
         <size>0xa</size>
         <input_file_ref idref="fl-5"/>
      </object_component>
      <object_component id="oc-da">
         <name>.text:_DMA_CH1_ISR</name>
         <load_address>0x8a1e</load_address>
         <run_address>0x8a1e</run_address>
         <size>0xa</size>
         <input_file_ref idref="fl-5"/>
      </object_component>
      <object_component id="oc-db">
         <name>.text:_DMA_CH2_ISR</name>
         <load_address>0x8a28</load_address>
         <run_address>0x8a28</run_address>
         <size>0xa</size>
         <input_file_ref idref="fl-5"/>
      </object_component>
      <object_component id="oc-dc">
         <name>.text:_DMA_CH3_ISR</name>
         <load_address>0x8a32</load_address>
         <run_address>0x8a32</run_address>
         <size>0xa</size>
         <input_file_ref idref="fl-5"/>
      </object_component>
      <object_component id="oc-dd">
         <name>.text:_DMA_CH4_ISR</name>
         <load_address>0x8a3c</load_address>
         <run_address>0x8a3c</run_address>
         <size>0xa</size>
         <input_file_ref idref="fl-5"/>
      </object_component>
      <object_component id="oc-de">
         <name>.text:_DMA_CH5_ISR</name>
         <load_address>0x8a46</load_address>
         <run_address>0x8a46</run_address>
         <size>0xa</size>
         <input_file_ref idref="fl-5"/>
      </object_component>
      <object_component id="oc-df">
         <name>.text:_DMA_CH6_ISR</name>
         <load_address>0x8a50</load_address>
         <run_address>0x8a50</run_address>
         <size>0xa</size>
         <input_file_ref idref="fl-5"/>
      </object_component>
      <object_component id="oc-c9">
         <name>.text:_ECAP1_ISR</name>
         <load_address>0x8a5a</load_address>
         <run_address>0x8a5a</run_address>
         <size>0xa</size>
         <input_file_ref idref="fl-5"/>
      </object_component>
      <object_component id="oc-ca">
         <name>.text:_ECAP2_ISR</name>
         <load_address>0x8a64</load_address>
         <run_address>0x8a64</run_address>
         <size>0xa</size>
         <input_file_ref idref="fl-5"/>
      </object_component>
      <object_component id="oc-cb">
         <name>.text:_ECAP3_ISR</name>
         <load_address>0x8a6e</load_address>
         <run_address>0x8a6e</run_address>
         <size>0xa</size>
         <input_file_ref idref="fl-5"/>
      </object_component>
      <object_component id="oc-cc">
         <name>.text:_ECAP4_ISR</name>
         <load_address>0x8a78</load_address>
         <run_address>0x8a78</run_address>
         <size>0xa</size>
         <input_file_ref idref="fl-5"/>
      </object_component>
      <object_component id="oc-cd">
         <name>.text:_ECAP5_ISR</name>
         <load_address>0x8a82</load_address>
         <run_address>0x8a82</run_address>
         <size>0xa</size>
         <input_file_ref idref="fl-5"/>
      </object_component>
      <object_component id="oc-ce">
         <name>.text:_ECAP6_ISR</name>
         <load_address>0x8a8c</load_address>
         <run_address>0x8a8c</run_address>
         <size>0xa</size>
         <input_file_ref idref="fl-5"/>
      </object_component>
      <object_component id="oc-120">
         <name>.text:_EMIF_ERROR_ISR</name>
         <load_address>0x8a96</load_address>
         <run_address>0x8a96</run_address>
         <size>0xa</size>
         <input_file_ref idref="fl-5"/>
      </object_component>
      <object_component id="oc-a2">
         <name>.text:_EMU_ISR</name>
         <load_address>0x8aa0</load_address>
         <run_address>0x8aa0</run_address>
         <size>0xa</size>
         <input_file_ref idref="fl-5"/>
      </object_component>
      <object_component id="oc-10f">
         <name>.text:_EPWM10_ISR</name>
         <load_address>0x8aaa</load_address>
         <run_address>0x8aaa</run_address>
         <size>0xa</size>
         <input_file_ref idref="fl-5"/>
      </object_component>
      <object_component id="oc-10b">
         <name>.text:_EPWM10_TZ_ISR</name>
         <load_address>0x8ab4</load_address>
         <run_address>0x8ab4</run_address>
         <size>0xa</size>
         <input_file_ref idref="fl-5"/>
      </object_component>
      <object_component id="oc-110">
         <name>.text:_EPWM11_ISR</name>
         <load_address>0x8abe</load_address>
         <run_address>0x8abe</run_address>
         <size>0xa</size>
         <input_file_ref idref="fl-5"/>
      </object_component>
      <object_component id="oc-10c">
         <name>.text:_EPWM11_TZ_ISR</name>
         <load_address>0x8ac8</load_address>
         <run_address>0x8ac8</run_address>
         <size>0xa</size>
         <input_file_ref idref="fl-5"/>
      </object_component>
      <object_component id="oc-111">
         <name>.text:_EPWM12_ISR</name>
         <load_address>0x8ad2</load_address>
         <run_address>0x8ad2</run_address>
         <size>0xa</size>
         <input_file_ref idref="fl-5"/>
      </object_component>
      <object_component id="oc-10d">
         <name>.text:_EPWM12_TZ_ISR</name>
         <load_address>0x8adc</load_address>
         <run_address>0x8adc</run_address>
         <size>0xa</size>
         <input_file_ref idref="fl-5"/>
      </object_component>
      <object_component id="oc-c1">
         <name>.text:_EPWM1_ISR</name>
         <load_address>0x8ae6</load_address>
         <run_address>0x8ae6</run_address>
         <size>0xa</size>
         <input_file_ref idref="fl-5"/>
      </object_component>
      <object_component id="oc-b9">
         <name>.text:_EPWM1_TZ_ISR</name>
         <load_address>0x8af0</load_address>
         <run_address>0x8af0</run_address>
         <size>0xa</size>
         <input_file_ref idref="fl-5"/>
      </object_component>
      <object_component id="oc-c2">
         <name>.text:_EPWM2_ISR</name>
         <load_address>0x8afa</load_address>
         <run_address>0x8afa</run_address>
         <size>0xa</size>
         <input_file_ref idref="fl-5"/>
      </object_component>
      <object_component id="oc-ba">
         <name>.text:_EPWM2_TZ_ISR</name>
         <load_address>0x8b04</load_address>
         <run_address>0x8b04</run_address>
         <size>0xa</size>
         <input_file_ref idref="fl-5"/>
      </object_component>
      <object_component id="oc-c3">
         <name>.text:_EPWM3_ISR</name>
         <load_address>0x8b0e</load_address>
         <run_address>0x8b0e</run_address>
         <size>0xa</size>
         <input_file_ref idref="fl-5"/>
      </object_component>
      <object_component id="oc-bb">
         <name>.text:_EPWM3_TZ_ISR</name>
         <load_address>0x8b18</load_address>
         <run_address>0x8b18</run_address>
         <size>0xa</size>
         <input_file_ref idref="fl-5"/>
      </object_component>
      <object_component id="oc-c4">
         <name>.text:_EPWM4_ISR</name>
         <load_address>0x8b22</load_address>
         <run_address>0x8b22</run_address>
         <size>0xa</size>
         <input_file_ref idref="fl-5"/>
      </object_component>
      <object_component id="oc-bc">
         <name>.text:_EPWM4_TZ_ISR</name>
         <load_address>0x8b2c</load_address>
         <run_address>0x8b2c</run_address>
         <size>0xa</size>
         <input_file_ref idref="fl-5"/>
      </object_component>
      <object_component id="oc-c5">
         <name>.text:_EPWM5_ISR</name>
         <load_address>0x8b36</load_address>
         <run_address>0x8b36</run_address>
         <size>0xa</size>
         <input_file_ref idref="fl-5"/>
      </object_component>
      <object_component id="oc-bd">
         <name>.text:_EPWM5_TZ_ISR</name>
         <load_address>0x8b40</load_address>
         <run_address>0x8b40</run_address>
         <size>0xa</size>
         <input_file_ref idref="fl-5"/>
      </object_component>
      <object_component id="oc-c6">
         <name>.text:_EPWM6_ISR</name>
         <load_address>0x8b4a</load_address>
         <run_address>0x8b4a</run_address>
         <size>0xa</size>
         <input_file_ref idref="fl-5"/>
      </object_component>
      <object_component id="oc-be">
         <name>.text:_EPWM6_TZ_ISR</name>
         <load_address>0x8b54</load_address>
         <run_address>0x8b54</run_address>
         <size>0xa</size>
         <input_file_ref idref="fl-5"/>
      </object_component>
      <object_component id="oc-c7">
         <name>.text:_EPWM7_ISR</name>
         <load_address>0x8b5e</load_address>
         <run_address>0x8b5e</run_address>
         <size>0xa</size>
         <input_file_ref idref="fl-5"/>
      </object_component>
      <object_component id="oc-bf">
         <name>.text:_EPWM7_TZ_ISR</name>
         <load_address>0x8b68</load_address>
         <run_address>0x8b68</run_address>
         <size>0xa</size>
         <input_file_ref idref="fl-5"/>
      </object_component>
      <object_component id="oc-c8">
         <name>.text:_EPWM8_ISR</name>
         <load_address>0x8b72</load_address>
         <run_address>0x8b72</run_address>
         <size>0xa</size>
         <input_file_ref idref="fl-5"/>
      </object_component>
      <object_component id="oc-c0">
         <name>.text:_EPWM8_TZ_ISR</name>
         <load_address>0x8b7c</load_address>
         <run_address>0x8b7c</run_address>
         <size>0xa</size>
         <input_file_ref idref="fl-5"/>
      </object_component>
      <object_component id="oc-10e">
         <name>.text:_EPWM9_ISR</name>
         <load_address>0x8b86</load_address>
         <run_address>0x8b86</run_address>
         <size>0xa</size>
         <input_file_ref idref="fl-5"/>
      </object_component>
      <object_component id="oc-10a">
         <name>.text:_EPWM9_TZ_ISR</name>
         <load_address>0x8b90</load_address>
         <run_address>0x8b90</run_address>
         <size>0xa</size>
         <input_file_ref idref="fl-5"/>
      </object_component>
      <object_component id="oc-cf">
         <name>.text:_EQEP1_ISR</name>
         <load_address>0x8b9a</load_address>
         <run_address>0x8b9a</run_address>
         <size>0xa</size>
         <input_file_ref idref="fl-5"/>
      </object_component>
      <object_component id="oc-d0">
         <name>.text:_EQEP2_ISR</name>
         <load_address>0x8ba4</load_address>
         <run_address>0x8ba4</run_address>
         <size>0xa</size>
         <input_file_ref idref="fl-5"/>
      </object_component>
      <object_component id="oc-d1">
         <name>.text:_EQEP3_ISR</name>
         <load_address>0x8bae</load_address>
         <run_address>0x8bae</run_address>
         <size>0xa</size>
         <input_file_ref idref="fl-5"/>
      </object_component>
      <object_component id="oc-122">
         <name>.text:_FLASH_CORRECTABLE_ERROR_ISR</name>
         <load_address>0x8bb8</load_address>
         <run_address>0x8bb8</run_address>
         <size>0xa</size>
         <input_file_ref idref="fl-5"/>
      </object_component>
      <object_component id="oc-104">
         <name>.text:_FPU_OVERFLOW_ISR</name>
         <load_address>0x8bc2</load_address>
         <run_address>0x8bc2</run_address>
         <size>0xa</size>
         <input_file_ref idref="fl-5"/>
      </object_component>
      <object_component id="oc-105">
         <name>.text:_FPU_UNDERFLOW_ISR</name>
         <load_address>0x8bcc</load_address>
         <run_address>0x8bcc</run_address>
         <size>0xa</size>
         <input_file_ref idref="fl-5"/>
      </object_component>
      <object_component id="oc-e1">
         <name>.text:_I2CA_FIFO_ISR</name>
         <load_address>0x8bd6</load_address>
         <run_address>0x8bd6</run_address>
         <size>0xa</size>
         <input_file_ref idref="fl-5"/>
      </object_component>
      <object_component id="oc-e0">
         <name>.text:_I2CA_ISR</name>
         <load_address>0x8be0</load_address>
         <run_address>0x8be0</run_address>
         <size>0xa</size>
         <input_file_ref idref="fl-5"/>
      </object_component>
      <object_component id="oc-e3">
         <name>.text:_I2CB_FIFO_ISR</name>
         <load_address>0x8bea</load_address>
         <run_address>0x8bea</run_address>
         <size>0xa</size>
         <input_file_ref idref="fl-5"/>
      </object_component>
      <object_component id="oc-e2">
         <name>.text:_I2CB_ISR</name>
         <load_address>0x8bf4</load_address>
         <run_address>0x8bf4</run_address>
         <size>0xa</size>
         <input_file_ref idref="fl-5"/>
      </object_component>
      <object_component id="oc-a4">
         <name>.text:_ILLEGAL_ISR</name>
         <load_address>0x8bfe</load_address>
         <run_address>0x8bfe</run_address>
         <size>0xa</size>
         <input_file_ref idref="fl-5"/>
      </object_component>
      <object_component id="oc-106">
         <name>.text:_IPC0_ISR</name>
         <load_address>0x8c08</load_address>
         <run_address>0x8c08</run_address>
         <size>0xa</size>
         <input_file_ref idref="fl-5"/>
      </object_component>
      <object_component id="oc-107">
         <name>.text:_IPC1_ISR</name>
         <load_address>0x8c12</load_address>
         <run_address>0x8c12</run_address>
         <size>0xa</size>
         <input_file_ref idref="fl-5"/>
      </object_component>
      <object_component id="oc-108">
         <name>.text:_IPC2_ISR</name>
         <load_address>0x8c1c</load_address>
         <run_address>0x8c1c</run_address>
         <size>0xa</size>
         <input_file_ref idref="fl-5"/>
      </object_component>
      <object_component id="oc-109">
         <name>.text:_IPC3_ISR</name>
         <load_address>0x8c26</load_address>
         <run_address>0x8c26</run_address>
         <size>0xa</size>
         <input_file_ref idref="fl-5"/>
      </object_component>
      <object_component id="oc-d6">
         <name>.text:_MCBSPA_RX_ISR</name>
         <load_address>0x8c30</load_address>
         <run_address>0x8c30</run_address>
         <size>0xa</size>
         <input_file_ref idref="fl-5"/>
      </object_component>
      <object_component id="oc-d7">
         <name>.text:_MCBSPA_TX_ISR</name>
         <load_address>0x8c3a</load_address>
         <run_address>0x8c3a</run_address>
         <size>0xa</size>
         <input_file_ref idref="fl-5"/>
      </object_component>
      <object_component id="oc-d8">
         <name>.text:_MCBSPB_RX_ISR</name>
         <load_address>0x8c44</load_address>
         <run_address>0x8c44</run_address>
         <size>0xa</size>
         <input_file_ref idref="fl-5"/>
      </object_component>
      <object_component id="oc-d9">
         <name>.text:_MCBSPB_TX_ISR</name>
         <load_address>0x8c4e</load_address>
         <run_address>0x8c4e</run_address>
         <size>0xa</size>
         <input_file_ref idref="fl-5"/>
      </object_component>
      <object_component id="oc-a3">
         <name>.text:_NMI_ISR</name>
         <load_address>0x8c58</load_address>
         <run_address>0x8c58</run_address>
         <size>0xa</size>
         <input_file_ref idref="fl-5"/>
      </object_component>
      <object_component id="oc-12a">
         <name>.text:_NOTUSED_ISR</name>
         <load_address>0x8c62</load_address>
         <run_address>0x8c62</run_address>
         <size>0xa</size>
         <input_file_ref idref="fl-5"/>
      </object_component>
      <object_component id="oc-128">
         <name>.text:_PIE_RESERVED_ISR</name>
         <load_address>0x8c6c</load_address>
         <run_address>0x8c6c</run_address>
         <size>0xa</size>
         <input_file_ref idref="fl-5"/>
      </object_component>
      <object_component id="oc-123">
         <name>.text:_RAM_ACCESS_VIOLATION_ISR</name>
         <load_address>0x8c76</load_address>
         <run_address>0x8c76</run_address>
         <size>0xa</size>
         <input_file_ref idref="fl-5"/>
      </object_component>
      <object_component id="oc-121">
         <name>.text:_RAM_CORRECTABLE_ERROR_ISR</name>
         <load_address>0x8c80</load_address>
         <run_address>0x8c80</run_address>
         <size>0xa</size>
         <input_file_ref idref="fl-5"/>
      </object_component>
      <object_component id="oc-a1">
         <name>.text:_RTOS_ISR</name>
         <load_address>0x8c8a</load_address>
         <run_address>0x8c8a</run_address>
         <size>0xa</size>
         <input_file_ref idref="fl-5"/>
      </object_component>
      <object_component id="oc-e8">
         <name>.text:_SCIA_RX_ISR</name>
         <load_address>0x8c94</load_address>
         <run_address>0x8c94</run_address>
         <size>0xa</size>
         <input_file_ref idref="fl-5"/>
      </object_component>
      <object_component id="oc-e9">
         <name>.text:_SCIA_TX_ISR</name>
         <load_address>0x8c9e</load_address>
         <run_address>0x8c9e</run_address>
         <size>0xa</size>
         <input_file_ref idref="fl-5"/>
      </object_component>
      <object_component id="oc-ea">
         <name>.text:_SCIB_RX_ISR</name>
         <load_address>0x8ca8</load_address>
         <run_address>0x8ca8</run_address>
         <size>0xa</size>
         <input_file_ref idref="fl-5"/>
      </object_component>
      <object_component id="oc-eb">
         <name>.text:_SCIB_TX_ISR</name>
         <load_address>0x8cb2</load_address>
         <run_address>0x8cb2</run_address>
         <size>0xa</size>
         <input_file_ref idref="fl-5"/>
      </object_component>
      <object_component id="oc-e4">
         <name>.text:_SCIC_RX_ISR</name>
         <load_address>0x8cbc</load_address>
         <run_address>0x8cbc</run_address>
         <size>0xa</size>
         <input_file_ref idref="fl-5"/>
      </object_component>
      <object_component id="oc-e5">
         <name>.text:_SCIC_TX_ISR</name>
         <load_address>0x8cc6</load_address>
         <run_address>0x8cc6</run_address>
         <size>0xa</size>
         <input_file_ref idref="fl-5"/>
      </object_component>
      <object_component id="oc-e6">
         <name>.text:_SCID_RX_ISR</name>
         <load_address>0x8cd0</load_address>
         <run_address>0x8cd0</run_address>
         <size>0xa</size>
         <input_file_ref idref="fl-5"/>
      </object_component>
      <object_component id="oc-e7">
         <name>.text:_SCID_TX_ISR</name>
         <load_address>0x8cda</load_address>
         <run_address>0x8cda</run_address>
         <size>0xa</size>
         <input_file_ref idref="fl-5"/>
      </object_component>
      <object_component id="oc-112">
         <name>.text:_SD1_ISR</name>
         <load_address>0x8ce4</load_address>
         <run_address>0x8ce4</run_address>
         <size>0xa</size>
         <input_file_ref idref="fl-5"/>
      </object_component>
      <object_component id="oc-113">
         <name>.text:_SD2_ISR</name>
         <load_address>0x8cee</load_address>
         <run_address>0x8cee</run_address>
         <size>0xa</size>
         <input_file_ref idref="fl-5"/>
      </object_component>
      <object_component id="oc-d2">
         <name>.text:_SPIA_RX_ISR</name>
         <load_address>0x8cf8</load_address>
         <run_address>0x8cf8</run_address>
         <size>0xa</size>
         <input_file_ref idref="fl-5"/>
      </object_component>
      <object_component id="oc-d3">
         <name>.text:_SPIA_TX_ISR</name>
         <load_address>0x8d02</load_address>
         <run_address>0x8d02</run_address>
         <size>0xa</size>
         <input_file_ref idref="fl-5"/>
      </object_component>
      <object_component id="oc-d4">
         <name>.text:_SPIB_RX_ISR</name>
         <load_address>0x8d0c</load_address>
         <run_address>0x8d0c</run_address>
         <size>0xa</size>
         <input_file_ref idref="fl-5"/>
      </object_component>
      <object_component id="oc-d5">
         <name>.text:_SPIB_TX_ISR</name>
         <load_address>0x8d16</load_address>
         <run_address>0x8d16</run_address>
         <size>0xa</size>
         <input_file_ref idref="fl-5"/>
      </object_component>
      <object_component id="oc-114">
         <name>.text:_SPIC_RX_ISR</name>
         <load_address>0x8d20</load_address>
         <run_address>0x8d20</run_address>
         <size>0xa</size>
         <input_file_ref idref="fl-5"/>
      </object_component>
      <object_component id="oc-115">
         <name>.text:_SPIC_TX_ISR</name>
         <load_address>0x8d2a</load_address>
         <run_address>0x8d2a</run_address>
         <size>0xa</size>
         <input_file_ref idref="fl-5"/>
      </object_component>
      <object_component id="oc-124">
         <name>.text:_SYS_PLL_SLIP_ISR</name>
         <load_address>0x8d34</load_address>
         <run_address>0x8d34</run_address>
         <size>0xa</size>
         <input_file_ref idref="fl-5"/>
      </object_component>
      <object_component id="oc-b7">
         <name>.text:_TIMER0_ISR</name>
         <load_address>0x8d3e</load_address>
         <run_address>0x8d3e</run_address>
         <size>0xa</size>
         <input_file_ref idref="fl-5"/>
      </object_component>
      <object_component id="oc-9e">
         <name>.text:_TIMER1_ISR</name>
         <load_address>0x8d48</load_address>
         <run_address>0x8d48</run_address>
         <size>0xa</size>
         <input_file_ref idref="fl-5"/>
      </object_component>
      <object_component id="oc-9f">
         <name>.text:_TIMER2_ISR</name>
         <load_address>0x8d52</load_address>
         <run_address>0x8d52</run_address>
         <size>0xa</size>
         <input_file_ref idref="fl-5"/>
      </object_component>
      <object_component id="oc-116">
         <name>.text:_UPPA_ISR</name>
         <load_address>0x8d5c</load_address>
         <run_address>0x8d5c</run_address>
         <size>0xa</size>
         <input_file_ref idref="fl-5"/>
      </object_component>
      <object_component id="oc-117">
         <name>.text:_USBA_ISR</name>
         <load_address>0x8d66</load_address>
         <run_address>0x8d66</run_address>
         <size>0xa</size>
         <input_file_ref idref="fl-5"/>
      </object_component>
      <object_component id="oc-ae">
         <name>.text:_USER10_ISR</name>
         <load_address>0x8d70</load_address>
         <run_address>0x8d70</run_address>
         <size>0xa</size>
         <input_file_ref idref="fl-5"/>
      </object_component>
      <object_component id="oc-af">
         <name>.text:_USER11_ISR</name>
         <load_address>0x8d7a</load_address>
         <run_address>0x8d7a</run_address>
         <size>0xa</size>
         <input_file_ref idref="fl-5"/>
      </object_component>
      <object_component id="oc-b0">
         <name>.text:_USER12_ISR</name>
         <load_address>0x8d84</load_address>
         <run_address>0x8d84</run_address>
         <size>0xa</size>
         <input_file_ref idref="fl-5"/>
      </object_component>
      <object_component id="oc-a5">
         <name>.text:_USER1_ISR</name>
         <load_address>0x8d8e</load_address>
         <run_address>0x8d8e</run_address>
         <size>0xa</size>
         <input_file_ref idref="fl-5"/>
      </object_component>
      <object_component id="oc-a6">
         <name>.text:_USER2_ISR</name>
         <load_address>0x8d98</load_address>
         <run_address>0x8d98</run_address>
         <size>0xa</size>
         <input_file_ref idref="fl-5"/>
      </object_component>
      <object_component id="oc-a7">
         <name>.text:_USER3_ISR</name>
         <load_address>0x8da2</load_address>
         <run_address>0x8da2</run_address>
         <size>0xa</size>
         <input_file_ref idref="fl-5"/>
      </object_component>
      <object_component id="oc-a8">
         <name>.text:_USER4_ISR</name>
         <load_address>0x8dac</load_address>
         <run_address>0x8dac</run_address>
         <size>0xa</size>
         <input_file_ref idref="fl-5"/>
      </object_component>
      <object_component id="oc-a9">
         <name>.text:_USER5_ISR</name>
         <load_address>0x8db6</load_address>
         <run_address>0x8db6</run_address>
         <size>0xa</size>
         <input_file_ref idref="fl-5"/>
      </object_component>
      <object_component id="oc-aa">
         <name>.text:_USER6_ISR</name>
         <load_address>0x8dc0</load_address>
         <run_address>0x8dc0</run_address>
         <size>0xa</size>
         <input_file_ref idref="fl-5"/>
      </object_component>
      <object_component id="oc-ab">
         <name>.text:_USER7_ISR</name>
         <load_address>0x8dca</load_address>
         <run_address>0x8dca</run_address>
         <size>0xa</size>
         <input_file_ref idref="fl-5"/>
      </object_component>
      <object_component id="oc-ac">
         <name>.text:_USER8_ISR</name>
         <load_address>0x8dd4</load_address>
         <run_address>0x8dd4</run_address>
         <size>0xa</size>
         <input_file_ref idref="fl-5"/>
      </object_component>
      <object_component id="oc-ad">
         <name>.text:_USER9_ISR</name>
         <load_address>0x8dde</load_address>
         <run_address>0x8dde</run_address>
         <size>0xa</size>
         <input_file_ref idref="fl-5"/>
      </object_component>
      <object_component id="oc-103">
         <name>.text:_VCU_ISR</name>
         <load_address>0x8de8</load_address>
         <run_address>0x8de8</run_address>
         <size>0xa</size>
         <input_file_ref idref="fl-5"/>
      </object_component>
      <object_component id="oc-b8">
         <name>.text:_WAKE_ISR</name>
         <load_address>0x8df2</load_address>
         <run_address>0x8df2</run_address>
         <size>0xa</size>
         <input_file_ref idref="fl-5"/>
      </object_component>
      <object_component id="oc-b4">
         <name>.text:_XINT1_ISR</name>
         <load_address>0x8dfc</load_address>
         <run_address>0x8dfc</run_address>
         <size>0xa</size>
         <input_file_ref idref="fl-5"/>
      </object_component>
      <object_component id="oc-b5">
         <name>.text:_XINT2_ISR</name>
         <load_address>0x8e06</load_address>
         <run_address>0x8e06</run_address>
         <size>0xa</size>
         <input_file_ref idref="fl-5"/>
      </object_component>
      <object_component id="oc-100">
         <name>.text:_XINT3_ISR</name>
         <load_address>0x8e10</load_address>
         <run_address>0x8e10</run_address>
         <size>0xa</size>
         <input_file_ref idref="fl-5"/>
      </object_component>
      <object_component id="oc-101">
         <name>.text:_XINT4_ISR</name>
         <load_address>0x8e1a</load_address>
         <run_address>0x8e1a</run_address>
         <size>0xa</size>
         <input_file_ref idref="fl-5"/>
      </object_component>
      <object_component id="oc-102">
         <name>.text:_XINT5_ISR</name>
         <load_address>0x8e24</load_address>
         <run_address>0x8e24</run_address>
         <size>0xa</size>
         <input_file_ref idref="fl-5"/>
      </object_component>
      <object_component id="oc-232">
         <name>.text:_sine_1ch_f32_tmu_sync</name>
         <load_address>0x8e2e</load_address>
         <run_address>0x8e2e</run_address>
         <size>0xa</size>
         <input_file_ref idref="fl-f"/>
      </object_component>
      <object_component id="oc-233">
         <name>.text</name>
         <load_address>0x8e38</load_address>
         <run_address>0x8e38</run_address>
         <size>0x9</size>
         <input_file_ref idref="fl-2c"/>
      </object_component>
      <object_component id="oc-92">
         <name>.text</name>
         <load_address>0x8e41</load_address>
         <run_address>0x8e41</run_address>
         <size>0x8</size>
         <input_file_ref idref="fl-3"/>
      </object_component>
      <object_component id="oc-225">
         <name>.cinit:_sgen1chf</name>
         <load_address>0xb000</load_address>
         <run_address>0xb000</run_address>
         <size>0x17</size>
         <input_file_ref idref="fl-e"/>
      </object_component>
      <object_component id="oc-1ce">
         <name>.cinit</name>
         <load_address>0xb017</load_address>
         <run_address>0xb017</run_address>
         <size>0xf</size>
         <input_file_ref idref="fl-10"/>
      </object_component>
      <object_component id="oc-207">
         <name>.cinit</name>
         <load_address>0xb026</load_address>
         <run_address>0xb026</run_address>
         <size>0xe</size>
         <input_file_ref idref="fl-2b"/>
      </object_component>
      <object_component id="oc-229">
         <name>.cinit:__lock</name>
         <load_address>0xb034</load_address>
         <run_address>0xb034</run_address>
         <size>0x5</size>
         <input_file_ref idref="fl-2c"/>
      </object_component>
      <object_component id="oc-234">
         <name>.cinit:__unlock</name>
         <load_address>0xb039</load_address>
         <run_address>0xb039</run_address>
         <size>0x5</size>
         <input_file_ref idref="fl-2c"/>
      </object_component>
      <object_component id="oc-1e3">
         <name>.reset</name>
         <load_address>0x3fffc0</load_address>
         <run_address>0x3fffc0</run_address>
         <size>0x2</size>
         <input_file_ref idref="fl-24"/>
      </object_component>
      <object_component id="oc-1e2">
         <name>.stack</name>
         <uninitialized>true</uninitialized>
         <run_address>0x400</run_address>
         <size>0x0</size>
         <input_file_ref idref="fl-24"/>
      </object_component>
      <object_component id="oc-2d7">
         <name>.stack</name>
         <uninitialized>true</uninitialized>
         <run_address>0x400</run_address>
         <size>0x0</size>
      </object_component>
      <object_component id="oc-223">
         <name>.ebss:_CpuTimer0</name>
         <uninitialized>true</uninitialized>
         <run_address>0x17826</run_address>
         <size>0x8</size>
         <input_file_ref idref="fl-4"/>
      </object_component>
      <object_component id="oc-23c">
         <name>.ebss:_CpuTimer1</name>
         <uninitialized>true</uninitialized>
         <run_address>0x1782e</run_address>
         <size>0x8</size>
         <input_file_ref idref="fl-4"/>
      </object_component>
      <object_component id="oc-23d">
         <name>.ebss:_CpuTimer2</name>
         <uninitialized>true</uninitialized>
         <run_address>0x17836</run_address>
         <size>0x8</size>
         <input_file_ref idref="fl-4"/>
      </object_component>
      <object_component id="oc-1c1">
         <name>.ebss</name>
         <uninitialized>true</uninitialized>
         <run_address>0x17814</run_address>
         <size>0x12</size>
         <input_file_ref idref="fl-e"/>
      </object_component>
      <object_component id="oc-224">
         <name>.ebss:_sgen1chf</name>
         <uninitialized>true</uninitialized>
         <run_address>0x17800</run_address>
         <size>0x14</size>
         <input_file_ref idref="fl-e"/>
      </object_component>
      <object_component id="oc-221">
         <name>.ebss:_Buffer_A0</name>
         <uninitialized>true</uninitialized>
         <run_address>0x17000</run_address>
         <size>0x400</size>
         <input_file_ref idref="fl-e"/>
      </object_component>
      <object_component id="oc-222">
         <name>.ebss:_Buffer_A1</name>
         <uninitialized>true</uninitialized>
         <run_address>0x17400</run_address>
         <size>0x400</size>
         <input_file_ref idref="fl-e"/>
      </object_component>
      <object_component id="oc-1cf">
         <name>.ebss</name>
         <uninitialized>true</uninitialized>
         <run_address>0x17840</run_address>
         <size>0x6</size>
         <input_file_ref idref="fl-10"/>
      </object_component>
      <object_component id="oc-208">
         <name>.ebss</name>
         <uninitialized>true</uninitialized>
         <run_address>0x17846</run_address>
         <size>0x6</size>
         <input_file_ref idref="fl-2b"/>
      </object_component>
      <object_component id="oc-228">
         <name>.ebss:__lock</name>
         <uninitialized>true</uninitialized>
         <run_address>0x1783e</run_address>
         <size>0x2</size>
         <input_file_ref idref="fl-2c"/>
      </object_component>
      <object_component id="oc-23e">
         <name>.ebss:__unlock</name>
         <uninitialized>true</uninitialized>
         <run_address>0x1784c</run_address>
         <size>0x2</size>
         <input_file_ref idref="fl-2c"/>
      </object_component>
      <object_component id="oc-23a">
         <name>.econst:_PieVectTableInit</name>
         <load_address>0xa800</load_address>
         <run_address>0xa800</run_address>
         <size>0x1c0</size>
         <input_file_ref idref="fl-b"/>
      </object_component>
      <object_component id="oc-1dd">
         <name>.econst:.string</name>
         <load_address>0xa9c0</load_address>
         <run_address>0xa9c0</run_address>
         <size>0xc2</size>
         <input_file_ref idref="fl-18"/>
      </object_component>
      <object_component id="oc-1d6">
         <name>.econst:.string</name>
         <load_address>0xaa82</load_address>
         <run_address>0xaa82</run_address>
         <size>0xbc</size>
         <input_file_ref idref="fl-17"/>
      </object_component>
      <object_component id="oc-1d0">
         <name>.econst:.string</name>
         <load_address>0xab3e</load_address>
         <run_address>0xab3e</run_address>
         <size>0x13</size>
         <input_file_ref idref="fl-10"/>
      </object_component>
      <object_component id="oc-1bb">
         <name>.TI.ramfunc</name>
         <load_address>0xb040</load_address>
         <run_address>0xb040</run_address>
         <size>0x4</size>
         <input_file_ref idref="fl-d"/>
      </object_component>
      <object_component id="oc-1dc">
         <name>.TI.ramfunc</name>
         <load_address>0xb044</load_address>
         <run_address>0xb044</run_address>
         <size>0x4</size>
         <input_file_ref idref="fl-18"/>
      </object_component>
      <object_component id="oc-1a0">
         <name>PieVectTableFile</name>
         <uninitialized>true</uninitialized>
         <run_address>0xd00</run_address>
         <size>0x1c0</size>
         <input_file_ref idref="fl-7"/>
      </object_component>
      <object_component id="oc-170">
         <name>AccessProtectionRegsFile</name>
         <uninitialized>true</uninitialized>
         <run_address>0x5f4c0</run_address>
         <size>0x2e</size>
         <input_file_ref idref="fl-7"/>
      </object_component>
      <object_component id="oc-185">
         <name>AdcaRegsFile</name>
         <uninitialized>true</uninitialized>
         <run_address>0x7400</run_address>
         <size>0x7c</size>
         <input_file_ref idref="fl-7"/>
      </object_component>
      <object_component id="oc-186">
         <name>AdcbRegsFile</name>
         <uninitialized>true</uninitialized>
         <run_address>0x7480</run_address>
         <size>0x7c</size>
         <input_file_ref idref="fl-7"/>
      </object_component>
      <object_component id="oc-187">
         <name>AdccRegsFile</name>
         <uninitialized>true</uninitialized>
         <run_address>0x7500</run_address>
         <size>0x7c</size>
         <input_file_ref idref="fl-7"/>
      </object_component>
      <object_component id="oc-188">
         <name>AdcdRegsFile</name>
         <uninitialized>true</uninitialized>
         <run_address>0x7580</run_address>
         <size>0x7c</size>
         <input_file_ref idref="fl-7"/>
      </object_component>
      <object_component id="oc-14d">
         <name>AdcaResultRegsFile</name>
         <uninitialized>true</uninitialized>
         <run_address>0xb00</run_address>
         <size>0x18</size>
         <input_file_ref idref="fl-7"/>
      </object_component>
      <object_component id="oc-14e">
         <name>AdcbResultRegsFile</name>
         <uninitialized>true</uninitialized>
         <run_address>0xb20</run_address>
         <size>0x18</size>
         <input_file_ref idref="fl-7"/>
      </object_component>
      <object_component id="oc-14f">
         <name>AdccResultRegsFile</name>
         <uninitialized>true</uninitialized>
         <run_address>0xb40</run_address>
         <size>0x18</size>
         <input_file_ref idref="fl-7"/>
      </object_component>
      <object_component id="oc-150">
         <name>AdcdResultRegsFile</name>
         <uninitialized>true</uninitialized>
         <run_address>0xb60</run_address>
         <size>0x18</size>
         <input_file_ref idref="fl-7"/>
      </object_component>
      <object_component id="oc-174">
         <name>AnalogSubsysRegsFile</name>
         <uninitialized>true</uninitialized>
         <run_address>0x5d180</run_address>
         <size>0x3e</size>
         <input_file_ref idref="fl-7"/>
      </object_component>
      <object_component id="oc-19c">
         <name>CanaRegsFile</name>
         <uninitialized>true</uninitialized>
         <run_address>0x48000</run_address>
         <size>0x164</size>
         <input_file_ref idref="fl-7"/>
      </object_component>
      <object_component id="oc-19d">
         <name>CanbRegsFile</name>
         <uninitialized>true</uninitialized>
         <run_address>0x4a000</run_address>
         <size>0x164</size>
         <input_file_ref idref="fl-7"/>
      </object_component>
      <object_component id="oc-175">
         <name>Cla1RegsFile</name>
         <uninitialized>true</uninitialized>
         <run_address>0x1400</run_address>
         <size>0x3e</size>
         <input_file_ref idref="fl-7"/>
      </object_component>
      <object_component id="oc-197">
         <name>Clb1DataExchRegsFile</name>
         <uninitialized>true</uninitialized>
         <run_address>0x3200</run_address>
         <size>0x108</size>
         <input_file_ref idref="fl-7"/>
      </object_component>
      <object_component id="oc-198">
         <name>Clb2DataExchRegsFile</name>
         <uninitialized>true</uninitialized>
         <run_address>0x3600</run_address>
         <size>0x108</size>
         <input_file_ref idref="fl-7"/>
      </object_component>
      <object_component id="oc-199">
         <name>Clb3DataExchRegsFile</name>
         <uninitialized>true</uninitialized>
         <run_address>0x3a00</run_address>
         <size>0x108</size>
         <input_file_ref idref="fl-7"/>
      </object_component>
      <object_component id="oc-19a">
         <name>Clb4DataExchRegsFile</name>
         <uninitialized>true</uninitialized>
         <run_address>0x3e00</run_address>
         <size>0x108</size>
         <input_file_ref idref="fl-7"/>
      </object_component>
      <object_component id="oc-176">
         <name>Clb1LogicCfgRegsFile</name>
         <uninitialized>true</uninitialized>
         <run_address>0x3000</run_address>
         <size>0x3e</size>
         <input_file_ref idref="fl-7"/>
      </object_component>
      <object_component id="oc-177">
         <name>Clb2LogicCfgRegsFile</name>
         <uninitialized>true</uninitialized>
         <run_address>0x3400</run_address>
         <size>0x3e</size>
         <input_file_ref idref="fl-7"/>
      </object_component>
      <object_component id="oc-178">
         <name>Clb3LogicCfgRegsFile</name>
         <uninitialized>true</uninitialized>
         <run_address>0x3800</run_address>
         <size>0x3e</size>
         <input_file_ref idref="fl-7"/>
      </object_component>
      <object_component id="oc-179">
         <name>Clb4LogicCfgRegsFile</name>
         <uninitialized>true</uninitialized>
         <run_address>0x3c00</run_address>
         <size>0x3e</size>
         <input_file_ref idref="fl-7"/>
      </object_component>
      <object_component id="oc-17a">
         <name>Clb1LogicCtrlRegsFile</name>
         <uninitialized>true</uninitialized>
         <run_address>0x3100</run_address>
         <size>0x40</size>
         <input_file_ref idref="fl-7"/>
      </object_component>
      <object_component id="oc-17b">
         <name>Clb2LogicCtrlRegsFile</name>
         <uninitialized>true</uninitialized>
         <run_address>0x3500</run_address>
         <size>0x40</size>
         <input_file_ref idref="fl-7"/>
      </object_component>
      <object_component id="oc-17c">
         <name>Clb3LogicCtrlRegsFile</name>
         <uninitialized>true</uninitialized>
         <run_address>0x3900</run_address>
         <size>0x40</size>
         <input_file_ref idref="fl-7"/>
      </object_component>
      <object_component id="oc-17d">
         <name>Clb4LogicCtrlRegsFile</name>
         <uninitialized>true</uninitialized>
         <run_address>0x3d00</run_address>
         <size>0x40</size>
         <input_file_ref idref="fl-7"/>
      </object_component>
      <object_component id="oc-17e">
         <name>ClbXbarRegsFile</name>
         <uninitialized>true</uninitialized>
         <run_address>0x7a40</run_address>
         <size>0x40</size>
         <input_file_ref idref="fl-7"/>
      </object_component>
      <object_component id="oc-172">
         <name>ClkCfgRegsFile</name>
         <uninitialized>true</uninitialized>
         <run_address>0x5d200</run_address>
         <size>0x32</size>
         <input_file_ref idref="fl-7"/>
      </object_component>
      <object_component id="oc-159">
         <name>Cmpss1RegsFile</name>
         <uninitialized>true</uninitialized>
         <run_address>0x5c80</run_address>
         <size>0x1b</size>
         <input_file_ref idref="fl-7"/>
      </object_component>
      <object_component id="oc-15a">
         <name>Cmpss2RegsFile</name>
         <uninitialized>true</uninitialized>
         <run_address>0x5ca0</run_address>
         <size>0x1b</size>
         <input_file_ref idref="fl-7"/>
      </object_component>
      <object_component id="oc-15b">
         <name>Cmpss3RegsFile</name>
         <uninitialized>true</uninitialized>
         <run_address>0x5cc0</run_address>
         <size>0x1b</size>
         <input_file_ref idref="fl-7"/>
      </object_component>
      <object_component id="oc-15c">
         <name>Cmpss4RegsFile</name>
         <uninitialized>true</uninitialized>
         <run_address>0x5ce0</run_address>
         <size>0x1b</size>
         <input_file_ref idref="fl-7"/>
      </object_component>
      <object_component id="oc-15d">
         <name>Cmpss5RegsFile</name>
         <uninitialized>true</uninitialized>
         <run_address>0x5d00</run_address>
         <size>0x1b</size>
         <input_file_ref idref="fl-7"/>
      </object_component>
      <object_component id="oc-15e">
         <name>Cmpss6RegsFile</name>
         <uninitialized>true</uninitialized>
         <run_address>0x5d20</run_address>
         <size>0x1b</size>
         <input_file_ref idref="fl-7"/>
      </object_component>
      <object_component id="oc-15f">
         <name>Cmpss7RegsFile</name>
         <uninitialized>true</uninitialized>
         <run_address>0x5d40</run_address>
         <size>0x1b</size>
         <input_file_ref idref="fl-7"/>
      </object_component>
      <object_component id="oc-160">
         <name>Cmpss8RegsFile</name>
         <uninitialized>true</uninitialized>
         <run_address>0x5d60</run_address>
         <size>0x1b</size>
         <input_file_ref idref="fl-7"/>
      </object_component>
      <object_component id="oc-13e">
         <name>CpuTimer0RegsFile</name>
         <uninitialized>true</uninitialized>
         <run_address>0xc00</run_address>
         <size>0x8</size>
         <input_file_ref idref="fl-7"/>
      </object_component>
      <object_component id="oc-13f">
         <name>CpuTimer1RegsFile</name>
         <uninitialized>true</uninitialized>
         <run_address>0xc08</run_address>
         <size>0x8</size>
         <input_file_ref idref="fl-7"/>
      </object_component>
      <object_component id="oc-140">
         <name>CpuTimer2RegsFile</name>
         <uninitialized>true</uninitialized>
         <run_address>0xc10</run_address>
         <size>0x8</size>
         <input_file_ref idref="fl-7"/>
      </object_component>
      <object_component id="oc-189">
         <name>CpuSysRegsFile</name>
         <uninitialized>true</uninitialized>
         <run_address>0x5d300</run_address>
         <size>0x82</size>
         <input_file_ref idref="fl-7"/>
      </object_component>
      <object_component id="oc-13a">
         <name>DacaRegsFile</name>
         <uninitialized>true</uninitialized>
         <run_address>0x5c00</run_address>
         <size>0x7</size>
         <input_file_ref idref="fl-7"/>
      </object_component>
      <object_component id="oc-13b">
         <name>DacbRegsFile</name>
         <uninitialized>true</uninitialized>
         <run_address>0x5c10</run_address>
         <size>0x7</size>
         <input_file_ref idref="fl-7"/>
      </object_component>
      <object_component id="oc-13c">
         <name>DaccRegsFile</name>
         <uninitialized>true</uninitialized>
         <run_address>0x5c20</run_address>
         <size>0x7</size>
         <input_file_ref idref="fl-7"/>
      </object_component>
      <object_component id="oc-138">
         <name>DcsmCommonRegsFile</name>
         <uninitialized>true</uninitialized>
         <run_address>0x5f070</run_address>
         <size>0x6</size>
         <input_file_ref idref="fl-7"/>
      </object_component>
      <object_component id="oc-162">
         <name>DcsmZ1RegsFile</name>
         <uninitialized>true</uninitialized>
         <run_address>0x5f000</run_address>
         <size>0x22</size>
         <input_file_ref idref="fl-7"/>
      </object_component>
      <object_component id="oc-163">
         <name>DcsmZ2RegsFile</name>
         <uninitialized>true</uninitialized>
         <run_address>0x5f040</run_address>
         <size>0x22</size>
         <input_file_ref idref="fl-7"/>
      </object_component>
      <object_component id="oc-19b">
         <name>DevCfgRegsFile</name>
         <uninitialized>true</uninitialized>
         <run_address>0x5d000</run_address>
         <size>0x12e</size>
         <input_file_ref idref="fl-7"/>
      </object_component>
      <object_component id="oc-151">
         <name>DmaClaSrcSelRegsFile</name>
         <uninitialized>true</uninitialized>
         <run_address>0x7980</run_address>
         <size>0x1a</size>
         <input_file_ref idref="fl-7"/>
      </object_component>
      <object_component id="oc-18a">
         <name>DmaRegsFile</name>
         <uninitialized>true</uninitialized>
         <run_address>0x1000</run_address>
         <size>0xe0</size>
         <input_file_ref idref="fl-7"/>
      </object_component>
      <object_component id="oc-152">
         <name>ECap1RegsFile</name>
         <uninitialized>true</uninitialized>
         <run_address>0x5000</run_address>
         <size>0x1a</size>
         <input_file_ref idref="fl-7"/>
      </object_component>
      <object_component id="oc-153">
         <name>ECap2RegsFile</name>
         <uninitialized>true</uninitialized>
         <run_address>0x5020</run_address>
         <size>0x1a</size>
         <input_file_ref idref="fl-7"/>
      </object_component>
      <object_component id="oc-154">
         <name>ECap3RegsFile</name>
         <uninitialized>true</uninitialized>
         <run_address>0x5040</run_address>
         <size>0x1a</size>
         <input_file_ref idref="fl-7"/>
      </object_component>
      <object_component id="oc-155">
         <name>ECap4RegsFile</name>
         <uninitialized>true</uninitialized>
         <run_address>0x5060</run_address>
         <size>0x1a</size>
         <input_file_ref idref="fl-7"/>
      </object_component>
      <object_component id="oc-156">
         <name>ECap5RegsFile</name>
         <uninitialized>true</uninitialized>
         <run_address>0x5080</run_address>
         <size>0x1a</size>
         <input_file_ref idref="fl-7"/>
      </object_component>
      <object_component id="oc-157">
         <name>ECap6RegsFile</name>
         <uninitialized>true</uninitialized>
         <run_address>0x50a0</run_address>
         <size>0x1a</size>
         <input_file_ref idref="fl-7"/>
      </object_component>
      <object_component id="oc-141">
         <name>Emif1ConfigRegsFile</name>
         <uninitialized>true</uninitialized>
         <run_address>0x5f480</run_address>
         <size>0xa</size>
         <input_file_ref idref="fl-7"/>
      </object_component>
      <object_component id="oc-142">
         <name>Emif2ConfigRegsFile</name>
         <uninitialized>true</uninitialized>
         <run_address>0x5f4a0</run_address>
         <size>0xa</size>
         <input_file_ref idref="fl-7"/>
      </object_component>
      <object_component id="oc-16c">
         <name>Emif1RegsFile</name>
         <uninitialized>true</uninitialized>
         <run_address>0x47000</run_address>
         <size>0x28</size>
         <input_file_ref idref="fl-7"/>
      </object_component>
      <object_component id="oc-16d">
         <name>Emif2RegsFile</name>
         <uninitialized>true</uninitialized>
         <run_address>0x47800</run_address>
         <size>0x28</size>
         <input_file_ref idref="fl-7"/>
      </object_component>
      <object_component id="oc-18b">
         <name>EPwm1RegsFile</name>
         <uninitialized>true</uninitialized>
         <run_address>0x4000</run_address>
         <size>0x100</size>
         <input_file_ref idref="fl-7"/>
      </object_component>
      <object_component id="oc-18c">
         <name>EPwm2RegsFile</name>
         <uninitialized>true</uninitialized>
         <run_address>0x4100</run_address>
         <size>0x100</size>
         <input_file_ref idref="fl-7"/>
      </object_component>
      <object_component id="oc-18d">
         <name>EPwm3RegsFile</name>
         <uninitialized>true</uninitialized>
         <run_address>0x4200</run_address>
         <size>0x100</size>
         <input_file_ref idref="fl-7"/>
      </object_component>
      <object_component id="oc-18e">
         <name>EPwm4RegsFile</name>
         <uninitialized>true</uninitialized>
         <run_address>0x4300</run_address>
         <size>0x100</size>
         <input_file_ref idref="fl-7"/>
      </object_component>
      <object_component id="oc-18f">
         <name>EPwm5RegsFile</name>
         <uninitialized>true</uninitialized>
         <run_address>0x4400</run_address>
         <size>0x100</size>
         <input_file_ref idref="fl-7"/>
      </object_component>
      <object_component id="oc-190">
         <name>EPwm6RegsFile</name>
         <uninitialized>true</uninitialized>
         <run_address>0x4500</run_address>
         <size>0x100</size>
         <input_file_ref idref="fl-7"/>
      </object_component>
      <object_component id="oc-191">
         <name>EPwm7RegsFile</name>
         <uninitialized>true</uninitialized>
         <run_address>0x4600</run_address>
         <size>0x100</size>
         <input_file_ref idref="fl-7"/>
      </object_component>
      <object_component id="oc-192">
         <name>EPwm8RegsFile</name>
         <uninitialized>true</uninitialized>
         <run_address>0x4700</run_address>
         <size>0x100</size>
         <input_file_ref idref="fl-7"/>
      </object_component>
      <object_component id="oc-193">
         <name>EPwm9RegsFile</name>
         <uninitialized>true</uninitialized>
         <run_address>0x4800</run_address>
         <size>0x100</size>
         <input_file_ref idref="fl-7"/>
      </object_component>
      <object_component id="oc-194">
         <name>EPwm10RegsFile</name>
         <uninitialized>true</uninitialized>
         <run_address>0x4900</run_address>
         <size>0x100</size>
         <input_file_ref idref="fl-7"/>
      </object_component>
      <object_component id="oc-195">
         <name>EPwm11RegsFile</name>
         <uninitialized>true</uninitialized>
         <run_address>0x4a00</run_address>
         <size>0x100</size>
         <input_file_ref idref="fl-7"/>
      </object_component>
      <object_component id="oc-196">
         <name>EPwm12RegsFile</name>
         <uninitialized>true</uninitialized>
         <run_address>0x4b00</run_address>
         <size>0x100</size>
         <input_file_ref idref="fl-7"/>
      </object_component>
      <object_component id="oc-17f">
         <name>EPwmXbarRegsFile</name>
         <uninitialized>true</uninitialized>
         <run_address>0x7a00</run_address>
         <size>0x40</size>
         <input_file_ref idref="fl-7"/>
      </object_component>
      <object_component id="oc-164">
         <name>EQep1RegsFile</name>
         <uninitialized>true</uninitialized>
         <run_address>0x5100</run_address>
         <size>0x22</size>
         <input_file_ref idref="fl-7"/>
      </object_component>
      <object_component id="oc-165">
         <name>EQep2RegsFile</name>
         <uninitialized>true</uninitialized>
         <run_address>0x5140</run_address>
         <size>0x22</size>
         <input_file_ref idref="fl-7"/>
      </object_component>
      <object_component id="oc-166">
         <name>EQep3RegsFile</name>
         <uninitialized>true</uninitialized>
         <run_address>0x5180</run_address>
         <size>0x22</size>
         <input_file_ref idref="fl-7"/>
      </object_component>
      <object_component id="oc-19f">
         <name>Flash0CtrlRegsFile</name>
         <uninitialized>true</uninitialized>
         <run_address>0x5f800</run_address>
         <size>0x182</size>
         <input_file_ref idref="fl-7"/>
      </object_component>
      <object_component id="oc-16e">
         <name>Flash0EccRegsFile</name>
         <uninitialized>true</uninitialized>
         <run_address>0x5fb00</run_address>
         <size>0x28</size>
         <input_file_ref idref="fl-7"/>
      </object_component>
      <object_component id="oc-135">
         <name>FlashPumpSemaphoreRegsFile</name>
         <uninitialized>true</uninitialized>
         <run_address>0x50024</run_address>
         <size>0x2</size>
         <input_file_ref idref="fl-7"/>
      </object_component>
      <object_component id="oc-19e">
         <name>GpioCtrlRegsFile</name>
         <uninitialized>true</uninitialized>
         <run_address>0x7c00</run_address>
         <size>0x180</size>
         <input_file_ref idref="fl-7"/>
      </object_component>
      <object_component id="oc-171">
         <name>GpioDataRegsFile</name>
         <uninitialized>true</uninitialized>
         <run_address>0x7f00</run_address>
         <size>0x30</size>
         <input_file_ref idref="fl-7"/>
      </object_component>
      <object_component id="oc-167">
         <name>I2caRegsFile</name>
         <uninitialized>true</uninitialized>
         <run_address>0x7300</run_address>
         <size>0x22</size>
         <input_file_ref idref="fl-7"/>
      </object_component>
      <object_component id="oc-168">
         <name>I2cbRegsFile</name>
         <uninitialized>true</uninitialized>
         <run_address>0x7340</run_address>
         <size>0x22</size>
         <input_file_ref idref="fl-7"/>
      </object_component>
      <object_component id="oc-161">
         <name>InputXbarRegsFile</name>
         <uninitialized>true</uninitialized>
         <run_address>0x7900</run_address>
         <size>0x20</size>
         <input_file_ref idref="fl-7"/>
      </object_component>
[...]
      <symbol id="sm-553">
         <name>_McbspbRegs</name>
         <value>0x6040</value>
         <object_component_ref idref="oc-16b"/>
      </symbol>
      <symbol id="sm-554">
         <name>_EPwm6Regs</name>
         <value>0x4500</value>
         <object_component_ref idref="oc-190"/>
      </symbol>
      <symbol id="sm-555">
         <name>_AdcaRegs</name>
         <value>0x7400</value>
         <object_component_ref idref="oc-185"/>
      </symbol>
      <symbol id="sm-556">
         <name>_SciaRegs</name>
         <value>0x7200</value>
         <object_component_ref idref="oc-145"/>
      </symbol>
      <symbol id="sm-557">
         <name>_EPwm11Regs</name>
         <value>0x4a00</value>
         <object_component_ref idref="oc-195"/>
      </symbol>
      <symbol id="sm-558">
         <name>_GpioDataRegs</name>
         <value>0x7f00</value>
         <object_component_ref idref="oc-171"/>
      </symbol>
      <symbol id="sm-559">
         <name>_Sdfm1Regs</name>
         <value>0x5e00</value>
         <object_component_ref idref="oc-181"/>
      </symbol>
      <symbol id="sm-55a">
         <name>_Cmpss2Regs</name>
         <value>0x5ca0</value>
         <object_component_ref idref="oc-15a"/>
      </symbol>
      <symbol id="sm-55b">
         <name>_Emif2Regs</name>
         <value>0x47800</value>
         <object_component_ref idref="oc-16d"/>
      </symbol>
      <symbol id="sm-55c">
         <name>_DcsmZ1Regs</name>
         <value>0x5f000</value>
         <object_component_ref idref="oc-162"/>
      </symbol>
      <symbol id="sm-55d">
         <name>_Flash0CtrlRegs</name>
         <value>0x5f800</value>
         <object_component_ref idref="oc-19f"/>
      </symbol>
      <symbol id="sm-55e">
         <name>_EPwm7Regs</name>
         <value>0x4600</value>
         <object_component_ref idref="oc-191"/>
      </symbol>
      <symbol id="sm-55f">
         <name>_SpicRegs</name>
         <value>0x6120</value>
         <object_component_ref idref="oc-14b"/>
      </symbol>
      <symbol id="sm-560">
         <name>_Clb4DataExchRegs</name>
         <value>0x3e00</value>
         <object_component_ref idref="oc-19a"/>
      </symbol>
      <symbol id="sm-561">
         <name>_EPwm10Regs</name>
         <value>0x4900</value>
         <object_component_ref idref="oc-194"/>
      </symbol>
      <symbol id="sm-562">
         <name>_CpuTimer2Regs</name>
         <value>0xc10</value>
         <object_component_ref idref="oc-140"/>
      </symbol>
      <symbol id="sm-563">
         <name>_Clb3LogicCfgRegs</name>
         <value>0x3800</value>
         <object_component_ref idref="oc-178"/>
      </symbol>
      <symbol id="sm-564">
         <name>_DmaClaSrcSelRegs</name>
         <value>0x7980</value>
         <object_component_ref idref="oc-151"/>
      </symbol>
      <symbol id="sm-565">
         <name>_AnalogSubsysRegs</name>
         <value>0x5d180</value>
         <object_component_ref idref="oc-174"/>
      </symbol>
      <symbol id="sm-566">
         <name>_Cmpss3Regs</name>
         <value>0x5cc0</value>
         <object_component_ref idref="oc-15b"/>
      </symbol>
      <symbol id="sm-567">
         <name>_DaccRegs</name>
         <value>0x5c20</value>
         <object_component_ref idref="oc-13c"/>
      </symbol>
      <symbol id="sm-568">
         <name>_PieCtrlRegs</name>
         <value>0xce0</value>
         <object_component_ref idref="oc-158"/>
      </symbol>
      <symbol id="sm-569">
         <name>_DevCfgRegs</name>
         <value>0x5d000</value>
         <object_component_ref idref="oc-19b"/>
      </symbol>
      <symbol id="sm-56a">
         <name>_SpibRegs</name>
         <value>0x6110</value>
         <object_component_ref idref="oc-14a"/>
      </symbol>
      <symbol id="sm-56b">
         <name>_Clb1LogicCtrlRegs</name>
         <value>0x3100</value>
         <object_component_ref idref="oc-17a"/>
      </symbol>
      <symbol id="sm-56c">
         <name>_AdccRegs</name>
         <value>0x7500</value>
         <object_component_ref idref="oc-187"/>
      </symbol>
      <symbol id="sm-56d">
         <name>_ScicRegs</name>
         <value>0x7220</value>
         <object_component_ref idref="oc-147"/>
      </symbol>
      <symbol id="sm-56e">
         <name>_ECap1Regs</name>
         <value>0x5000</value>
         <object_component_ref idref="oc-152"/>
      </symbol>
      <symbol id="sm-56f">
         <name>_OutputXbarRegs</name>
         <value>0x7a80</value>
         <object_component_ref idref="oc-180"/>
      </symbol>
      <symbol id="sm-570">
         <name>_MemoryErrorRegs</name>
         <value>0x5f500</value>
         <object_component_ref idref="oc-173"/>
      </symbol>
      <symbol id="sm-571">
         <name>_Cla1Regs</name>
         <value>0x1400</value>
         <object_component_ref idref="oc-175"/>
      </symbol>
      <symbol id="sm-572">
         <name>_EQep1Regs</name>
         <value>0x5100</value>
         <object_component_ref idref="oc-164"/>
      </symbol>
      <symbol id="sm-573">
         <name>_DacbRegs</name>
         <value>0x5c10</value>
         <object_component_ref idref="oc-13b"/>
      </symbol>
      <symbol id="sm-574">
         <name>_Clb2DataExchRegs</name>
         <value>0x3600</value>
         <object_component_ref idref="oc-198"/>
      </symbol>
      <symbol id="sm-575">
         <name>_Clb4LogicCfgRegs</name>
         <value>0x3c00</value>
         <object_component_ref idref="oc-179"/>
      </symbol>
      <symbol id="sm-576">
         <name>_UidRegs</name>
         <value>0x703c0</value>
         <object_component_ref idref="oc-14c"/>
      </symbol>
      <symbol id="sm-577">
         <name>_McbspaRegs</name>
         <value>0x6000</value>
         <object_component_ref idref="oc-16a"/>
      </symbol>
      <symbol id="sm-578">
         <name>_EPwm1Regs</name>
         <value>0x4000</value>
         <object_component_ref idref="oc-18b"/>
      </symbol>
      <symbol id="sm-579">
         <name>_Clb3LogicCtrlRegs</name>
         <value>0x3900</value>
         <object_component_ref idref="oc-17c"/>
      </symbol>
      <symbol id="sm-57a">
         <name>_AdcbRegs</name>
         <value>0x7480</value>
         <object_component_ref idref="oc-186"/>
      </symbol>
      <symbol id="sm-57b">
         <name>_ScibRegs</name>
         <value>0x7210</value>
         <object_component_ref idref="oc-146"/>
      </symbol>
      <symbol id="sm-57c">
         <name>_AdcaResultRegs</name>
         <value>0xb00</value>
         <object_component_ref idref="oc-14d"/>
      </symbol>
      <symbol id="sm-57d">
         <name>_ECap2Regs</name>
         <value>0x5020</value>
         <object_component_ref idref="oc-153"/>
      </symbol>
      <symbol id="sm-57e">
         <name>_EPwm12Regs</name>
         <value>0x4b00</value>
         <object_component_ref idref="oc-196"/>
      </symbol>
      <symbol id="sm-57f">
         <name>_AdcbResultRegs</name>
         <value>0xb20</value>
         <object_component_ref idref="oc-14e"/>
      </symbol>
      <symbol id="sm-580">
         <name>_Clb1LogicCfgRegs</name>
         <value>0x3000</value>
         <object_component_ref idref="oc-176"/>
      </symbol>
      <symbol id="sm-581">
         <name>_AdccResultRegs</name>
         <value>0xb40</value>
         <object_component_ref idref="oc-14f"/>
      </symbol>
      <symbol id="sm-582">
         <name>_Emif1ConfigRegs</name>
         <value>0x5f480</value>
         <object_component_ref idref="oc-141"/>
      </symbol>
      <symbol id="sm-583">
         <name>_Sdfm2Regs</name>
         <value>0x5e80</value>
         <object_component_ref idref="oc-182"/>
      </symbol>
      <symbol id="sm-584">
         <name>_AdcdResultRegs</name>
         <value>0xb60</value>
         <object_component_ref idref="oc-150"/>
      </symbol>
      <symbol id="sm-585">
         <name>_EQep2Regs</name>
         <value>0x5140</value>
         <object_component_ref idref="oc-165"/>
      </symbol>
      <symbol id="sm-586">
         <name>_Cmpss1Regs</name>
         <value>0x5c80</value>
         <object_component_ref idref="oc-159"/>
      </symbol>
      <symbol id="sm-587">
         <name>_EPwm8Regs</name>
         <value>0x4700</value>
         <object_component_ref idref="oc-192"/>
      </symbol>
      <symbol id="sm-588">
         <name>_Emif2ConfigRegs</name>
         <value>0x5f4a0</value>
         <object_component_ref idref="oc-142"/>
      </symbol>
      <symbol id="sm-589">
         <name>_DcsmCommonRegs</name>
         <value>0x5f070</value>
         <object_component_ref idref="oc-138"/>
      </symbol>
      <symbol id="sm-58a">
         <name>_EPwm2Regs</name>
         <value>0x4100</value>
         <object_component_ref idref="oc-18c"/>
      </symbol>
      <symbol id="sm-58b">
         <name>_ECap3Regs</name>
         <value>0x5040</value>
         <object_component_ref idref="oc-154"/>
      </symbol>
      <symbol id="sm-58c">
         <name>_Cmpss8Regs</name>
         <value>0x5d60</value>
         <object_component_ref idref="oc-160"/>
      </symbol>
      <symbol id="sm-58d">
         <name>_EQep3Regs</name>
         <value>0x5180</value>
         <object_component_ref idref="oc-166"/>
      </symbol>
      <symbol id="sm-58e">
         <name>_SyncSocRegs</name>
         <value>0x7940</value>
         <object_component_ref idref="oc-139"/>
      </symbol>
      <symbol id="sm-58f">
         <name>_EPwm9Regs</name>
         <value>0x4800</value>
         <object_component_ref idref="oc-193"/>
      </symbol>
      <symbol id="sm-590">
         <name>_NmiIntruptRegs</name>
         <value>0x7060</value>
         <object_component_ref idref="oc-13d"/>
      </symbol>
      <symbol id="sm-591">
         <name>_EPwm3Regs</name>
         <value>0x4200</value>
         <object_component_ref idref="oc-18d"/>
      </symbol>
      <symbol id="sm-592">
         <name>_I2caRegs</name>
         <value>0x7300</value>
         <object_component_ref idref="oc-167"/>
      </symbol>
      <symbol id="sm-5a4">
         <name>_GPIO_EnableUnbondedIOPullupsFor176Pin</name>
         <value>0x8800</value>
         <object_component_ref idref="oc-240"/>
      </symbol>
      <symbol id="sm-5a6">
         <name>_GPIO_EnableUnbondedIOPullups</name>
         <value>0x8831</value>
         <object_component_ref idref="oc-236"/>
      </symbol>
      <symbol id="sm-5a8">
         <name>_GPIO_EnableUnbondedIOPullupsFor100Pin</name>
         <value>0x871d</value>
         <object_component_ref idref="oc-23f"/>
      </symbol>
      <symbol id="sm-5be">
         <name>_InitPieCtrl</name>
         <value>0x8786</value>
         <object_component_ref idref="oc-22c"/>
      </symbol>
      <symbol id="sm-5cf">
         <name>_PieVectTableInit</name>
         <value>0xa800</value>
         <object_component_ref idref="oc-23a"/>
      </symbol>
      <symbol id="sm-5d0">
         <name>_InitPieVectTable</name>
         <value>0x86f7</value>
         <object_component_ref idref="oc-22d"/>
      </symbol>
      <symbol id="sm-60d">
         <name>_InitSysPll</name>
         <value>0x8000</value>
         <object_component_ref idref="oc-238"/>
      </symbol>
      <symbol id="sm-60f">
         <name>_DisableDog</name>
         <value>0x888d</value>
         <object_component_ref idref="oc-235"/>
      </symbol>
      <symbol id="sm-611">
         <name>_SysIntOsc2Sel</name>
         <value>0x8847</value>
         <object_component_ref idref="oc-242"/>
      </symbol>
      <symbol id="sm-613">
         <name>_InitPeripheralClocks</name>
         <value>0x832c</value>
         <object_component_ref idref="oc-239"/>
      </symbol>
      <symbol id="sm-615">
         <name>_SysXtalOscSel</name>
         <value>0x887d</value>
         <object_component_ref idref="oc-243"/>
      </symbol>
      <symbol id="sm-617">
         <name>_ConfigureTMXAnalogTrim</name>
         <value>0x87a5</value>
         <object_component_ref idref="oc-237"/>
      </symbol>
      <symbol id="sm-619">
         <name>_SysIntOsc1Sel</name>
         <value>0x886d</value>
         <object_component_ref idref="oc-241"/>
      </symbol>
      <symbol id="sm-61b">
         <name>_ServiceDog</name>
         <value>0x889b</value>
         <object_component_ref idref="oc-244"/>
      </symbol>
      <symbol id="sm-61d">
         <name>_InitSysCtrl</name>
         <value>0x8766</value>
         <object_component_ref idref="oc-22b"/>
      </symbol>
      <symbol id="sm-62a">
         <name>_F28x_usDelay</name>
         <value>0xb040</value>
         <object_component_ref idref="oc-1bb"/>
      </symbol>
      <symbol id="sm-64d">
         <name>_AdcaIsr</name>
         <value>0x861e</value>
         <object_component_ref idref="oc-1c2"/>
      </symbol>
      <symbol id="sm-64f">
         <name>_main</name>
         <value>0x8434</value>
         <object_component_ref idref="oc-227"/>
      </symbol>
      <symbol id="sm-651">
         <name>_AdcPpbIsrTicker</name>
         <value>0x17820</value>
         <object_component_ref idref="oc-1c1"/>
      </symbol>
      <symbol id="sm-652">
         <name>_BackTickerCpu1</name>
         <value>0x17818</value>
         <object_component_ref idref="oc-1c1"/>
      </symbol>
      <symbol id="sm-653">
         <name>_Buffer_A0</name>
         <value>0x17000</value>
         <object_component_ref idref="oc-221"/>
      </symbol>
      <symbol id="sm-654">
         <name>_Buffer_A1</name>
         <value>0x17400</value>
         <object_component_ref idref="oc-222"/>
      </symbol>
      <symbol id="sm-655">
         <name>_BufferPointer</name>
         <value>0x17816</value>
         <object_component_ref idref="oc-1c1"/>
      </symbol>
      <symbol id="sm-656">
         <name>_Xint1IsrTicker</name>
         <value>0x1781a</value>
         <object_component_ref idref="oc-1c1"/>
      </symbol>
      <symbol id="sm-657">
         <name>_CpuTimer0_ISR</name>
         <value>0x851d</value>
         <object_component_ref idref="oc-1c3"/>
      </symbol>
      <symbol id="sm-659">
         <name>_AdcPpbTripLow</name>
         <value>0x17824</value>
         <object_component_ref idref="oc-1c1"/>
      </symbol>
      <symbol id="sm-65a">
         <name>_InitAdcaModule</name>
         <value>0x84b7</value>
         <object_component_ref idref="oc-22f"/>
      </symbol>
      <symbol id="sm-65c">
         <name>_SineOutFrequency</name>
         <value>0x1781c</value>
         <object_component_ref idref="oc-1c1"/>
      </symbol>
      <symbol id="sm-65d">
         <name>_InitDacaModule</name>
         <value>0x87df</value>
         <object_component_ref idref="oc-22e"/>
      </symbol>
      <symbol id="sm-65f">
         <name>_AdcIsrTicker</name>
         <value>0x1781e</value>
         <object_component_ref idref="oc-1c1"/>
      </symbol>
      <symbol id="sm-660">
         <name>_AdcResultA0</name>
         <value>0x17814</value>
         <object_component_ref idref="oc-1c1"/>
      </symbol>
      <symbol id="sm-661">
         <name>_AdcResultA1</name>
         <value>0x17815</value>
         <object_component_ref idref="oc-1c1"/>
      </symbol>
      <symbol id="sm-662">
         <name>_AdcPpbTripHigh</name>
         <value>0x17822</value>
         <object_component_ref idref="oc-1c1"/>
      </symbol>
      <symbol id="sm-663">
         <name>_sgen1chf</name>
         <value>0x17800</value>
         <object_component_ref idref="oc-224"/>
      </symbol>
      <symbol id="sm-677">
         <name>_sine_1ch_f32_tmu_calc</name>
         <value>0x83b0</value>
         <object_component_ref idref="oc-22a"/>
      </symbol>
      <symbol id="sm-679">
         <name>_sine_1ch_f32_tmu_sync</name>
         <value>0x8e2e</value>
         <object_component_ref idref="oc-232"/>
      </symbol>
      <symbol id="sm-68b">
         <name>_Example_Fail</name>
         <value>0x17844</value>
         <object_component_ref idref="oc-1cf"/>
      </symbol>
      <symbol id="sm-68c">
         <name>_Example_Result</name>
         <value>0x17840</value>
         <object_component_ref idref="oc-1cf"/>
      </symbol>
      <symbol id="sm-68d">
         <name>_Example_PassCount</name>
         <value>0x17842</value>
         <object_component_ref idref="oc-1cf"/>
      </symbol>
      <symbol id="sm-6aa">
         <name>_SysCtl_delay</name>
         <value>0xb044</value>
         <object_component_ref idref="oc-1dc"/>
      </symbol>
      <symbol id="sm-6c5">
         <name>_c_int00</name>
         <value>0x8581</value>
         <object_component_ref idref="oc-8c"/>
      </symbol>
      <symbol id="sm-6c6">
         <name>__stack</name>
         <value>0x400</value>
         <object_component_ref idref="oc-1e2"/>
      </symbol>
      <symbol id="sm-6d7">
         <name>FS$$DIV</name>
         <value>0x82a4</value>
         <object_component_ref idref="oc-1e8"/>
      </symbol>
      <symbol id="sm-6e3">
         <name>LL$$AND</name>
         <value>0x8819</value>
         <object_component_ref idref="oc-1ed"/>
      </symbol>
      <symbol id="sm-6e4">
         <name>LL$$OR</name>
         <value>0x8821</value>
         <object_component_ref idref="oc-1ed"/>
      </symbol>
      <symbol id="sm-6e5">
         <name>LL$$XOR</name>
         <value>0x8829</value>
         <object_component_ref idref="oc-1ed"/>
      </symbol>
      <symbol id="sm-6f4">
         <name>_copy_in</name>
         <value>0x8742</value>
         <object_component_ref idref="oc-21d"/>
      </symbol>
      <symbol id="sm-706">
         <name>_memcpy</name>
         <value>0x87c2</value>
         <object_component_ref idref="oc-226"/>
      </symbol>
      <symbol id="sm-713">
         <name>__system_pre_init</name>
         <value>0x87fa</value>
         <object_component_ref idref="oc-21c"/>
      </symbol>
      <symbol id="sm-721">
         <name>__system_post_cinit</name>
         <value>0x87fc</value>
         <object_component_ref idref="oc-21e"/>
      </symbol>
      <symbol id="sm-736">
         <name>C$$EXIT</name>
         <value>0x86ce</value>
         <object_component_ref idref="oc-220"/>
      </symbol>
      <symbol id="sm-737">
         <name>_exit</name>
         <value>0x86d0</value>
         <object_component_ref idref="oc-220"/>
      </symbol>
      <symbol id="sm-739">
         <name>___TI_cleanup_ptr</name>
         <value>0x17848</value>
         <object_component_ref idref="oc-208"/>
      </symbol>
      <symbol id="sm-73a">
         <name>___TI_enable_exit_profile_output</name>
         <value>0x17846</value>
         <object_component_ref idref="oc-208"/>
      </symbol>
      <symbol id="sm-73b">
         <name>_abort</name>
         <value>0x86ce</value>
         <object_component_ref idref="oc-220"/>
      </symbol>
      <symbol id="sm-73d">
         <name>___TI_dtors_ptr</name>
         <value>0x1784a</value>
         <object_component_ref idref="oc-208"/>
      </symbol>
      <symbol id="sm-751">
         <name>__unlock</name>
         <value>0x1784c</value>
         <object_component_ref idref="oc-23e"/>
      </symbol>
      <symbol id="sm-752">
         <name>__lock</name>
         <value>0x1783e</value>
         <object_component_ref idref="oc-228"/>
      </symbol>
      <symbol id="sm-753">
         <name>__register_lock</name>
         <value>0x8e3c</value>
         <object_component_ref idref="oc-233"/>
      </symbol>
      <symbol id="sm-755">
         <name>__nop</name>
         <value>0x8e40</value>
         <object_component_ref idref="oc-233"/>
      </symbol>
      <symbol id="sm-757">
         <name>__register_unlock</name>
         <value>0x8e38</value>
         <object_component_ref idref="oc-233"/>
      </symbol>
      <symbol id="sm-767">
         <name>__args_main</name>
         <value>0x885b</value>
         <object_component_ref idref="oc-21f"/>
      </symbol>
   </symbol_table>
   <title>Link successful</title>
</link_info>
