******************************************************************************
             TMS320C2000 Linker PC v22.6.0                     
******************************************************************************
>> Linked Tue Aug  5 20:22:00 2025

OUTPUT FILE NAME:   <LAB2_ADC_CPU1_Mine_RAM.out>
ENTRY POINT SYMBOL: "_c_int00"  address: 00008581


MEMORY CONFIGURATION

         name            origin    length      used     unused   attr    fill
----------------------  --------  ---------  --------  --------  ----  --------
PAGE 0:
  BEGIN                 00000000   00000002  00000002  00000000  RWIX
  RAMM0                 00000123   000002dd  00000000  000002dd  RWIX
  RAMLS0                00008000   00000800  000007fd  00000003  RWIX
  RAMLS1                00008800   00000800  00000649  000001b7  RWIX
  RAMLS2                00009000   00000800  00000000  00000800  RWIX
  RAMLS3                00009800   00000800  00000000  00000800  RWIX
  RAMLS4                0000a000   00000800  00000000  00000800  RWIX
  RAMD0                 0000b000   00000800  00000048  000007b8  RWIX
  RESET                 003fffc0   00000002  00000000  00000002  RWIX

PAGE 1:
  BOOT_RSVD             00000002   00000121  00000000  00000121  RWIX
  RAMM1                 00000400   000003f8  000003f8  00000000  RWIX
  ADCARESULT            00000b00   00000018  00000018  00000000  RWIX
  ADCBRESULT            00000b20   00000018  00000018  00000000  RWIX
  ADCCRESULT            00000b40   00000018  00000018  00000000  RWIX
  ADCDRESULT            00000b60   00000018  00000018  00000000  RWIX
  CPUTIMER0             00000c00   00000008  00000008  00000000  RWIX
  CPUTIMER1             00000c08   00000008  00000008  00000000  RWIX
  CPUTIMER2             00000c10   00000008  00000008  00000000  RWIX
  PIECTRL               00000ce0   0000001a  0000001a  00000000  RWIX
  PIEVECTTABLE          00000d00   00000200  000001c0  00000040  RWIX
  DMA                   00001000   00000200  000000e0  00000120  RWIX
  CLA1                  00001400   00000080  0000003e  00000042  RWIX
  CLB1LOGICCFG          00003000   00000052  0000003e  00000014  RWIX
  CLB1LOGICCTRL         00003100   00000040  00000040  00000000  RWIX
  CLB1DATAEXCH          00003200   00000200  00000108  000000f8  RWIX
  CLB2LOGICCFG          00003400   00000052  0000003e  00000014  RWIX
  CLB2LOGICCTRL         00003500   00000040  00000040  00000000  RWIX
  CLB2DATAEXCH          00003600   00000200  00000108  000000f8  RWIX
  CLB3LOGICCFG          00003800   00000052  0000003e  00000014  RWIX
  CLB3LOGICCTRL         00003900   00000040  00000040  00000000  RWIX
  CLB3DATAEXCH          00003a00   00000200  00000108  000000f8  RWIX
  CLB4LOGICCFG          00003c00   00000052  0000003e  00000014  RWIX
  CLB4LOGICCTRL         00003d00   00000040  00000040  00000000  RWIX
  CLB4DATAEXCH          00003e00   00000200  00000108  000000f8  RWIX
  EPWM1                 00004000   00000100  00000100  00000000  RWIX
  EPWM2                 00004100   00000100  00000100  00000000  RWIX
  EPWM3                 00004200   00000100  00000100  00000000  RWIX
  EPWM4                 00004300   00000100  00000100  00000000  RWIX
  EPWM5                 00004400   00000100  00000100  00000000  RWIX
  EPWM6                 00004500   00000100  00000100  00000000  RWIX
  EPWM7                 00004600   00000100  00000100  00000000  RWIX
  EPWM8                 00004700   00000100  00000100  00000000  RWIX
  EPWM9                 00004800   00000100  00000100  00000000  RWIX
  EPWM10                00004900   00000100  00000100  00000000  RWIX
  EPWM11                00004a00   00000100  00000100  00000000  RWIX
  EPWM12                00004b00   00000100  00000100  00000000  RWIX
  ECAP1                 00005000   00000020  0000001a  00000006  RWIX
  ECAP2                 00005020   00000020  0000001a  00000006  RWIX
  ECAP3                 00005040   00000020  0000001a  00000006  RWIX
  ECAP4                 00005060   00000020  0000001a  00000006  RWIX
  ECAP5                 00005080   00000020  0000001a  00000006  RWIX
  ECAP6                 000050a0   00000020  0000001a  00000006  RWIX
  EQEP1                 00005100   00000022  00000022  00000000  RWIX
  EQEP2                 00005140   00000022  00000022  00000000  RWIX
  EQEP3                 00005180   00000022  00000022  00000000  RWIX
  DACA                  00005c00   00000008  00000007  00000001  RWIX
  DACB                  00005c10   00000008  00000007  00000001  RWIX
  DACC                  00005c20   00000008  00000007  00000001  RWIX
  CMPSS1                00005c80   00000020  0000001b  00000005  RWIX
  CMPSS2                00005ca0   00000020  0000001b  00000005  RWIX
  CMPSS3                00005cc0   00000020  0000001b  00000005  RWIX
  CMPSS4                00005ce0   00000020  0000001b  00000005  RWIX
  CMPSS5                00005d00   00000020  0000001b  00000005  RWIX
  CMPSS6                00005d20   00000020  0000001b  00000005  RWIX
  CMPSS7                00005d40   00000020  0000001b  00000005  RWIX
  CMPSS8                00005d60   00000020  0000001b  00000005  RWIX
  SDFM1                 00005e00   00000080  00000048  00000038  RWIX
  SDFM2                 00005e80   00000080  00000048  00000038  RWIX
  MCBSPA                00006000   00000024  00000024  00000000  RWIX
  MCBSPB                00006040   00000024  00000024  00000000  RWIX
  SPIA                  00006100   00000010  00000010  00000000  RWIX
  SPIB                  00006110   00000010  00000010  00000000  RWIX
  SPIC                  00006120   00000010  00000010  00000000  RWIX
  UPP                   00006200   00000048  00000048  00000000  RWIX
  WD                    00007000   0000002b  0000002b  00000000  RWIX
  NMIINTRUPT            00007060   00000007  00000007  00000000  RWIX
  XINT                  00007070   0000000b  0000000b  00000000  RWIX
  SCIA                  00007200   00000010  00000010  00000000  RWIX
  SCIB                  00007210   00000010  00000010  00000000  RWIX
  SCIC                  00007220   00000010  00000010  00000000  RWIX
  SCID                  00007230   00000010  00000010  00000000  RWIX
  I2CA                  00007300   00000022  00000022  00000000  RWIX
  I2CB                  00007340   00000022  00000022  00000000  RWIX
  ADCA                  00007400   00000080  0000007c  00000004  RWIX
  ADCB                  00007480   00000080  0000007c  00000004  RWIX
  ADCC                  00007500   00000080  0000007c  00000004  RWIX
  ADCD                  00007580   00000080  0000007c  00000004  RWIX
  INPUTXBAR             00007900   00000020  00000020  00000000  RWIX
  XBAR                  00007920   00000020  0000000e  00000012  RWIX
  SYNCSOC               00007940   00000006  00000006  00000000  RWIX
  DMACLASRCSEL          00007980   0000001a  0000001a  00000000  RWIX
  EPWMXBAR              00007a00   00000040  00000040  00000000  RWIX
  CLBXBAR               00007a40   00000040  00000040  00000000  RWIX
  OUTPUTXBAR            00007a80   00000040  00000040  00000000  RWIX
  GPIOCTRL              00007c00   00000180  00000180  00000000  RWIX
  GPIODATA              00007f00   00000030  00000030  00000000  RWIX
  RAMLS5                0000a800   00000800  00000351  000004af  RWIX
  RAMD1                 0000b800   00000800  00000000  00000800  RWIX
  RAMGS0                0000c000   00001000  00000000  00001000  RWIX
  RAMGS1                0000d000   00001000  00000000  00001000  RWIX
  RAMGS2                0000e000   00001000  00000000  00001000  RWIX
  RAMGS3                0000f000   00001000  00000000  00001000  RWIX
  RAMGS4_VAR1           00010000   00000002  00000000  00000002  RWIX
  RAMGS4                00010002   00000ffe  00000000  00000ffe  RWIX
  RAMGS5                00011000   00001000  00000000  00001000  RWIX
  RAMGS6                00012000   00001000  00000000  00001000  RWIX
  RAMGS7                00013000   00001000  00000000  00001000  RWIX
  RAMGS8                00014000   00001000  00000000  00001000  RWIX
  RAMGS9                00015000   00001000  00000000  00001000  RWIX
  RAMGS10               00016000   00001000  00000000  00001000  RWIX
  RAMGS11               00017000   00000ff8  0000084e  000007aa  RWIX
  RAMGS12               00018000   00001000  00000000  00001000  RWIX
  RAMGS13               00019000   00001000  00000000  00001000  RWIX
  RAMGS14               0001a000   00001000  00000000  00001000  RWIX
  RAMGS15               0001b000   00000ff8  00000000  00000ff8  RWIX
  CPU2TOCPU1RAM         0003f800   00000400  00000000  00000400  RWIX
  CPU1TOCPU2RAM         0003fc00   00000400  00000000  00000400  RWIX
  EMIF1                 00047000   00000070  00000028  00000048  RWIX
  EMIF2                 00047800   00000070  00000028  00000048  RWIX
  CANA                  00048000   00000200  00000164  0000009c  RWIX
  CANA_MSG_RAM          00049000   00000800  00000000  00000800  RWIX
  CANB                  0004a000   00000200  00000164  0000009c  RWIX
  CANB_MSG_RAM          0004b000   00000800  00000000  00000800  RWIX
  IPC                   00050000   00000024  00000024  00000000  RWIX
  FLASHPUMPSEMAPHORE    00050024   00000002  00000002  00000000  RWIX
  DEVCFG                0005d000   0000012e  0000012e  00000000  RWIX
  ANALOGSUBSYS          0005d180   00000048  0000003e  0000000a  RWIX
  CLKCFG                0005d200   00000032  00000032  00000000  RWIX
  CPUSYS                0005d300   00000082  00000082  00000000  RWIX
  ROMPREFETCH           0005e608   00000002  00000002  00000000  RWIX
  DCSMZ1                0005f000   00000024  00000022  00000002  RWIX
  DCSMZ2                0005f040   00000024  00000022  00000002  RWIX
  DCSMCOMMON            0005f070   00000008  00000006  00000002  RWIX
  MEMCFG                0005f400   00000080  00000076  0000000a  RWIX
  EMIF1CONFIG           0005f480   00000020  0000000a  00000016  RWIX
  EMIF2CONFIG           0005f4a0   00000020  0000000a  00000016  RWIX
  ACCESSPROTECTION      0005f4c0   00000040  0000002e  00000012  RWIX
  MEMORYERROR           0005f500   00000040  0000003a  00000006  RWIX
  ROMWAITSTATE          0005f540   00000002  00000002  00000000  RWIX
  FLASH0CTRL            0005f800   00000182  00000182  00000000  RWIX
  FLASH0ECC             0005fb00   00000028  00000028  00000000  RWIX
  UID                   000703c0   00000010  00000010  00000000  RWIX


SECTION ALLOCATION MAP

 output                                  attributes/
section   page    origin      length       input sections
--------  ----  ----------  ----------   ----------------
codestart 
*          0    00000000    00000002     
                  00000000    00000002     F2837xD_CodeStartBranch.obj (codestart)

.cinit     0    0000b000    00000040     
                  0000b000    00000017     LAB2_ADC_CPU1.obj (.cinit:_sgen1chf)
                  0000b017    0000000f     device.obj (.cinit)
                  0000b026    0000000e     rts2800_fpu32.lib : exit.c.obj (.cinit)
                  0000b034    00000005                       : _lock.c.obj (.cinit:__lock)
                  0000b039    00000005                       : _lock.c.obj (.cinit:__unlock)
                  0000b03e    00000002     --HOLE-- [fill = 0]

.reset     0    003fffc0    00000002     DSECT
                  003fffc0    00000002     rts2800_fpu32.lib : boot28.asm.obj (.reset)

.stack     1    00000400    000003f8     UNINITIALIZED
                  00000400    000003f8     --HOLE--

.pinit     0    0000b000    00000000     UNINITIALIZED

AdcaResultRegsFile 
*          1    00000b00    00000018     UNINITIALIZED
                  00000b00    00000018     F2837xD_GlobalVariableDefs.obj (AdcaResultRegsFile)

AdcbResultRegsFile 
*          1    00000b20    00000018     UNINITIALIZED
                  00000b20    00000018     F2837xD_GlobalVariableDefs.obj (AdcbResultRegsFile)

AdccResultRegsFile 
*          1    00000b40    00000018     UNINITIALIZED
                  00000b40    00000018     F2837xD_GlobalVariableDefs.obj (AdccResultRegsFile)

AdcdResultRegsFile 
*          1    00000b60    00000018     UNINITIALIZED
                  00000b60    00000018     F2837xD_GlobalVariableDefs.obj (AdcdResultRegsFile)

CpuTimer0RegsFile 
*          1    00000c00    00000008     UNINITIALIZED
                  00000c00    00000008     F2837xD_GlobalVariableDefs.obj (CpuTimer0RegsFile)

CpuTimer1RegsFile 
*          1    00000c08    00000008     UNINITIALIZED
                  00000c08    00000008     F2837xD_GlobalVariableDefs.obj (CpuTimer1RegsFile)

CpuTimer2RegsFile 
*          1    00000c10    00000008     UNINITIALIZED
                  00000c10    00000008     F2837xD_GlobalVariableDefs.obj (CpuTimer2RegsFile)

PieCtrlRegsFile 
*          1    00000ce0    0000001a     UNINITIALIZED
                  00000ce0    0000001a     F2837xD_GlobalVariableDefs.obj (PieCtrlRegsFile)

DmaRegsFile 
*          1    00001000    000000e0     UNINITIALIZED
                  00001000    000000e0     F2837xD_GlobalVariableDefs.obj (DmaRegsFile)

Cla1RegsFile 
*          1    00001400    0000003e     UNINITIALIZED
                  00001400    0000003e     F2837xD_GlobalVariableDefs.obj (Cla1RegsFile)

Clb1LogicCfgRegsFile 
*          1    00003000    0000003e     UNINITIALIZED
                  00003000    0000003e     F2837xD_GlobalVariableDefs.obj (Clb1LogicCfgRegsFile)

Clb1LogicCtrlRegsFile 
*          1    00003100    00000040     UNINITIALIZED
                  00003100    00000040     F2837xD_GlobalVariableDefs.obj (Clb1LogicCtrlRegsFile)

Clb1DataExchRegsFile 
*          1    00003200    00000108     UNINITIALIZED
                  00003200    00000108     F2837xD_GlobalVariableDefs.obj (Clb1DataExchRegsFile)

Clb2LogicCfgRegsFile 
*          1    00003400    0000003e     UNINITIALIZED
                  00003400    0000003e     F2837xD_GlobalVariableDefs.obj (Clb2LogicCfgRegsFile)

Clb2LogicCtrlRegsFile 
*          1    00003500    00000040     UNINITIALIZED
                  00003500    00000040     F2837xD_GlobalVariableDefs.obj (Clb2LogicCtrlRegsFile)

Clb2DataExchRegsFile 
*          1    00003600    00000108     UNINITIALIZED
                  00003600    00000108     F2837xD_GlobalVariableDefs.obj (Clb2DataExchRegsFile)

Clb3LogicCfgRegsFile 
*          1    00003800    0000003e     UNINITIALIZED
                  00003800    0000003e     F2837xD_GlobalVariableDefs.obj (Clb3LogicCfgRegsFile)

Clb3LogicCtrlRegsFile 
*          1    00003900    00000040     UNINITIALIZED
                  00003900    00000040     F2837xD_GlobalVariableDefs.obj (Clb3LogicCtrlRegsFile)

Clb3DataExchRegsFile 
*          1    00003a00    00000108     UNINITIALIZED
                  00003a00    00000108     F2837xD_GlobalVariableDefs.obj (Clb3DataExchRegsFile)

Clb4LogicCfgRegsFile 
*          1    00003c00    0000003e     UNINITIALIZED
                  00003c00    0000003e     F2837xD_GlobalVariableDefs.obj (Clb4LogicCfgRegsFile)

Clb4LogicCtrlRegsFile 
*          1    00003d00    00000040     UNINITIALIZED
                  00003d00    00000040     F2837xD_GlobalVariableDefs.obj (Clb4LogicCtrlRegsFile)

Clb4DataExchRegsFile 
*          1    00003e00    00000108     UNINITIALIZED
                  00003e00    00000108     F2837xD_GlobalVariableDefs.obj (Clb4DataExchRegsFile)

EPwm1RegsFile 
*          1    00004000    00000100     UNINITIALIZED
                  00004000    00000100     F2837xD_GlobalVariableDefs.obj (EPwm1RegsFile)

EPwm2RegsFile 
*          1    00004100    00000100     UNINITIALIZED
                  00004100    00000100     F2837xD_GlobalVariableDefs.obj (EPwm2RegsFile)

EPwm3RegsFile 
*          1    00004200    00000100     UNINITIALIZED
                  00004200    00000100     F2837xD_GlobalVariableDefs.obj (EPwm3RegsFile)

EPwm4RegsFile 
*          1    00004300    00000100     UNINITIALIZED
                  00004300    00000100     F2837xD_GlobalVariableDefs.obj (EPwm4RegsFile)

EPwm5RegsFile 
*          1    00004400    00000100     UNINITIALIZED
                  00004400    00000100     F2837xD_GlobalVariableDefs.obj (EPwm5RegsFile)

EPwm6RegsFile 
*          1    00004500    00000100     UNINITIALIZED
                  00004500    00000100     F2837xD_GlobalVariableDefs.obj (EPwm6RegsFile)

EPwm7RegsFile 
*          1    00004600    00000100     UNINITIALIZED
                  00004600    00000100     F2837xD_GlobalVariableDefs.obj (EPwm7RegsFile)

EPwm8RegsFile 
*          1    00004700    00000100     UNINITIALIZED
                  00004700    00000100     F2837xD_GlobalVariableDefs.obj (EPwm8RegsFile)

EPwm9RegsFile 
*          1    00004800    00000100     UNINITIALIZED
                  00004800    00000100     F2837xD_GlobalVariableDefs.obj (EPwm9RegsFile)

EPwm10RegsFile 
*          1    00004900    00000100     UNINITIALIZED
                  00004900    00000100     F2837xD_GlobalVariableDefs.obj (EPwm10RegsFile)

EPwm11RegsFile 
*          1    00004a00    00000100     UNINITIALIZED
                  00004a00    00000100     F2837xD_GlobalVariableDefs.obj (EPwm11RegsFile)

EPwm12RegsFile 
*          1    00004b00    00000100     UNINITIALIZED
                  00004b00    00000100     F2837xD_GlobalVariableDefs.obj (EPwm12RegsFile)

ECap1RegsFile 
*          1    00005000    0000001a     UNINITIALIZED
                  00005000    0000001a     F2837xD_GlobalVariableDefs.obj (ECap1RegsFile)

ECap2RegsFile 
*          1    00005020    0000001a     UNINITIALIZED
                  00005020    0000001a     F2837xD_GlobalVariableDefs.obj (ECap2RegsFile)

ECap3RegsFile 
*          1    00005040    0000001a     UNINITIALIZED
                  00005040    0000001a     F2837xD_GlobalVariableDefs.obj (ECap3RegsFile)

ECap4RegsFile 
*          1    00005060    0000001a     UNINITIALIZED
                  00005060    0000001a     F2837xD_GlobalVariableDefs.obj (ECap4RegsFile)

ECap5RegsFile 
*          1    00005080    0000001a     UNINITIALIZED
                  00005080    0000001a     F2837xD_GlobalVariableDefs.obj (ECap5RegsFile)

ECap6RegsFile 
*          1    000050a0    0000001a     UNINITIALIZED
                  000050a0    0000001a     F2837xD_GlobalVariableDefs.obj (ECap6RegsFile)

EQep1RegsFile 
*          1    00005100    00000022     UNINITIALIZED
                  00005100    00000022     F2837xD_GlobalVariableDefs.obj (EQep1RegsFile)

EQep2RegsFile 
*          1    00005140    00000022     UNINITIALIZED
                  00005140    00000022     F2837xD_GlobalVariableDefs.obj (EQep2RegsFile)

EQep3RegsFile 
*          1    00005180    00000022     UNINITIALIZED
                  00005180    00000022     F2837xD_GlobalVariableDefs.obj (EQep3RegsFile)

DacaRegsFile 
*          1    00005c00    00000007     UNINITIALIZED
                  00005c00    00000007     F2837xD_GlobalVariableDefs.obj (DacaRegsFile)

DacbRegsFile 
*          1    00005c10    00000007     UNINITIALIZED
                  00005c10    00000007     F2837xD_GlobalVariableDefs.obj (DacbRegsFile)

DaccRegsFile 
*          1    00005c20    00000007     UNINITIALIZED
                  00005c20    00000007     F2837xD_GlobalVariableDefs.obj (DaccRegsFile)

Cmpss1RegsFile 
*          1    00005c80    0000001b     UNINITIALIZED
                  00005c80    0000001b     F2837xD_GlobalVariableDefs.obj (Cmpss1RegsFile)

Cmpss2RegsFile 
*          1    00005ca0    0000001b     UNINITIALIZED
                  00005ca0    0000001b     F2837xD_GlobalVariableDefs.obj (Cmpss2RegsFile)

Cmpss3RegsFile 
*          1    00005cc0    0000001b     UNINITIALIZED
                  00005cc0    0000001b     F2837xD_GlobalVariableDefs.obj (Cmpss3RegsFile)

Cmpss4RegsFile 
*          1    00005ce0    0000001b     UNINITIALIZED
                  00005ce0    0000001b     F2837xD_GlobalVariableDefs.obj (Cmpss4RegsFile)

Cmpss5RegsFile 
*          1    00005d00    0000001b     UNINITIALIZED
                  00005d00    0000001b     F2837xD_GlobalVariableDefs.obj (Cmpss5RegsFile)

Cmpss6RegsFile 
*          1    00005d20    0000001b     UNINITIALIZED
                  00005d20    0000001b     F2837xD_GlobalVariableDefs.obj (Cmpss6RegsFile)

Cmpss7RegsFile 
*          1    00005d40    0000001b     UNINITIALIZED
                  00005d40    0000001b     F2837xD_GlobalVariableDefs.obj (Cmpss7RegsFile)

Cmpss8RegsFile 
*          1    00005d60    0000001b     UNINITIALIZED
                  00005d60    0000001b     F2837xD_GlobalVariableDefs.obj (Cmpss8RegsFile)

Sdfm1RegsFile 
*          1    00005e00    00000048     UNINITIALIZED
                  00005e00    00000048     F2837xD_GlobalVariableDefs.obj (Sdfm1RegsFile)

Sdfm2RegsFile 
*          1    00005e80    00000048     UNINITIALIZED
                  00005e80    00000048     F2837xD_GlobalVariableDefs.obj (Sdfm2RegsFile)

McbspaRegsFile 
*          1    00006000    00000024     UNINITIALIZED
                  00006000    00000024     F2837xD_GlobalVariableDefs.obj (McbspaRegsFile)

McbspbRegsFile 
*          1    00006040    00000024     UNINITIALIZED
                  00006040    00000024     F2837xD_GlobalVariableDefs.obj (McbspbRegsFile)

SpiaRegsFile 
*          1    00006100    00000010     UNINITIALIZED
                  00006100    00000010     F2837xD_GlobalVariableDefs.obj (SpiaRegsFile)

SpibRegsFile 
*          1    00006110    00000010     UNINITIALIZED
                  00006110    00000010     F2837xD_GlobalVariableDefs.obj (SpibRegsFile)

SpicRegsFile 
*          1    00006120    00000010     UNINITIALIZED
                  00006120    00000010     F2837xD_GlobalVariableDefs.obj (SpicRegsFile)

UppRegsFile 
*          1    00006200    00000048     UNINITIALIZED
                  00006200    00000048     F2837xD_GlobalVariableDefs.obj (UppRegsFile)

WdRegsFile 
*          1    00007000    0000002b     UNINITIALIZED
                  00007000    0000002b     F2837xD_GlobalVariableDefs.obj (WdRegsFile)

NmiIntruptRegsFile 
*          1    00007060    00000007     UNINITIALIZED
                  00007060    00000007     F2837xD_GlobalVariableDefs.obj (NmiIntruptRegsFile)

XintRegsFile 
*          1    00007070    0000000b     UNINITIALIZED
                  00007070    0000000b     F2837xD_GlobalVariableDefs.obj (XintRegsFile)

SciaRegsFile 
*          1    00007200    00000010     UNINITIALIZED
                  00007200    00000010     F2837xD_GlobalVariableDefs.obj (SciaRegsFile)

ScibRegsFile 
*          1    00007210    00000010     UNINITIALIZED
                  00007210    00000010     F2837xD_GlobalVariableDefs.obj (ScibRegsFile)

ScicRegsFile 
*          1    00007220    00000010     UNINITIALIZED
                  00007220    00000010     F2837xD_GlobalVariableDefs.obj (ScicRegsFile)

ScidRegsFile 
*          1    00007230    00000010     UNINITIALIZED
                  00007230    00000010     F2837xD_GlobalVariableDefs.obj (ScidRegsFile)

I2caRegsFile 
*          1    00007300    00000022     UNINITIALIZED
                  00007300    00000022     F2837xD_GlobalVariableDefs.obj (I2caRegsFile)

I2cbRegsFile 
*          1    00007340    00000022     UNINITIALIZED
                  00007340    00000022     F2837xD_GlobalVariableDefs.obj (I2cbRegsFile)

AdcaRegsFile 
*          1    00007400    0000007c     UNINITIALIZED
                  00007400    0000007c     F2837xD_GlobalVariableDefs.obj (AdcaRegsFile)

AdcbRegsFile 
*          1    00007480    0000007c     UNINITIALIZED
                  00007480    0000007c     F2837xD_GlobalVariableDefs.obj (AdcbRegsFile)

AdccRegsFile 
*          1    00007500    0000007c     UNINITIALIZED
                  00007500    0000007c     F2837xD_GlobalVariableDefs.obj (AdccRegsFile)

AdcdRegsFile 
*          1    00007580    0000007c     UNINITIALIZED
                  00007580    0000007c     F2837xD_GlobalVariableDefs.obj (AdcdRegsFile)

InputXbarRegsFile 
*          1    00007900    00000020     UNINITIALIZED
                  00007900    00000020     F2837xD_GlobalVariableDefs.obj (InputXbarRegsFile)

XbarRegsFile 
*          1    00007920    0000000e     UNINITIALIZED
                  00007920    0000000e     F2837xD_GlobalVariableDefs.obj (XbarRegsFile)

SyncSocRegsFile 
*          1    00007940    00000006     UNINITIALIZED
                  00007940    00000006     F2837xD_GlobalVariableDefs.obj (SyncSocRegsFile)

DmaClaSrcSelRegsFile 
*          1    00007980    0000001a     UNINITIALIZED
                  00007980    0000001a     F2837xD_GlobalVariableDefs.obj (DmaClaSrcSelRegsFile)

EPwmXbarRegsFile 
*          1    00007a00    00000040     UNINITIALIZED
                  00007a00    00000040     F2837xD_GlobalVariableDefs.obj (EPwmXbarRegsFile)

ClbXbarRegsFile 
*          1    00007a40    00000040     UNINITIALIZED
                  00007a40    00000040     F2837xD_GlobalVariableDefs.obj (ClbXbarRegsFile)

OutputXbarRegsFile 
*          1    00007a80    00000040     UNINITIALIZED
                  00007a80    00000040     F2837xD_GlobalVariableDefs.obj (OutputXbarRegsFile)

GpioCtrlRegsFile 
*          1    00007c00    00000180     UNINITIALIZED
                  00007c00    00000180     F2837xD_GlobalVariableDefs.obj (GpioCtrlRegsFile)

GpioDataRegsFile 
*          1    00007f00    00000030     UNINITIALIZED
                  00007f00    00000030     F2837xD_GlobalVariableDefs.obj (GpioDataRegsFile)

.econst    1    0000a800    00000351     
                  0000a800    000001c0     F2837xD_PieVect.obj (.econst:_PieVectTableInit)
                  0000a9c0    000000c2     driverlib_coff.lib : sysctl.obj (.econst:.string)
                  0000aa82    000000bc                        : gpio.obj (.econst:.string)
                  0000ab3e    00000013     device.obj (.econst:.string)

.ebss      1    00017000    0000084e     UNINITIALIZED
                  00017000    00000400     LAB2_ADC_CPU1.obj (.ebss:_Buffer_A0)
                  00017400    00000400     LAB2_ADC_CPU1.obj (.ebss:_Buffer_A1)
                  00017800    00000014     LAB2_ADC_CPU1.obj (.ebss:_sgen1chf)
                  00017814    00000012     LAB2_ADC_CPU1.obj (.ebss)
                  00017826    00000008     F2837xD_CpuTimers.obj (.ebss:_CpuTimer0)
                  0001782e    00000008     F2837xD_CpuTimers.obj (.ebss:_CpuTimer1)
                  00017836    00000008     F2837xD_CpuTimers.obj (.ebss:_CpuTimer2)
                  0001783e    00000002     rts2800_fpu32.lib : _lock.c.obj (.ebss:__lock)
                  00017840    00000006     device.obj (.ebss)
                  00017846    00000006     rts2800_fpu32.lib : exit.c.obj (.ebss)
                  0001784c    00000002                       : _lock.c.obj (.ebss:__unlock)

.TI.ramfunc 
*          0    0000b040    00000008     
                  0000b040    00000004     F2837xD_usDelay.obj (.TI.ramfunc)
                  0000b044    00000004     driverlib_coff.lib : sysctl.obj (.TI.ramfunc)

GETBUFFER 
*          0    0003f800    00000000     DSECT

GETWRITEIDX 
*          0    0003f800    00000000     DSECT

PUTREADIDX 
*          0    0003f800    00000000     DSECT

PieVectTableFile 
*          1    00000d00    000001c0     UNINITIALIZED
                  00000d00    000001c0     F2837xD_GlobalVariableDefs.obj (PieVectTableFile)

EmuKeyVar 
*          1    00000d00    00000000     UNINITIALIZED

EmuBModeVar 
*          1    00000d00    00000000     UNINITIALIZED

EmuBootPinsVar 
*          1    00000d00    00000000     UNINITIALIZED

FlashCallbackVar 
*          1    00000d00    00000000     UNINITIALIZED

FlashScalingVar 
*          1    00000d00    00000000     UNINITIALIZED

Emif1RegsFile 
*          1    00047000    00000028     UNINITIALIZED
                  00047000    00000028     F2837xD_GlobalVariableDefs.obj (Emif1RegsFile)

Emif2RegsFile 
*          1    00047800    00000028     UNINITIALIZED
                  00047800    00000028     F2837xD_GlobalVariableDefs.obj (Emif2RegsFile)

CanaRegsFile 
*          1    00048000    00000164     UNINITIALIZED
                  00048000    00000164     F2837xD_GlobalVariableDefs.obj (CanaRegsFile)

CanbRegsFile 
*          1    0004a000    00000164     UNINITIALIZED
                  0004a000    00000164     F2837xD_GlobalVariableDefs.obj (CanbRegsFile)

IpcRegsFile 
*          1    00050000    00000024     UNINITIALIZED
                  00050000    00000024     F2837xD_GlobalVariableDefs.obj (IpcRegsFile)

FlashPumpSemaphoreRegsFile 
*          1    00050024    00000002     UNINITIALIZED
                  00050024    00000002     F2837xD_GlobalVariableDefs.obj (FlashPumpSemaphoreRegsFile)

DevCfgRegsFile 
*          1    0005d000    0000012e     UNINITIALIZED
                  0005d000    0000012e     F2837xD_GlobalVariableDefs.obj (DevCfgRegsFile)

AnalogSubsysRegsFile 
*          1    0005d180    0000003e     UNINITIALIZED
                  0005d180    0000003e     F2837xD_GlobalVariableDefs.obj (AnalogSubsysRegsFile)

ClkCfgRegsFile 
*          1    0005d200    00000032     UNINITIALIZED
                  0005d200    00000032     F2837xD_GlobalVariableDefs.obj (ClkCfgRegsFile)

CpuSysRegsFile 
*          1    0005d300    00000082     UNINITIALIZED
                  0005d300    00000082     F2837xD_GlobalVariableDefs.obj (CpuSysRegsFile)

DcsmZ1RegsFile 
*          1    0005f000    00000022     UNINITIALIZED
                  0005f000    00000022     F2837xD_GlobalVariableDefs.obj (DcsmZ1RegsFile)

DcsmZ2RegsFile 
*          1    0005f040    00000022     UNINITIALIZED
                  0005f040    00000022     F2837xD_GlobalVariableDefs.obj (DcsmZ2RegsFile)

DcsmCommonRegsFile 
*          1    0005f070    00000006     UNINITIALIZED
                  0005f070    00000006     F2837xD_GlobalVariableDefs.obj (DcsmCommonRegsFile)

MemCfgRegsFile 
*          1    0005f400    00000076     UNINITIALIZED
                  0005f400    00000076     F2837xD_GlobalVariableDefs.obj (MemCfgRegsFile)

Emif1ConfigRegsFile 
*          1    0005f480    0000000a     UNINITIALIZED
                  0005f480    0000000a     F2837xD_GlobalVariableDefs.obj (Emif1ConfigRegsFile)

Emif2ConfigRegsFile 
*          1    0005f4a0    0000000a     UNINITIALIZED
                  0005f4a0    0000000a     F2837xD_GlobalVariableDefs.obj (Emif2ConfigRegsFile)

AccessProtectionRegsFile 
*          1    0005f4c0    0000002e     UNINITIALIZED
                  0005f4c0    0000002e     F2837xD_GlobalVariableDefs.obj (AccessProtectionRegsFile)

MemoryErrorRegsFile 
*          1    0005f500    0000003a     UNINITIALIZED
                  0005f500    0000003a     F2837xD_GlobalVariableDefs.obj (MemoryErrorRegsFile)

Flash0CtrlRegsFile 
*          1    0005f800    00000182     UNINITIALIZED
                  0005f800    00000182     F2837xD_GlobalVariableDefs.obj (Flash0CtrlRegsFile)

Flash0EccRegsFile 
*          1    0005fb00    00000028     UNINITIALIZED
                  0005fb00    00000028     F2837xD_GlobalVariableDefs.obj (Flash0EccRegsFile)

RomPrefetchRegsFile 
*          1    0005e608    00000002     UNINITIALIZED
                  0005e608    00000002     F2837xD_GlobalVariableDefs.obj (RomPrefetchRegsFile)

RomWaitStateRegsFile 
*          1    0005f540    00000002     UNINITIALIZED
                  0005f540    00000002     F2837xD_GlobalVariableDefs.obj (RomWaitStateRegsFile)

UidRegsFile 
*          1    000703c0    00000010     UNINITIALIZED
                  000703c0    00000010     F2837xD_GlobalVariableDefs.obj (UidRegsFile)

.text.1    0    00008000    000007fd     
                  00008000    000001ee     F2837xD_SysCtrl.obj (.text:_InitSysPll)
                  000081ee    000000b6     F2837xD_Adc.obj (.text:_AdcSetMode)
                  000082a4    00000088     rts2800_fpu32.lib : fs_div28.asm.obj (.text)
                  0000832c    00000084     F2837xD_SysCtrl.obj (.text:_InitPeripheralClocks)
                  000083b0    00000084     SGEN_1CH_F32_TMU.obj (.text:_sine_1ch_f32_tmu_calc)
                  00008434    00000083     LAB2_ADC_CPU1.obj (.text:_main)
                  000084b7    00000066     LAB2_ADC_CPU1.obj (.text:_InitAdcaModule)
                  0000851d    00000064     LAB2_ADC_CPU1.obj (.text:_CpuTimer0_ISR)
                  00008581    00000056     rts2800_fpu32.lib : boot28.asm.obj (.text)
                  000085d7    00000047     F2837xD_CpuTimers.obj (.text:_InitCpuTimers)
                  0000861e    0000003b     LAB2_ADC_CPU1.obj (.text:_AdcaIsr)
                  00008659    0000003b     F2837xD_CpuTimers.obj (.text:_ConfigCpuTimer)
                  00008694    0000003a     F2837xD_Adc.obj (.text:_CalAdcINL)
                  000086ce    00000029     rts2800_fpu32.lib : exit.c.obj (.text)
                  000086f7    00000026     F2837xD_PieVect.obj (.text:_InitPieVectTable)
                  0000871d    00000025     F2837xD_Gpio.obj (.text:_GPIO_EnableUnbondedIOPullupsFor100Pin)
                  00008742    00000024     rts2800_fpu32.lib : cpy_tbl.c.obj (.text)
                  00008766    00000020     F2837xD_SysCtrl.obj (.text:_InitSysCtrl)
                  00008786    0000001f     F2837xD_PieCtrl.obj (.text:_InitPieCtrl)
                  000087a5    0000001d     F2837xD_SysCtrl.obj (.text:_ConfigureTMXAnalogTrim)
                  000087c2    0000001d     rts2800_fpu32.lib : memcpy.c.obj (.text)
                  000087df    0000001b     LAB2_ADC_CPU1.obj (.text:_InitDacaModule)
                  000087fa    00000002     rts2800_fpu32.lib : pre_init.c.obj (.text)
                  000087fc    00000001                       : startup.c.obj (.text)

.text.2    0    00008800    00000649     
                  00008800    00000019     F2837xD_Gpio.obj (.text:_GPIO_EnableUnbondedIOPullupsFor176Pin)
                  00008819    00000018     rts2800_fpu32.lib : ll_aox28.asm.obj (.text)
                  00008831    00000016     F2837xD_Gpio.obj (.text:_GPIO_EnableUnbondedIOPullups)
                  00008847    00000014     F2837xD_SysCtrl.obj (.text:_SysIntOsc2Sel)
                  0000885b    00000012     rts2800_fpu32.lib : args_main.c.obj (.text)
                  0000886d    00000010     F2837xD_SysCtrl.obj (.text:_SysIntOsc1Sel)
                  0000887d    00000010     F2837xD_SysCtrl.obj (.text:_SysXtalOscSel)
                  0000888d    0000000e     F2837xD_SysCtrl.obj (.text:_DisableDog)
                  0000889b    0000000e     F2837xD_SysCtrl.obj (.text:_ServiceDog)
                  000088a9    0000000d     F2837xD_DefaultISR.obj (.text:_EMPTY_ISR)
                  000088b6    0000000a     F2837xD_DefaultISR.obj (.text:_ADCA1_ISR)
                  000088c0    0000000a     F2837xD_DefaultISR.obj (.text:_ADCA2_ISR)
                  000088ca    0000000a     F2837xD_DefaultISR.obj (.text:_ADCA3_ISR)
                  000088d4    0000000a     F2837xD_DefaultISR.obj (.text:_ADCA4_ISR)
                  000088de    0000000a     F2837xD_DefaultISR.obj (.text:_ADCA_EVT_ISR)
                  000088e8    0000000a     F2837xD_DefaultISR.obj (.text:_ADCB1_ISR)
                  000088f2    0000000a     F2837xD_DefaultISR.obj (.text:_ADCB2_ISR)
                  000088fc    0000000a     F2837xD_DefaultISR.obj (.text:_ADCB3_ISR)
                  00008906    0000000a     F2837xD_DefaultISR.obj (.text:_ADCB4_ISR)
                  00008910    0000000a     F2837xD_DefaultISR.obj (.text:_ADCB_EVT_ISR)
                  0000891a    0000000a     F2837xD_DefaultISR.obj (.text:_ADCC1_ISR)
                  00008924    0000000a     F2837xD_DefaultISR.obj (.text:_ADCC2_ISR)
                  0000892e    0000000a     F2837xD_DefaultISR.obj (.text:_ADCC3_ISR)
                  00008938    0000000a     F2837xD_DefaultISR.obj (.text:_ADCC4_ISR)
                  00008942    0000000a     F2837xD_DefaultISR.obj (.text:_ADCC_EVT_ISR)
                  0000894c    0000000a     F2837xD_DefaultISR.obj (.text:_ADCD1_ISR)
                  00008956    0000000a     F2837xD_DefaultISR.obj (.text:_ADCD2_ISR)
                  00008960    0000000a     F2837xD_DefaultISR.obj (.text:_ADCD3_ISR)
                  0000896a    0000000a     F2837xD_DefaultISR.obj (.text:_ADCD4_ISR)
                  00008974    0000000a     F2837xD_DefaultISR.obj (.text:_ADCD_EVT_ISR)
                  0000897e    0000000a     F2837xD_DefaultISR.obj (.text:_AUX_PLL_SLIP_ISR)
                  00008988    0000000a     F2837xD_DefaultISR.obj (.text:_CANA0_ISR)
                  00008992    0000000a     F2837xD_DefaultISR.obj (.text:_CANA1_ISR)
                  0000899c    0000000a     F2837xD_DefaultISR.obj (.text:_CANB0_ISR)
                  000089a6    0000000a     F2837xD_DefaultISR.obj (.text:_CANB1_ISR)
                  000089b0    0000000a     F2837xD_DefaultISR.obj (.text:_CLA1_1_ISR)
                  000089ba    0000000a     F2837xD_DefaultISR.obj (.text:_CLA1_2_ISR)
                  000089c4    0000000a     F2837xD_DefaultISR.obj (.text:_CLA1_3_ISR)
                  000089ce    0000000a     F2837xD_DefaultISR.obj (.text:_CLA1_4_ISR)
                  000089d8    0000000a     F2837xD_DefaultISR.obj (.text:_CLA1_5_ISR)
                  000089e2    0000000a     F2837xD_DefaultISR.obj (.text:_CLA1_6_ISR)
                  000089ec    0000000a     F2837xD_DefaultISR.obj (.text:_CLA1_7_ISR)
                  000089f6    0000000a     F2837xD_DefaultISR.obj (.text:_CLA1_8_ISR)
                  00008a00    0000000a     F2837xD_DefaultISR.obj (.text:_CLA_OVERFLOW_ISR)
                  00008a0a    0000000a     F2837xD_DefaultISR.obj (.text:_CLA_UNDERFLOW_ISR)
                  00008a14    0000000a     F2837xD_DefaultISR.obj (.text:_DATALOG_ISR)
                  00008a1e    0000000a     F2837xD_DefaultISR.obj (.text:_DMA_CH1_ISR)
                  00008a28    0000000a     F2837xD_DefaultISR.obj (.text:_DMA_CH2_ISR)
                  00008a32    0000000a     F2837xD_DefaultISR.obj (.text:_DMA_CH3_ISR)
                  00008a3c    0000000a     F2837xD_DefaultISR.obj (.text:_DMA_CH4_ISR)
                  00008a46    0000000a     F2837xD_DefaultISR.obj (.text:_DMA_CH5_ISR)
                  00008a50    0000000a     F2837xD_DefaultISR.obj (.text:_DMA_CH6_ISR)
                  00008a5a    0000000a     F2837xD_DefaultISR.obj (.text:_ECAP1_ISR)
                  00008a64    0000000a     F2837xD_DefaultISR.obj (.text:_ECAP2_ISR)
                  00008a6e    0000000a     F2837xD_DefaultISR.obj (.text:_ECAP3_ISR)
                  00008a78    0000000a     F2837xD_DefaultISR.obj (.text:_ECAP4_ISR)
                  00008a82    0000000a     F2837xD_DefaultISR.obj (.text:_ECAP5_ISR)
                  00008a8c    0000000a     F2837xD_DefaultISR.obj (.text:_ECAP6_ISR)
                  00008a96    0000000a     F2837xD_DefaultISR.obj (.text:_EMIF_ERROR_ISR)
                  00008aa0    0000000a     F2837xD_DefaultISR.obj (.text:_EMU_ISR)
                  00008aaa    0000000a     F2837xD_DefaultISR.obj (.text:_EPWM10_ISR)
                  00008ab4    0000000a     F2837xD_DefaultISR.obj (.text:_EPWM10_TZ_ISR)
                  00008abe    0000000a     F2837xD_DefaultISR.obj (.text:_EPWM11_ISR)
                  00008ac8    0000000a     F2837xD_DefaultISR.obj (.text:_EPWM11_TZ_ISR)
                  00008ad2    0000000a     F2837xD_DefaultISR.obj (.text:_EPWM12_ISR)
                  00008adc    0000000a     F2837xD_DefaultISR.obj (.text:_EPWM12_TZ_ISR)
                  00008ae6    0000000a     F2837xD_DefaultISR.obj (.text:_EPWM1_ISR)
                  00008af0    0000000a     F2837xD_DefaultISR.obj (.text:_EPWM1_TZ_ISR)
                  00008afa    0000000a     F2837xD_DefaultISR.obj (.text:_EPWM2_ISR)
                  00008b04    0000000a     F2837xD_DefaultISR.obj (.text:_EPWM2_TZ_ISR)
                  00008b0e    0000000a     F2837xD_DefaultISR.obj (.text:_EPWM3_ISR)
                  00008b18    0000000a     F2837xD_DefaultISR.obj (.text:_EPWM3_TZ_ISR)
                  00008b22    0000000a     F2837xD_DefaultISR.obj (.text:_EPWM4_ISR)
                  00008b2c    0000000a     F2837xD_DefaultISR.obj (.text:_EPWM4_TZ_ISR)
                  00008b36    0000000a     F2837xD_DefaultISR.obj (.text:_EPWM5_ISR)
                  00008b40    0000000a     F2837xD_DefaultISR.obj (.text:_EPWM5_TZ_ISR)
                  00008b4a    0000000a     F2837xD_DefaultISR.obj (.text:_EPWM6_ISR)
                  00008b54    0000000a     F2837xD_DefaultISR.obj (.text:_EPWM6_TZ_ISR)
                  00008b5e    0000000a     F2837xD_DefaultISR.obj (.text:_EPWM7_ISR)
                  00008b68    0000000a     F2837xD_DefaultISR.obj (.text:_EPWM7_TZ_ISR)
                  00008b72    0000000a     F2837xD_DefaultISR.obj (.text:_EPWM8_ISR)
                  00008b7c    0000000a     F2837xD_DefaultISR.obj (.text:_EPWM8_TZ_ISR)
                  00008b86    0000000a     F2837xD_DefaultISR.obj (.text:_EPWM9_ISR)
                  00008b90    0000000a     F2837xD_DefaultISR.obj (.text:_EPWM9_TZ_ISR)
                  00008b9a    0000000a     F2837xD_DefaultISR.obj (.text:_EQEP1_ISR)
                  00008ba4    0000000a     F2837xD_DefaultISR.obj (.text:_EQEP2_ISR)
                  00008bae    0000000a     F2837xD_DefaultISR.obj (.text:_EQEP3_ISR)
                  00008bb8    0000000a     F2837xD_DefaultISR.obj (.text:_FLASH_CORRECTABLE_ERROR_ISR)
                  00008bc2    0000000a     F2837xD_DefaultISR.obj (.text:_FPU_OVERFLOW_ISR)
                  00008bcc    0000000a     F2837xD_DefaultISR.obj (.text:_FPU_UNDERFLOW_ISR)
                  00008bd6    0000000a     F2837xD_DefaultISR.obj (.text:_I2CA_FIFO_ISR)
                  00008be0    0000000a     F2837xD_DefaultISR.obj (.text:_I2CA_ISR)
                  00008bea    0000000a     F2837xD_DefaultISR.obj (.text:_I2CB_FIFO_ISR)
                  00008bf4    0000000a     F2837xD_DefaultISR.obj (.text:_I2CB_ISR)
                  00008bfe    0000000a     F2837xD_DefaultISR.obj (.text:_ILLEGAL_ISR)
                  00008c08    0000000a     F2837xD_DefaultISR.obj (.text:_IPC0_ISR)
                  00008c12    0000000a     F2837xD_DefaultISR.obj (.text:_IPC1_ISR)
                  00008c1c    0000000a     F2837xD_DefaultISR.obj (.text:_IPC2_ISR)
                  00008c26    0000000a     F2837xD_DefaultISR.obj (.text:_IPC3_ISR)
                  00008c30    0000000a     F2837xD_DefaultISR.obj (.text:_MCBSPA_RX_ISR)
                  00008c3a    0000000a     F2837xD_DefaultISR.obj (.text:_MCBSPA_TX_ISR)
                  00008c44    0000000a     F2837xD_DefaultISR.obj (.text:_MCBSPB_RX_ISR)
                  00008c4e    0000000a     F2837xD_DefaultISR.obj (.text:_MCBSPB_TX_ISR)
                  00008c58    0000000a     F2837xD_DefaultISR.obj (.text:_NMI_ISR)
                  00008c62    0000000a     F2837xD_DefaultISR.obj (.text:_NOTUSED_ISR)
                  00008c6c    0000000a     F2837xD_DefaultISR.obj (.text:_PIE_RESERVED_ISR)
                  00008c76    0000000a     F2837xD_DefaultISR.obj (.text:_RAM_ACCESS_VIOLATION_ISR)
                  00008c80    0000000a     F2837xD_DefaultISR.obj (.text:_RAM_CORRECTABLE_ERROR_ISR)
                  00008c8a    0000000a     F2837xD_DefaultISR.obj (.text:_RTOS_ISR)
                  00008c94    0000000a     F2837xD_DefaultISR.obj (.text:_SCIA_RX_ISR)
                  00008c9e    0000000a     F2837xD_DefaultISR.obj (.text:_SCIA_TX_ISR)
                  00008ca8    0000000a     F2837xD_DefaultISR.obj (.text:_SCIB_RX_ISR)
                  00008cb2    0000000a     F2837xD_DefaultISR.obj (.text:_SCIB_TX_ISR)
                  00008cbc    0000000a     F2837xD_DefaultISR.obj (.text:_SCIC_RX_ISR)
                  00008cc6    0000000a     F2837xD_DefaultISR.obj (.text:_SCIC_TX_ISR)
                  00008cd0    0000000a     F2837xD_DefaultISR.obj (.text:_SCID_RX_ISR)
                  00008cda    0000000a     F2837xD_DefaultISR.obj (.text:_SCID_TX_ISR)
                  00008ce4    0000000a     F2837xD_DefaultISR.obj (.text:_SD1_ISR)
                  00008cee    0000000a     F2837xD_DefaultISR.obj (.text:_SD2_ISR)
                  00008cf8    0000000a     F2837xD_DefaultISR.obj (.text:_SPIA_RX_ISR)
                  00008d02    0000000a     F2837xD_DefaultISR.obj (.text:_SPIA_TX_ISR)
                  00008d0c    0000000a     F2837xD_DefaultISR.obj (.text:_SPIB_RX_ISR)
                  00008d16    0000000a     F2837xD_DefaultISR.obj (.text:_SPIB_TX_ISR)
                  00008d20    0000000a     F2837xD_DefaultISR.obj (.text:_SPIC_RX_ISR)
                  00008d2a    0000000a     F2837xD_DefaultISR.obj (.text:_SPIC_TX_ISR)
                  00008d34    0000000a     F2837xD_DefaultISR.obj (.text:_SYS_PLL_SLIP_ISR)
                  00008d3e    0000000a     F2837xD_DefaultISR.obj (.text:_TIMER0_ISR)
                  00008d48    0000000a     F2837xD_DefaultISR.obj (.text:_TIMER1_ISR)
                  00008d52    0000000a     F2837xD_DefaultISR.obj (.text:_TIMER2_ISR)
                  00008d5c    0000000a     F2837xD_DefaultISR.obj (.text:_UPPA_ISR)
                  00008d66    0000000a     F2837xD_DefaultISR.obj (.text:_USBA_ISR)
                  00008d70    0000000a     F2837xD_DefaultISR.obj (.text:_USER10_ISR)
                  00008d7a    0000000a     F2837xD_DefaultISR.obj (.text:_USER11_ISR)
                  00008d84    0000000a     F2837xD_DefaultISR.obj (.text:_USER12_ISR)
                  00008d8e    0000000a     F2837xD_DefaultISR.obj (.text:_USER1_ISR)
                  00008d98    0000000a     F2837xD_DefaultISR.obj (.text:_USER2_ISR)
                  00008da2    0000000a     F2837xD_DefaultISR.obj (.text:_USER3_ISR)
                  00008dac    0000000a     F2837xD_DefaultISR.obj (.text:_USER4_ISR)
                  00008db6    0000000a     F2837xD_DefaultISR.obj (.text:_USER5_ISR)
                  00008dc0    0000000a     F2837xD_DefaultISR.obj (.text:_USER6_ISR)
                  00008dca    0000000a     F2837xD_DefaultISR.obj (.text:_USER7_ISR)
                  00008dd4    0000000a     F2837xD_DefaultISR.obj (.text:_USER8_ISR)
                  00008dde    0000000a     F2837xD_DefaultISR.obj (.text:_USER9_ISR)
                  00008de8    0000000a     F2837xD_DefaultISR.obj (.text:_VCU_ISR)
                  00008df2    0000000a     F2837xD_DefaultISR.obj (.text:_WAKE_ISR)
                  00008dfc    0000000a     F2837xD_DefaultISR.obj (.text:_XINT1_ISR)
                  00008e06    0000000a     F2837xD_DefaultISR.obj (.text:_XINT2_ISR)
                  00008e10    0000000a     F2837xD_DefaultISR.obj (.text:_XINT3_ISR)
                  00008e1a    0000000a     F2837xD_DefaultISR.obj (.text:_XINT4_ISR)
                  00008e24    0000000a     F2837xD_DefaultISR.obj (.text:_XINT5_ISR)
                  00008e2e    0000000a     SGEN_1CH_F32_TMU.obj (.text:_sine_1ch_f32_tmu_sync)
                  00008e38    00000009     rts2800_fpu32.lib : _lock.c.obj (.text)
                  00008e41    00000008     F2837xD_CodeStartBranch.obj (.text)

MODULE SUMMARY

       Module                           code   initialized data   uninitialized data
       ------                           ----   ----------------   ------------------
    .\
       F2837xD_GlobalVariableDefs.obj   0      0                  9870              
       LAB2_ADC_CPU1.obj                419    23                 2086              
       F2837xD_DefaultISR.obj           1413   0                  0                 
       F2837xD_SysCtrl.obj              767    0                  0                 
       F2837xD_PieVect.obj              38     448                0                 
       F2837xD_Adc.obj                  240    0                  0                 
       F2837xD_CpuTimers.obj            130    0                  24                
       SGEN_1CH_F32_TMU.obj             142    0                  0                 
       F2837xD_Gpio.obj                 84     0                  0                 
       F2837xD_PieCtrl.obj              31     0                  0                 
       F2837xD_CodeStartBranch.obj      10     0                  0                 
       F2837xD_usDelay.obj              4      0                  0                 
    +--+--------------------------------+------+------------------+--------------------+
       Total:                           3278   471                11980             
                                                                                    
    .\device\
       device.obj                       0      34                 6                 
    +--+--------------------------------+------+------------------+--------------------+
       Total:                           0      34                 6                 
                                                                                    
    C:/SyncWorks/System_V700_TR2837xD/LAB/LAB2_ADC_CPU1/device/driverlib/ccs/Debug/driverlib_coff.lib
       sysctl.obj                       4      194                0                 
       gpio.obj                         0      188                0                 
    +--+--------------------------------+------+------------------+--------------------+
       Total:                           4      382                0                 
                                                                                    
    C:\ti\ccs1220\ccs\tools\compiler\ti-cgt-c2000_22.6.0.LTS\lib\rts2800_fpu32.lib
       fs_div28.asm.obj                 136    0                  0                 
       boot28.asm.obj                   86     0                  0                 
       exit.c.obj                       41     14                 6                 
       cpy_tbl.c.obj                    36     0                  0                 
       memcpy.c.obj                     29     0                  0                 
       ll_aox28.asm.obj                 24     0                  0                 
       _lock.c.obj                      9      10                 4                 
       args_main.c.obj                  18     0                  0                 
       pre_init.c.obj                   2      0                  0                 
       startup.c.obj                    1      0                  0                 
    +--+--------------------------------+------+------------------+--------------------+
       Total:                           382    24                 10                
                                                                                    
       Stack:                           0      0                  1016              
    +--+--------------------------------+------+------------------+--------------------+
       Grand Total:                     3664   911                13012             


GLOBAL DATA SYMBOLS: SORTED BY DATA PAGE

address     data page           name
--------    ----------------    ----
00000400      10 (00000400)     __stack

00000b00      2c (00000b00)     _AdcaResultRegs
00000b20      2c (00000b00)     _AdcbResultRegs

00000b40      2d (00000b40)     _AdccResultRegs
00000b60      2d (00000b40)     _AdcdResultRegs

00000c00      30 (00000c00)     _CpuTimer0Regs
00000c08      30 (00000c00)     _CpuTimer1Regs
00000c10      30 (00000c00)     _CpuTimer2Regs

00000ce0      33 (00000cc0)     _PieCtrlRegs

00000d00      34 (00000d00)     _PieVectTable

00001000      40 (00001000)     _DmaRegs

00001400      50 (00001400)     _Cla1Regs

00003000      c0 (00003000)     _Clb1LogicCfgRegs

00003100      c4 (00003100)     _Clb1LogicCtrlRegs

00003200      c8 (00003200)     _Clb1DataExchRegs

00003400      d0 (00003400)     _Clb2LogicCfgRegs

00003500      d4 (00003500)     _Clb2LogicCtrlRegs

00003600      d8 (00003600)     _Clb2DataExchRegs

00003800      e0 (00003800)     _Clb3LogicCfgRegs

00003900      e4 (00003900)     _Clb3LogicCtrlRegs

00003a00      e8 (00003a00)     _Clb3DataExchRegs

00003c00      f0 (00003c00)     _Clb4LogicCfgRegs

00003d00      f4 (00003d00)     _Clb4LogicCtrlRegs

00003e00      f8 (00003e00)     _Clb4DataExchRegs

00004000     100 (00004000)     _EPwm1Regs

00004100     104 (00004100)     _EPwm2Regs

00004200     108 (00004200)     _EPwm3Regs

00004300     10c (00004300)     _EPwm4Regs

00004400     110 (00004400)     _EPwm5Regs

00004500     114 (00004500)     _EPwm6Regs

00004600     118 (00004600)     _EPwm7Regs

00004700     11c (00004700)     _EPwm8Regs

00004800     120 (00004800)     _EPwm9Regs

00004900     124 (00004900)     _EPwm10Regs

00004a00     128 (00004a00)     _EPwm11Regs

00004b00     12c (00004b00)     _EPwm12Regs

00005000     140 (00005000)     _ECap1Regs
00005020     140 (00005000)     _ECap2Regs

00005040     141 (00005040)     _ECap3Regs
00005060     141 (00005040)     _ECap4Regs

00005080     142 (00005080)     _ECap5Regs
000050a0     142 (00005080)     _ECap6Regs

00005100     144 (00005100)     _EQep1Regs

00005140     145 (00005140)     _EQep2Regs

00005180     146 (00005180)     _EQep3Regs

00005c00     170 (00005c00)     _DacaRegs
00005c10     170 (00005c00)     _DacbRegs
00005c20     170 (00005c00)     _DaccRegs

00005c80     172 (00005c80)     _Cmpss1Regs
00005ca0     172 (00005c80)     _Cmpss2Regs

00005cc0     173 (00005cc0)     _Cmpss3Regs
00005ce0     173 (00005cc0)     _Cmpss4Regs

00005d00     174 (00005d00)     _Cmpss5Regs
00005d20     174 (00005d00)     _Cmpss6Regs

00005d40     175 (00005d40)     _Cmpss7Regs
00005d60     175 (00005d40)     _Cmpss8Regs

00005e00     178 (00005e00)     _Sdfm1Regs

00005e80     17a (00005e80)     _Sdfm2Regs

00006000     180 (00006000)     _McbspaRegs

00006040     181 (00006040)     _McbspbRegs

00006100     184 (00006100)     _SpiaRegs
00006110     184 (00006100)     _SpibRegs
00006120     184 (00006100)     _SpicRegs

00006200     188 (00006200)     _UppRegs

00007000     1c0 (00007000)     _WdRegs

00007060     1c1 (00007040)     _NmiIntruptRegs
00007070     1c1 (00007040)     _XintRegs

00007200     1c8 (00007200)     _SciaRegs
00007210     1c8 (00007200)     _ScibRegs
00007220     1c8 (00007200)     _ScicRegs
00007230     1c8 (00007200)     _ScidRegs

00007300     1cc (00007300)     _I2caRegs

00007340     1cd (00007340)     _I2cbRegs

00007400     1d0 (00007400)     _AdcaRegs

00007480     1d2 (00007480)     _AdcbRegs

00007500     1d4 (00007500)     _AdccRegs

00007580     1d6 (00007580)     _AdcdRegs

00007900     1e4 (00007900)     _InputXbarRegs
00007920     1e4 (00007900)     _XbarRegs

00007940     1e5 (00007940)     _SyncSocRegs

00007980     1e6 (00007980)     _DmaClaSrcSelRegs

00007a00     1e8 (00007a00)     _EPwmXbarRegs

00007a40     1e9 (00007a40)     _ClbXbarRegs

00007a80     1ea (00007a80)     _OutputXbarRegs

00007c00     1f0 (00007c00)     _GpioCtrlRegs

00007f00     1fc (00007f00)     _GpioDataRegs

0000a800     2a0 (0000a800)     _PieVectTableInit

00017000     5c0 (00017000)     _Buffer_A0

00017400     5d0 (00017400)     _Buffer_A1

00017800     5e0 (00017800)     _sgen1chf
00017814     5e0 (00017800)     _AdcResultA0
00017815     5e0 (00017800)     _AdcResultA1
00017816     5e0 (00017800)     _BufferPointer
00017818     5e0 (00017800)     _BackTickerCpu1
0001781a     5e0 (00017800)     _Xint1IsrTicker
0001781c     5e0 (00017800)     _SineOutFrequency
0001781e     5e0 (00017800)     _AdcIsrTicker
00017820     5e0 (00017800)     _AdcPpbIsrTicker
00017822     5e0 (00017800)     _AdcPpbTripHigh
00017824     5e0 (00017800)     _AdcPpbTripLow
00017826     5e0 (00017800)     _CpuTimer0
0001782e     5e0 (00017800)     _CpuTimer1
00017836     5e0 (00017800)     _CpuTimer2
0001783e     5e0 (00017800)     __lock

00017840     5e1 (00017840)     _Example_Result
00017842     5e1 (00017840)     _Example_PassCount
00017844     5e1 (00017840)     _Example_Fail
00017846     5e1 (00017840)     ___TI_enable_exit_profile_output
00017848     5e1 (00017840)     ___TI_cleanup_ptr
0001784a     5e1 (00017840)     ___TI_dtors_ptr
0001784c     5e1 (00017840)     __unlock

00047000    11c0 (00047000)     _Emif1Regs

00047800    11e0 (00047800)     _Emif2Regs

00048000    1200 (00048000)     _CanaRegs

0004a000    1280 (0004a000)     _CanbRegs

00050000    1400 (00050000)     _IpcRegs
00050024    1400 (00050000)     _FlashPumpSemaphoreRegs

0005d000    1740 (0005d000)     _DevCfgRegs

0005d180    1746 (0005d180)     _AnalogSubsysRegs

0005d200    1748 (0005d200)     _ClkCfgRegs

0005d300    174c (0005d300)     _CpuSysRegs

0005e608    1798 (0005e600)     _RomPrefetchRegs

0005f000    17c0 (0005f000)     _DcsmZ1Regs

0005f040    17c1 (0005f040)     _DcsmZ2Regs
0005f070    17c1 (0005f040)     _DcsmCommonRegs

0005f400    17d0 (0005f400)     _MemCfgRegs

0005f480    17d2 (0005f480)     _Emif1ConfigRegs
0005f4a0    17d2 (0005f480)     _Emif2ConfigRegs

0005f4c0    17d3 (0005f4c0)     _AccessProtectionRegs

0005f500    17d4 (0005f500)     _MemoryErrorRegs

0005f540    17d5 (0005f540)     _RomWaitStateRegs

0005f800    17e0 (0005f800)     _Flash0CtrlRegs

0005fb00    17ec (0005fb00)     _Flash0EccRegs

000703c0    1c0f (000703c0)     _UidRegs


GLOBAL SYMBOLS: SORTED ALPHABETICALLY BY Name 

page  address   name                                  
----  -------   ----                                  
abs   ffffffff  .text                                 
0     000086ce  C$$EXIT                               
0     000082a4  FS$$DIV                               
0     00008819  LL$$AND                               
0     00008821  LL$$OR                                
0     00008829  LL$$XOR                               
0     000088b6  _ADCA1_ISR                            
0     000088c0  _ADCA2_ISR                            
0     000088ca  _ADCA3_ISR                            
0     000088d4  _ADCA4_ISR                            
0     000088de  _ADCA_EVT_ISR                         
0     000088e8  _ADCB1_ISR                            
0     000088f2  _ADCB2_ISR                            
0     000088fc  _ADCB3_ISR                            
0     00008906  _ADCB4_ISR                            
0     00008910  _ADCB_EVT_ISR                         
0     0000891a  _ADCC1_ISR                            
0     00008924  _ADCC2_ISR                            
0     0000892e  _ADCC3_ISR                            
0     00008938  _ADCC4_ISR                            
0     00008942  _ADCC_EVT_ISR                         
0     0000894c  _ADCD1_ISR                            
0     00008956  _ADCD2_ISR                            
0     00008960  _ADCD3_ISR                            
0     0000896a  _ADCD4_ISR                            
0     00008974  _ADCD_EVT_ISR                         
0     0000897e  _AUX_PLL_SLIP_ISR                     
1     0005f4c0  _AccessProtectionRegs                 
1     0001781e  _AdcIsrTicker                         
1     00017820  _AdcPpbIsrTicker                      
1     00017822  _AdcPpbTripHigh                       
1     00017824  _AdcPpbTripLow                        
1     00017814  _AdcResultA0                          
1     00017815  _AdcResultA1                          
0     000081ee  _AdcSetMode                           
0     0000861e  _AdcaIsr                              
1     00007400  _AdcaRegs                             
1     00000b00  _AdcaResultRegs                       
1     00007480  _AdcbRegs                             
1     00000b20  _AdcbResultRegs                       
1     00007500  _AdccRegs                             
1     00000b40  _AdccResultRegs                       
1     00007580  _AdcdRegs                             
1     00000b60  _AdcdResultRegs                       
1     0005d180  _AnalogSubsysRegs                     
1     00017818  _BackTickerCpu1                       
1     00017816  _BufferPointer                        
1     00017000  _Buffer_A0                            
1     00017400  _Buffer_A1                            
0     00008988  _CANA0_ISR                            
0     00008992  _CANA1_ISR                            
0     0000899c  _CANB0_ISR                            
0     000089a6  _CANB1_ISR                            
0     000089b0  _CLA1_1_ISR                           
0     000089ba  _CLA1_2_ISR                           
0     000089c4  _CLA1_3_ISR                           
0     000089ce  _CLA1_4_ISR                           
0     000089d8  _CLA1_5_ISR                           
0     000089e2  _CLA1_6_ISR                           
0     000089ec  _CLA1_7_ISR                           
0     000089f6  _CLA1_8_ISR                           
0     00008a00  _CLA_OVERFLOW_ISR                     
0     00008a0a  _CLA_UNDERFLOW_ISR                    
0     00008694  _CalAdcINL                            
1     00048000  _CanaRegs                             
1     0004a000  _CanbRegs                             
1     00001400  _Cla1Regs                             
1     00003200  _Clb1DataExchRegs                     
1     00003000  _Clb1LogicCfgRegs                     
1     00003100  _Clb1LogicCtrlRegs                    
1     00003600  _Clb2DataExchRegs                     
1     00003400  _Clb2LogicCfgRegs                     
1     00003500  _Clb2LogicCtrlRegs                    
1     00003a00  _Clb3DataExchRegs                     
1     00003800  _Clb3LogicCfgRegs                     
1     00003900  _Clb3LogicCtrlRegs                    
1     00003e00  _Clb4DataExchRegs                     
1     00003c00  _Clb4LogicCfgRegs                     
1     00003d00  _Clb4LogicCtrlRegs                    
1     00007a40  _ClbXbarRegs                          
1     0005d200  _ClkCfgRegs                           
1     00005c80  _Cmpss1Regs                           
1     00005ca0  _Cmpss2Regs                           
1     00005cc0  _Cmpss3Regs                           
1     00005ce0  _Cmpss4Regs                           
1     00005d00  _Cmpss5Regs                           
1     00005d20  _Cmpss6Regs                           
1     00005d40  _Cmpss7Regs                           
1     00005d60  _Cmpss8Regs                           
0     00008659  _ConfigCpuTimer                       
0     000087a5  _ConfigureTMXAnalogTrim               
1     0005d300  _CpuSysRegs                           
1     00017826  _CpuTimer0                            
1     00000c00  _CpuTimer0Regs                        
0     0000851d  _CpuTimer0_ISR                        
1     0001782e  _CpuTimer1                            
1     00000c08  _CpuTimer1Regs                        
1     00017836  _CpuTimer2                            
1     00000c10  _CpuTimer2Regs                        
0     00008a14  _DATALOG_ISR                          
0     00008a1e  _DMA_CH1_ISR                          
0     00008a28  _DMA_CH2_ISR                          
0     00008a32  _DMA_CH3_ISR                          
0     00008a3c  _DMA_CH4_ISR                          
0     00008a46  _DMA_CH5_ISR                          
0     00008a50  _DMA_CH6_ISR                          
1     00005c00  _DacaRegs                             
1     00005c10  _DacbRegs                             
1     00005c20  _DaccRegs                             
1     0005f070  _DcsmCommonRegs                       
1     0005f000  _DcsmZ1Regs                           
1     0005f040  _DcsmZ2Regs                           
1     0005d000  _DevCfgRegs                           
0     0000888d  _DisableDog                           
1     00007980  _DmaClaSrcSelRegs                     
1     00001000  _DmaRegs                              
0     00008a5a  _ECAP1_ISR                            
0     00008a64  _ECAP2_ISR                            
0     00008a6e  _ECAP3_ISR                            
0     00008a78  _ECAP4_ISR                            
0     00008a82  _ECAP5_ISR                            
0     00008a8c  _ECAP6_ISR                            
1     00005000  _ECap1Regs                            
1     00005020  _ECap2Regs                            
1     00005040  _ECap3Regs                            
1     00005060  _ECap4Regs                            
1     00005080  _ECap5Regs                            
1     000050a0  _ECap6Regs                            
0     00008a96  _EMIF_ERROR_ISR                       
0     000088a9  _EMPTY_ISR                            
0     00008aa0  _EMU_ISR                              
0     00008aaa  _EPWM10_ISR                           
0     00008ab4  _EPWM10_TZ_ISR                        
0     00008abe  _EPWM11_ISR                           
0     00008ac8  _EPWM11_TZ_ISR                        
0     00008ad2  _EPWM12_ISR                           
0     00008adc  _EPWM12_TZ_ISR                        
0     00008ae6  _EPWM1_ISR                            
0     00008af0  _EPWM1_TZ_ISR                         
0     00008afa  _EPWM2_ISR                            
0     00008b04  _EPWM2_TZ_ISR                         
0     00008b0e  _EPWM3_ISR                            
0     00008b18  _EPWM3_TZ_ISR                         
0     00008b22  _EPWM4_ISR                            
0     00008b2c  _EPWM4_TZ_ISR                         
0     00008b36  _EPWM5_ISR                            
0     00008b40  _EPWM5_TZ_ISR                         
0     00008b4a  _EPWM6_ISR                            
0     00008b54  _EPWM6_TZ_ISR                         
0     00008b5e  _EPWM7_ISR                            
0     00008b68  _EPWM7_TZ_ISR                         
0     00008b72  _EPWM8_ISR                            
0     00008b7c  _EPWM8_TZ_ISR                         
0     00008b86  _EPWM9_ISR                            
0     00008b90  _EPWM9_TZ_ISR                         
1     00004900  _EPwm10Regs                           
1     00004a00  _EPwm11Regs                           
1     00004b00  _EPwm12Regs                           
1     00004000  _EPwm1Regs                            
1     00004100  _EPwm2Regs                            
1     00004200  _EPwm3Regs                            
1     00004300  _EPwm4Regs                            
1     00004400  _EPwm5Regs                            
1     00004500  _EPwm6Regs                            
1     00004600  _EPwm7Regs                            
1     00004700  _EPwm8Regs                            
1     00004800  _EPwm9Regs                            
1     00007a00  _EPwmXbarRegs                         
0     00008b9a  _EQEP1_ISR                            
0     00008ba4  _EQEP2_ISR                            
0     00008bae  _EQEP3_ISR                            
1     00005100  _EQep1Regs                            
1     00005140  _EQep2Regs                            
1     00005180  _EQep3Regs                            
1     0005f480  _Emif1ConfigRegs                      
1     00047000  _Emif1Regs                            
1     0005f4a0  _Emif2ConfigRegs                      
1     00047800  _Emif2Regs                            
1     00017844  _Example_Fail                         
1     00017842  _Example_PassCount                    
1     00017840  _Example_Result                       
0     0000b040  _F28x_usDelay                         
0     00008bb8  _FLASH_CORRECTABLE_ERROR_ISR          
0     00008bc2  _FPU_OVERFLOW_ISR                     
0     00008bcc  _FPU_UNDERFLOW_ISR                    
1     0005f800  _Flash0CtrlRegs                       
1     0005fb00  _Flash0EccRegs                        
1     00050024  _FlashPumpSemaphoreRegs               
0     00008831  _GPIO_EnableUnbondedIOPullups         
0     0000871d  _GPIO_EnableUnbondedIOPullupsFor100Pin
0     00008800  _GPIO_EnableUnbondedIOPullupsFor176Pin
1     00007c00  _GpioCtrlRegs                         
1     00007f00  _GpioDataRegs                         
0     00008bd6  _I2CA_FIFO_ISR                        
0     00008be0  _I2CA_ISR                             
0     00008bea  _I2CB_FIFO_ISR                        
0     00008bf4  _I2CB_ISR                             
1     00007300  _I2caRegs                             
1     00007340  _I2cbRegs                             
0     00008bfe  _ILLEGAL_ISR                          
0     00008c08  _IPC0_ISR                             
0     00008c12  _IPC1_ISR                             
0     00008c1c  _IPC2_ISR                             
0     00008c26  _IPC3_ISR                             
0     000084b7  _InitAdcaModule                       
0     000085d7  _InitCpuTimers                        
0     000087df  _InitDacaModule                       
0     0000832c  _InitPeripheralClocks                 
0     00008786  _InitPieCtrl                          
0     000086f7  _InitPieVectTable                     
0     00008766  _InitSysCtrl                          
0     00008000  _InitSysPll                           
1     00007900  _InputXbarRegs                        
1     00050000  _IpcRegs                              
0     00008c30  _MCBSPA_RX_ISR                        
0     00008c3a  _MCBSPA_TX_ISR                        
0     00008c44  _MCBSPB_RX_ISR                        
0     00008c4e  _MCBSPB_TX_ISR                        
1     00006000  _McbspaRegs                           
1     00006040  _McbspbRegs                           
1     0005f400  _MemCfgRegs                           
1     0005f500  _MemoryErrorRegs                      
0     00008c58  _NMI_ISR                              
0     00008c62  _NOTUSED_ISR                          
1     00007060  _NmiIntruptRegs                       
1     00007a80  _OutputXbarRegs                       
0     00008c6c  _PIE_RESERVED_ISR                     
1     00000ce0  _PieCtrlRegs                          
1     00000d00  _PieVectTable                         
1     0000a800  _PieVectTableInit                     
0     00008c76  _RAM_ACCESS_VIOLATION_ISR             
0     00008c80  _RAM_CORRECTABLE_ERROR_ISR            
0     00008c8a  _RTOS_ISR                             
1     0005e608  _RomPrefetchRegs                      
1     0005f540  _RomWaitStateRegs                     
0     00008c94  _SCIA_RX_ISR                          
0     00008c9e  _SCIA_TX_ISR                          
0     00008ca8  _SCIB_RX_ISR                          
0     00008cb2  _SCIB_TX_ISR                          
0     00008cbc  _SCIC_RX_ISR                          
0     00008cc6  _SCIC_TX_ISR                          
0     00008cd0  _SCID_RX_ISR                          
0     00008cda  _SCID_TX_ISR                          
0     00008ce4  _SD1_ISR                              
0     00008cee  _SD2_ISR                              
0     00008cf8  _SPIA_RX_ISR                          
0     00008d02  _SPIA_TX_ISR                          
0     00008d0c  _SPIB_RX_ISR                          
0     00008d16  _SPIB_TX_ISR                          
0     00008d20  _SPIC_RX_ISR                          
0     00008d2a  _SPIC_TX_ISR                          
0     00008d34  _SYS_PLL_SLIP_ISR                     
1     00007200  _SciaRegs                             
1     00007210  _ScibRegs                             
1     00007220  _ScicRegs                             
1     00007230  _ScidRegs                             
1     00005e00  _Sdfm1Regs                            
1     00005e80  _Sdfm2Regs                            
0     0000889b  _ServiceDog                           
1     0001781c  _SineOutFrequency                     
1     00006100  _SpiaRegs                             
1     00006110  _SpibRegs                             
1     00006120  _SpicRegs                             
1     00007940  _SyncSocRegs                          
0     0000b044  _SysCtl_delay                         
0     0000886d  _SysIntOsc1Sel                        
0     00008847  _SysIntOsc2Sel                        
0     0000887d  _SysXtalOscSel                        
0     00008d3e  _TIMER0_ISR                           
0     00008d48  _TIMER1_ISR                           
0     00008d52  _TIMER2_ISR                           
0     00008d5c  _UPPA_ISR                             
0     00008d66  _USBA_ISR                             
0     00008d70  _USER10_ISR                           
0     00008d7a  _USER11_ISR                           
0     00008d84  _USER12_ISR                           
0     00008d8e  _USER1_ISR                            
0     00008d98  _USER2_ISR                            
0     00008da2  _USER3_ISR                            
0     00008dac  _USER4_ISR                            
0     00008db6  _USER5_ISR                            
0     00008dc0  _USER6_ISR                            
0     00008dca  _USER7_ISR                            
0     00008dd4  _USER8_ISR                            
0     00008dde  _USER9_ISR                            
1     000703c0  _UidRegs                              
1     00006200  _UppRegs                              
0     00008de8  _VCU_ISR                              
0     00008df2  _WAKE_ISR                             
1     00007000  _WdRegs                               
0     00008dfc  _XINT1_ISR                            
0     00008e06  _XINT2_ISR                            
0     00008e10  _XINT3_ISR                            
0     00008e1a  _XINT4_ISR                            
0     00008e24  _XINT5_ISR                            
1     00007920  _XbarRegs                             
1     0001781a  _Xint1IsrTicker                       
1     00007070  _XintRegs                             
1     000007f8  __STACK_END                           
abs   000003f8  __STACK_SIZE                          
1     00017848  ___TI_cleanup_ptr                     
1     0001784a  ___TI_dtors_ptr                       
1     00017846  ___TI_enable_exit_profile_output      
abs   ffffffff  ___TI_pprof_out_hndl                  
abs   ffffffff  ___TI_prof_data_size                  
abs   ffffffff  ___TI_prof_data_start                 
abs   ffffffff  ___binit__                            
abs   ffffffff  ___c_args__                           
0     0000b000  ___cinit__                            
abs   ffffffff  ___etext__                            
abs   ffffffff  ___pinit__                            
abs   ffffffff  ___text__                             
0     0000885b  __args_main                           
1     0001783e  __lock                                
0     00008e40  __nop                                 
0     00008e3c  __register_lock                       
0     00008e38  __register_unlock                     
1     00000400  __stack                               
0     000087fc  __system_post_cinit                   
0     000087fa  __system_pre_init                     
1     0001784c  __unlock                              
0     000086ce  _abort                                
0     00008581  _c_int00                              
0     00008742  _copy_in                              
0     000086d0  _exit                                 
0     00008434  _main                                 
0     000087c2  _memcpy                               
1     00017800  _sgen1chf                             
0     000083b0  _sine_1ch_f32_tmu_calc                
0     00008e2e  _sine_1ch_f32_tmu_sync                
abs   ffffffff  binit                                 
0     0000b000  cinit                                 
0     00000000  code_start                            
abs   ffffffff  etext                                 
abs   ffffffff  pinit                                 


GLOBAL SYMBOLS: SORTED BY Symbol Address 

page  address   name                                  
----  -------   ----                                  
0     00000000  code_start                            
0     00008000  _InitSysPll                           
0     000081ee  _AdcSetMode                           
0     000082a4  FS$$DIV                               
0     0000832c  _InitPeripheralClocks                 
0     000083b0  _sine_1ch_f32_tmu_calc                
0     00008434  _main                                 
0     000084b7  _InitAdcaModule                       
0     0000851d  _CpuTimer0_ISR                        
0     00008581  _c_int00                              
0     000085d7  _InitCpuTimers                        
0     0000861e  _AdcaIsr                              
0     00008659  _ConfigCpuTimer                       
0     00008694  _CalAdcINL                            
0     000086ce  C$$EXIT                               
0     000086ce  _abort                                
0     000086d0  _exit                                 
0     000086f7  _InitPieVectTable                     
0     0000871d  _GPIO_EnableUnbondedIOPullupsFor100Pin
0     00008742  _copy_in                              
0     00008766  _InitSysCtrl                          
0     00008786  _InitPieCtrl                          
0     000087a5  _ConfigureTMXAnalogTrim               
0     000087c2  _memcpy                               
0     000087df  _InitDacaModule                       
0     000087fa  __system_pre_init                     
0     000087fc  __system_post_cinit                   
0     00008800  _GPIO_EnableUnbondedIOPullupsFor176Pin
0     00008819  LL$$AND                               
0     00008821  LL$$OR                                
0     00008829  LL$$XOR                               
0     00008831  _GPIO_EnableUnbondedIOPullups         
0     00008847  _SysIntOsc2Sel                        
0     0000885b  __args_main                           
0     0000886d  _SysIntOsc1Sel                        
0     0000887d  _SysXtalOscSel                        
0     0000888d  _DisableDog                           
0     0000889b  _ServiceDog                           
0     000088a9  _EMPTY_ISR                            
0     000088b6  _ADCA1_ISR                            
0     000088c0  _ADCA2_ISR                            
0     000088ca  _ADCA3_ISR                            
0     000088d4  _ADCA4_ISR                            
0     000088de  _ADCA_EVT_ISR                         
0     000088e8  _ADCB1_ISR                            
0     000088f2  _ADCB2_ISR                            
0     000088fc  _ADCB3_ISR                            
0     00008906  _ADCB4_ISR                            
0     00008910  _ADCB_EVT_ISR                         
0     0000891a  _ADCC1_ISR                            
0     00008924  _ADCC2_ISR                            
0     0000892e  _ADCC3_ISR                            
0     00008938  _ADCC4_ISR                            
0     00008942  _ADCC_EVT_ISR                         
0     0000894c  _ADCD1_ISR                            
0     00008956  _ADCD2_ISR                            
0     00008960  _ADCD3_ISR                            
0     0000896a  _ADCD4_ISR                            
0     00008974  _ADCD_EVT_ISR                         
0     0000897e  _AUX_PLL_SLIP_ISR                     
0     00008988  _CANA0_ISR                            
0     00008992  _CANA1_ISR                            
0     0000899c  _CANB0_ISR                            
0     000089a6  _CANB1_ISR                            
0     000089b0  _CLA1_1_ISR                           
0     000089ba  _CLA1_2_ISR                           
0     000089c4  _CLA1_3_ISR                           
0     000089ce  _CLA1_4_ISR                           
0     000089d8  _CLA1_5_ISR                           
0     000089e2  _CLA1_6_ISR                           
0     000089ec  _CLA1_7_ISR                           
0     000089f6  _CLA1_8_ISR                           
0     00008a00  _CLA_OVERFLOW_ISR                     
0     00008a0a  _CLA_UNDERFLOW_ISR                    
0     00008a14  _DATALOG_ISR                          
0     00008a1e  _DMA_CH1_ISR                          
0     00008a28  _DMA_CH2_ISR                          
0     00008a32  _DMA_CH3_ISR                          
0     00008a3c  _DMA_CH4_ISR                          
0     00008a46  _DMA_CH5_ISR                          
0     00008a50  _DMA_CH6_ISR                          
0     00008a5a  _ECAP1_ISR                            
0     00008a64  _ECAP2_ISR                            
0     00008a6e  _ECAP3_ISR                            
0     00008a78  _ECAP4_ISR                            
0     00008a82  _ECAP5_ISR                            
0     00008a8c  _ECAP6_ISR                            
0     00008a96  _EMIF_ERROR_ISR                       
0     00008aa0  _EMU_ISR                              
0     00008aaa  _EPWM10_ISR                           
0     00008ab4  _EPWM10_TZ_ISR                        
0     00008abe  _EPWM11_ISR                           
0     00008ac8  _EPWM11_TZ_ISR                        
0     00008ad2  _EPWM12_ISR                           
0     00008adc  _EPWM12_TZ_ISR                        
0     00008ae6  _EPWM1_ISR                            
0     00008af0  _EPWM1_TZ_ISR                         
0     00008afa  _EPWM2_ISR                            
0     00008b04  _EPWM2_TZ_ISR                         
0     00008b0e  _EPWM3_ISR                            
0     00008b18  _EPWM3_TZ_ISR                         
0     00008b22  _EPWM4_ISR                            
0     00008b2c  _EPWM4_TZ_ISR                         
0     00008b36  _EPWM5_ISR                            
0     00008b40  _EPWM5_TZ_ISR                         
0     00008b4a  _EPWM6_ISR                            
0     00008b54  _EPWM6_TZ_ISR                         
0     00008b5e  _EPWM7_ISR                            
0     00008b68  _EPWM7_TZ_ISR                         
0     00008b72  _EPWM8_ISR                            
0     00008b7c  _EPWM8_TZ_ISR                         
0     00008b86  _EPWM9_ISR                            
0     00008b90  _EPWM9_TZ_ISR                         
0     00008b9a  _EQEP1_ISR                            
0     00008ba4  _EQEP2_ISR                            
0     00008bae  _EQEP3_ISR                            
0     00008bb8  _FLASH_CORRECTABLE_ERROR_ISR          
0     00008bc2  _FPU_OVERFLOW_ISR                     
0     00008bcc  _FPU_UNDERFLOW_ISR                    
0     00008bd6  _I2CA_FIFO_ISR                        
0     00008be0  _I2CA_ISR                             
0     00008bea  _I2CB_FIFO_ISR                        
0     00008bf4  _I2CB_ISR                             
0     00008bfe  _ILLEGAL_ISR                          
0     00008c08  _IPC0_ISR                             
0     00008c12  _IPC1_ISR                             
0     00008c1c  _IPC2_ISR                             
0     00008c26  _IPC3_ISR                             
0     00008c30  _MCBSPA_RX_ISR                        
0     00008c3a  _MCBSPA_TX_ISR                        
0     00008c44  _MCBSPB_RX_ISR                        
0     00008c4e  _MCBSPB_TX_ISR                        
0     00008c58  _NMI_ISR                              
0     00008c62  _NOTUSED_ISR                          
0     00008c6c  _PIE_RESERVED_ISR                     
0     00008c76  _RAM_ACCESS_VIOLATION_ISR             
0     00008c80  _RAM_CORRECTABLE_ERROR_ISR            
0     00008c8a  _RTOS_ISR                             
0     00008c94  _SCIA_RX_ISR                          
0     00008c9e  _SCIA_TX_ISR                          
0     00008ca8  _SCIB_RX_ISR                          
0     00008cb2  _SCIB_TX_ISR                          
0     00008cbc  _SCIC_RX_ISR                          
0     00008cc6  _SCIC_TX_ISR                          
0     00008cd0  _SCID_RX_ISR                          
0     00008cda  _SCID_TX_ISR                          
0     00008ce4  _SD1_ISR                              
0     00008cee  _SD2_ISR                              
0     00008cf8  _SPIA_RX_ISR                          
0     00008d02  _SPIA_TX_ISR                          
0     00008d0c  _SPIB_RX_ISR                          
0     00008d16  _SPIB_TX_ISR                          
0     00008d20  _SPIC_RX_ISR                          
0     00008d2a  _SPIC_TX_ISR                          
0     00008d34  _SYS_PLL_SLIP_ISR                     
0     00008d3e  _TIMER0_ISR                           
0     00008d48  _TIMER1_ISR                           
0     00008d52  _TIMER2_ISR                           
0     00008d5c  _UPPA_ISR                             
0     00008d66  _USBA_ISR                             
0     00008d70  _USER10_ISR                           
0     00008d7a  _USER11_ISR                           
0     00008d84  _USER12_ISR                           
0     00008d8e  _USER1_ISR                            
0     00008d98  _USER2_ISR                            
0     00008da2  _USER3_ISR                            
0     00008dac  _USER4_ISR                            
0     00008db6  _USER5_ISR                            
0     00008dc0  _USER6_ISR                            
0     00008dca  _USER7_ISR                            
0     00008dd4  _USER8_ISR                            
0     00008dde  _USER9_ISR                            
0     00008de8  _VCU_ISR                              
0     00008df2  _WAKE_ISR                             
0     00008dfc  _XINT1_ISR                            
0     00008e06  _XINT2_ISR                            
0     00008e10  _XINT3_ISR                            
0     00008e1a  _XINT4_ISR                            
0     00008e24  _XINT5_ISR                            
0     00008e2e  _sine_1ch_f32_tmu_sync                
0     00008e38  __register_unlock                     
0     00008e3c  __register_lock                       
0     00008e40  __nop                                 
0     0000b000  ___cinit__                            
0     0000b000  cinit                                 
0     0000b040  _F28x_usDelay                         
0     0000b044  _SysCtl_delay                         
1     00000400  __stack                               
1     000007f8  __STACK_END                           
1     00000b00  _AdcaResultRegs                       
1     00000b20  _AdcbResultRegs                       
1     00000b40  _AdccResultRegs                       
1     00000b60  _AdcdResultRegs                       
1     00000c00  _CpuTimer0Regs                        
1     00000c08  _CpuTimer1Regs                        
1     00000c10  _CpuTimer2Regs                        
1     00000ce0  _PieCtrlRegs                          
1     00000d00  _PieVectTable                         
1     00001000  _DmaRegs                              
1     00001400  _Cla1Regs                             
1     00003000  _Clb1LogicCfgRegs                     
1     00003100  _Clb1LogicCtrlRegs                    
1     00003200  _Clb1DataExchRegs                     
1     00003400  _Clb2LogicCfgRegs                     
1     00003500  _Clb2LogicCtrlRegs                    
1     00003600  _Clb2DataExchRegs                     
1     00003800  _Clb3LogicCfgRegs                     
1     00003900  _Clb3LogicCtrlRegs                    
1     00003a00  _Clb3DataExchRegs                     
1     00003c00  _Clb4LogicCfgRegs                     
1     00003d00  _Clb4LogicCtrlRegs                    
1     00003e00  _Clb4DataExchRegs                     
1     00004000  _EPwm1Regs                            
1     00004100  _EPwm2Regs                            
1     00004200  _EPwm3Regs                            
1     00004300  _EPwm4Regs                            
1     00004400  _EPwm5Regs                            
1     00004500  _EPwm6Regs                            
1     00004600  _EPwm7Regs                            
1     00004700  _EPwm8Regs                            
1     00004800  _EPwm9Regs                            
1     00004900  _EPwm10Regs                           
1     00004a00  _EPwm11Regs                           
1     00004b00  _EPwm12Regs                           
1     00005000  _ECap1Regs                            
1     00005020  _ECap2Regs                            
1     00005040  _ECap3Regs                            
1     00005060  _ECap4Regs                            
1     00005080  _ECap5Regs                            
1     000050a0  _ECap6Regs                            
1     00005100  _EQep1Regs                            
1     00005140  _EQep2Regs                            
1     00005180  _EQep3Regs                            
1     00005c00  _DacaRegs                             
1     00005c10  _DacbRegs                             
1     00005c20  _DaccRegs                             
1     00005c80  _Cmpss1Regs                           
1     00005ca0  _Cmpss2Regs                           
1     00005cc0  _Cmpss3Regs                           
1     00005ce0  _Cmpss4Regs                           
1     00005d00  _Cmpss5Regs                           
1     00005d20  _Cmpss6Regs                           
1     00005d40  _Cmpss7Regs                           
1     00005d60  _Cmpss8Regs                           
1     00005e00  _Sdfm1Regs                            
1     00005e80  _Sdfm2Regs                            
1     00006000  _McbspaRegs                           
1     00006040  _McbspbRegs                           
1     00006100  _SpiaRegs                             
1     00006110  _SpibRegs                             
1     00006120  _SpicRegs                             
1     00006200  _UppRegs                              
1     00007000  _WdRegs                               
1     00007060  _NmiIntruptRegs                       
1     00007070  _XintRegs                             
1     00007200  _SciaRegs                             
1     00007210  _ScibRegs                             
1     00007220  _ScicRegs                             
1     00007230  _ScidRegs                             
1     00007300  _I2caRegs                             
1     00007340  _I2cbRegs                             
1     00007400  _AdcaRegs                             
1     00007480  _AdcbRegs                             
1     00007500  _AdccRegs                             
1     00007580  _AdcdRegs                             
1     00007900  _InputXbarRegs                        
1     00007920  _XbarRegs                             
1     00007940  _SyncSocRegs                          
1     00007980  _DmaClaSrcSelRegs                     
1     00007a00  _EPwmXbarRegs                         
1     00007a40  _ClbXbarRegs                          
1     00007a80  _OutputXbarRegs                       
1     00007c00  _GpioCtrlRegs                         
1     00007f00  _GpioDataRegs                         
1     0000a800  _PieVectTableInit                     
1     00017000  _Buffer_A0                            
1     00017400  _Buffer_A1                            
1     00017800  _sgen1chf                             
1     00017814  _AdcResultA0                          
1     00017815  _AdcResultA1                          
1     00017816  _BufferPointer                        
1     00017818  _BackTickerCpu1                       
1     0001781a  _Xint1IsrTicker                       
1     0001781c  _SineOutFrequency                     
1     0001781e  _AdcIsrTicker                         
1     00017820  _AdcPpbIsrTicker                      
1     00017822  _AdcPpbTripHigh                       
1     00017824  _AdcPpbTripLow                        
1     00017826  _CpuTimer0                            
1     0001782e  _CpuTimer1                            
1     00017836  _CpuTimer2                            
1     0001783e  __lock                                
1     00017840  _Example_Result                       
1     00017842  _Example_PassCount                    
1     00017844  _Example_Fail                         
1     00017846  ___TI_enable_exit_profile_output      
1     00017848  ___TI_cleanup_ptr                     
1     0001784a  ___TI_dtors_ptr                       
1     0001784c  __unlock                              
1     00047000  _Emif1Regs                            
1     00047800  _Emif2Regs                            
1     00048000  _CanaRegs                             
1     0004a000  _CanbRegs                             
1     00050000  _IpcRegs                              
1     00050024  _FlashPumpSemaphoreRegs               
1     0005d000  _DevCfgRegs                           
1     0005d180  _AnalogSubsysRegs                     
1     0005d200  _ClkCfgRegs                           
1     0005d300  _CpuSysRegs                           
1     0005e608  _RomPrefetchRegs                      
1     0005f000  _DcsmZ1Regs                           
1     0005f040  _DcsmZ2Regs                           
1     0005f070  _DcsmCommonRegs                       
1     0005f400  _MemCfgRegs                           
1     0005f480  _Emif1ConfigRegs                      
1     0005f4a0  _Emif2ConfigRegs                      
1     0005f4c0  _AccessProtectionRegs                 
1     0005f500  _MemoryErrorRegs                      
1     0005f540  _RomWaitStateRegs                     
1     0005f800  _Flash0CtrlRegs                       
1     0005fb00  _Flash0EccRegs                        
1     000703c0  _UidRegs                              
abs   000003f8  __STACK_SIZE                          
abs   ffffffff  .text                                 
abs   ffffffff  ___TI_pprof_out_hndl                  
abs   ffffffff  ___TI_prof_data_size                  
abs   ffffffff  ___TI_prof_data_start                 
abs   ffffffff  ___binit__                            
abs   ffffffff  ___c_args__                           
abs   ffffffff  ___etext__                            
abs   ffffffff  ___pinit__                            
abs   ffffffff  ___text__                             
abs   ffffffff  binit                                 
abs   ffffffff  etext                                 
abs   ffffffff  pinit                                 

[335 symbols]
