<?xml version="1.0" encoding="ISO-8859-1" ?>
<link_info>
   <banner>TMS320C2000 Linker PC v22.6.0.LTS</banner>
   <copyright>Copyright (c) 1996-2018 Texas Instruments Incorporated</copyright>
   <link_time>0x688b6d04</link_time>
   <link_errors>0x0</link_errors>
   <output_file>LAB2_ADC_CPU1_RAM.out</output_file>
   <entry_point>
      <name>_c_int00</name>
      <address>0x84a5</address>
   </entry_point>
   <input_file_list>
      <input_file id="fl-2">
         <path>.\</path>
         <kind>object</kind>
         <file>F2837xD_Adc.obj</file>
         <name>F2837xD_Adc.obj</name>
      </input_file>
      <input_file id="fl-3">
         <path>.\</path>
         <kind>object</kind>
         <file>F2837xD_CodeStartBranch.obj</file>
         <name>F2837xD_CodeStartBranch.obj</name>
      </input_file>
      <input_file id="fl-4">
         <path>.\</path>
         <kind>object</kind>
         <file>F2837xD_DefaultISR.obj</file>
         <name>F2837xD_DefaultISR.obj</name>
      </input_file>
      <input_file id="fl-5">
         <path>.\</path>
         <kind>object</kind>
         <file>F2837xD_EPwm.obj</file>
         <name>F2837xD_EPwm.obj</name>
      </input_file>
      <input_file id="fl-6">
         <path>.\</path>
         <kind>object</kind>
         <file>F2837xD_GlobalVariableDefs.obj</file>
         <name>F2837xD_GlobalVariableDefs.obj</name>
      </input_file>
      <input_file id="fl-7">
         <path>.\</path>
         <kind>object</kind>
         <file>F2837xD_Gpio.obj</file>
         <name>F2837xD_Gpio.obj</name>
      </input_file>
      <input_file id="fl-8">
         <path>.\</path>
         <kind>object</kind>
         <file>F2837xD_Ipc.obj</file>
         <name>F2837xD_Ipc.obj</name>
      </input_file>
      <input_file id="fl-9">
         <path>.\</path>
         <kind>object</kind>
         <file>F2837xD_PieCtrl.obj</file>
         <name>F2837xD_PieCtrl.obj</name>
      </input_file>
      <input_file id="fl-a">
         <path>.\</path>
         <kind>object</kind>
         <file>F2837xD_PieVect.obj</file>
         <name>F2837xD_PieVect.obj</name>
      </input_file>
      <input_file id="fl-b">
         <path>.\</path>
         <kind>object</kind>
         <file>F2837xD_SysCtrl.obj</file>
         <name>F2837xD_SysCtrl.obj</name>
      </input_file>
      <input_file id="fl-c">
         <path>.\</path>
         <kind>object</kind>
         <file>F2837xD_usDelay.obj</file>
         <name>F2837xD_usDelay.obj</name>
      </input_file>
      <input_file id="fl-d">
         <path>.\</path>
         <kind>object</kind>
         <file>LAB2_ADC_CPU1.obj</file>
         <name>LAB2_ADC_CPU1.obj</name>
      </input_file>
      <input_file id="fl-e">
         <path>.\device\</path>
         <kind>object</kind>
         <file>device.obj</file>
         <name>device.obj</name>
      </input_file>
      <input_file id="fl-14">
         <kind>object</kind>
         <file>&lt;internal&gt;</file>
         <name>&lt;internal&gt;</name>
      </input_file>
      <input_file id="fl-15">
         <path>C:\SyncWorks\System_V700_TR2837xD\LAB\LAB2_ADC_CPU1\device\driverlib\ccs\Debug\</path>
         <kind>archive</kind>
         <file>driverlib_coff.lib</file>
         <name>gpio.obj</name>
      </input_file>
      <input_file id="fl-16">
         <path>C:\SyncWorks\System_V700_TR2837xD\LAB\LAB2_ADC_CPU1\device\driverlib\ccs\Debug\</path>
         <kind>archive</kind>
         <file>driverlib_coff.lib</file>
         <name>sysctl.obj</name>
      </input_file>
      <input_file id="fl-22">
         <path>C:\ti\ccs1220\ccs\tools\compiler\ti-cgt-c2000_22.6.0.LTS\lib\</path>
         <kind>archive</kind>
         <file>rts2800_fpu32.lib</file>
         <name>boot28.asm.obj</name>
      </input_file>
      <input_file id="fl-23">
         <path>C:\ti\ccs1220\ccs\tools\compiler\ti-cgt-c2000_22.6.0.LTS\lib\</path>
         <kind>archive</kind>
         <file>rts2800_fpu32.lib</file>
         <name>fs_div28.asm.obj</name>
      </input_file>
      <input_file id="fl-24">
         <path>C:\ti\ccs1220\ccs\tools\compiler\ti-cgt-c2000_22.6.0.LTS\lib\</path>
         <kind>archive</kind>
         <file>rts2800_fpu32.lib</file>
         <name>ll_aox28.asm.obj</name>
      </input_file>
      <input_file id="fl-25">
         <path>C:\ti\ccs1220\ccs\tools\compiler\ti-cgt-c2000_22.6.0.LTS\lib\</path>
         <kind>archive</kind>
         <file>rts2800_fpu32.lib</file>
         <name>cpy_tbl.c.obj</name>
      </input_file>
      <input_file id="fl-26">
         <path>C:\ti\ccs1220\ccs\tools\compiler\ti-cgt-c2000_22.6.0.LTS\lib\</path>
         <kind>archive</kind>
         <file>rts2800_fpu32.lib</file>
         <name>memcpy.c.obj</name>
      </input_file>
      <input_file id="fl-27">
         <path>C:\ti\ccs1220\ccs\tools\compiler\ti-cgt-c2000_22.6.0.LTS\lib\</path>
         <kind>archive</kind>
         <file>rts2800_fpu32.lib</file>
         <name>pre_init.c.obj</name>
      </input_file>
      <input_file id="fl-28">
         <path>C:\ti\ccs1220\ccs\tools\compiler\ti-cgt-c2000_22.6.0.LTS\lib\</path>
         <kind>archive</kind>
         <file>rts2800_fpu32.lib</file>
         <name>startup.c.obj</name>
      </input_file>
      <input_file id="fl-29">
         <path>C:\ti\ccs1220\ccs\tools\compiler\ti-cgt-c2000_22.6.0.LTS\lib\</path>
         <kind>archive</kind>
         <file>rts2800_fpu32.lib</file>
         <name>exit.c.obj</name>
      </input_file>
      <input_file id="fl-2a">
         <path>C:\ti\ccs1220\ccs\tools\compiler\ti-cgt-c2000_22.6.0.LTS\lib\</path>
         <kind>archive</kind>
         <file>rts2800_fpu32.lib</file>
         <name>_lock.c.obj</name>
      </input_file>
      <input_file id="fl-2b">
         <path>C:\ti\ccs1220\ccs\tools\compiler\ti-cgt-c2000_22.6.0.LTS\lib\</path>
         <kind>archive</kind>
         <file>rts2800_fpu32.lib</file>
         <name>args_main.c.obj</name>
      </input_file>
      <input_file id="fl-2c">
         <path>C:\ti\ccs1220\ccs\tools\compiler\ti-cgt-c2000_22.6.0.LTS\lib\</path>
         <kind>archive</kind>
         <file>rts2800_fpu32.lib</file>
         <name>memset.c.obj</name>
      </input_file>
   </input_file_list>
   <object_component_list>
      <object_component id="oc-93">
         <name>codestart</name>
         <load_address>0x0</load_address>
         <run_address>0x0</run_address>
         <size>0x2</size>
         <input_file_ref idref="fl-3"/>
      </object_component>
      <object_component id="oc-22a">
         <name>.text:_InitSysPll</name>
         <load_address>0x8000</load_address>
         <run_address>0x8000</run_address>
         <size>0x1ee</size>
         <input_file_ref idref="fl-b"/>
      </object_component>
      <object_component id="oc-22e">
         <name>.text:_AdcSetMode</name>
         <load_address>0x81ee</load_address>
         <run_address>0x81ee</run_address>
         <size>0xb6</size>
         <input_file_ref idref="fl-2"/>
      </object_component>
      <object_component id="oc-224">
         <name>.text:_InitAdcaModule</name>
         <load_address>0x82a4</load_address>
         <run_address>0x82a4</run_address>
         <size>0x8b</size>
         <input_file_ref idref="fl-d"/>
      </object_component>
      <object_component id="oc-1e0">
         <name>.text</name>
         <load_address>0x832f</load_address>
         <run_address>0x832f</run_address>
         <size>0x88</size>
         <input_file_ref idref="fl-23"/>
      </object_component>
      <object_component id="oc-22b">
         <name>.text:_InitPeripheralClocks</name>
         <load_address>0x83b7</load_address>
         <run_address>0x83b7</run_address>
         <size>0x84</size>
         <input_file_ref idref="fl-b"/>
      </object_component>
      <object_component id="oc-21c">
         <name>.text:_main</name>
         <load_address>0x843b</load_address>
         <run_address>0x843b</run_address>
         <size>0x6a</size>
         <input_file_ref idref="fl-d"/>
      </object_component>
      <object_component id="oc-8c">
         <name>.text</name>
         <load_address>0x84a5</load_address>
         <run_address>0x84a5</run_address>
         <size>0x56</size>
         <input_file_ref idref="fl-22"/>
      </object_component>
      <object_component id="oc-1be">
         <name>.text:_AdcaIsr</name>
         <load_address>0x84fb</load_address>
         <run_address>0x84fb</run_address>
         <size>0x41</size>
         <input_file_ref idref="fl-d"/>
      </object_component>
      <object_component id="oc-22c">
         <name>.text:_InitGpio</name>
         <load_address>0x853c</load_address>
         <run_address>0x853c</run_address>
         <size>0x40</size>
         <input_file_ref idref="fl-7"/>
      </object_component>
      <object_component id="oc-236">
         <name>.text:_CalAdcINL</name>
         <load_address>0x857c</load_address>
         <run_address>0x857c</run_address>
         <size>0x3a</size>
         <input_file_ref idref="fl-2"/>
      </object_component>
      <object_component id="oc-1c0">
         <name>.text:_Xint1Isr</name>
         <load_address>0x85b6</load_address>
         <run_address>0x85b6</run_address>
         <size>0x3a</size>
         <input_file_ref idref="fl-d"/>
      </object_component>
      <object_component id="oc-1bf">
         <name>.text:_AdcaPpbIsr</name>
         <load_address>0x85f0</load_address>
         <run_address>0x85f0</run_address>
         <size>0x2c</size>
         <input_file_ref idref="fl-d"/>
      </object_component>
      <object_component id="oc-218">
         <name>.text</name>
         <load_address>0x861c</load_address>
         <run_address>0x861c</run_address>
         <size>0x29</size>
         <input_file_ref idref="fl-29"/>
      </object_component>
      <object_component id="oc-222">
         <name>.text:_InitPieVectTable</name>
         <load_address>0x8645</load_address>
         <run_address>0x8645</run_address>
         <size>0x26</size>
         <input_file_ref idref="fl-a"/>
      </object_component>
      <object_component id="oc-230">
         <name>.text:_GPIO_EnableUnbondedIOPullupsFor100Pin</name>
         <load_address>0x866b</load_address>
         <run_address>0x866b</run_address>
         <size>0x25</size>
         <input_file_ref idref="fl-7"/>
      </object_component>
      <object_component id="oc-215">
         <name>.text</name>
         <load_address>0x8690</load_address>
         <run_address>0x8690</run_address>
         <size>0x24</size>
         <input_file_ref idref="fl-25"/>
      </object_component>
      <object_component id="oc-21f">
         <name>.text:_InitSysCtrl</name>
         <load_address>0x86b4</load_address>
         <run_address>0x86b4</run_address>
         <size>0x20</size>
         <input_file_ref idref="fl-b"/>
      </object_component>
      <object_component id="oc-221">
         <name>.text:_InitPieCtrl</name>
         <load_address>0x86d4</load_address>
         <run_address>0x86d4</run_address>
         <size>0x1f</size>
         <input_file_ref idref="fl-9"/>
      </object_component>
      <object_component id="oc-229">
         <name>.text:_ConfigureTMXAnalogTrim</name>
         <load_address>0x86f3</load_address>
         <run_address>0x86f3</run_address>
         <size>0x1d</size>
         <input_file_ref idref="fl-b"/>
      </object_component>
      <object_component id="oc-21b">
         <name>.text</name>
         <load_address>0x8710</load_address>
         <run_address>0x8710</run_address>
         <size>0x1d</size>
         <input_file_ref idref="fl-26"/>
      </object_component>
      <object_component id="oc-220">
         <name>.text:_InitGpioPorts</name>
         <load_address>0x872d</load_address>
         <run_address>0x872d</run_address>
         <size>0x1b</size>
         <input_file_ref idref="fl-d"/>
      </object_component>
      <object_component id="oc-231">
         <name>.text:_GPIO_EnableUnbondedIOPullupsFor176Pin</name>
         <load_address>0x8748</load_address>
         <run_address>0x8748</run_address>
         <size>0x19</size>
         <input_file_ref idref="fl-7"/>
      </object_component>
      <object_component id="oc-1e5">
         <name>.text</name>
         <load_address>0x8761</load_address>
         <run_address>0x8761</run_address>
         <size>0x18</size>
         <input_file_ref idref="fl-24"/>
      </object_component>
      <object_component id="oc-228">
         <name>.text:_GPIO_EnableUnbondedIOPullups</name>
         <load_address>0x8779</load_address>
         <run_address>0x8779</run_address>
         <size>0x16</size>
         <input_file_ref idref="fl-7"/>
      </object_component>
      <object_component id="oc-233">
         <name>.text:_SysIntOsc2Sel</name>
         <load_address>0x878f</load_address>
         <run_address>0x878f</run_address>
         <size>0x14</size>
         <input_file_ref idref="fl-b"/>
      </object_component>
      <object_component id="oc-217">
         <name>.text</name>
         <load_address>0x87a3</load_address>
         <run_address>0x87a3</run_address>
         <size>0x12</size>
         <input_file_ref idref="fl-2b"/>
      </object_component>
      <object_component id="oc-232">
         <name>.text:_SysIntOsc1Sel</name>
         <load_address>0x87b5</load_address>
         <run_address>0x87b5</run_address>
         <size>0x10</size>
         <input_file_ref idref="fl-b"/>
      </object_component>
      <object_component id="oc-234">
         <name>.text:_SysXtalOscSel</name>
         <load_address>0x87c5</load_address>
         <run_address>0x87c5</run_address>
         <size>0x10</size>
         <input_file_ref idref="fl-b"/>
      </object_component>
      <object_component id="oc-227">
         <name>.text:_DisableDog</name>
         <load_address>0x87d5</load_address>
         <run_address>0x87d5</run_address>
         <size>0xe</size>
         <input_file_ref idref="fl-b"/>
      </object_component>
      <object_component id="oc-235">
         <name>.text:_ServiceDog</name>
         <load_address>0x87e3</load_address>
         <run_address>0x87e3</run_address>
         <size>0xe</size>
         <input_file_ref idref="fl-b"/>
      </object_component>
      <object_component id="oc-124">
         <name>.text:_EMPTY_ISR</name>
         <load_address>0x87f1</load_address>
         <run_address>0x87f1</run_address>
         <size>0xd</size>
         <input_file_ref idref="fl-4"/>
      </object_component>
      <object_component id="oc-214">
         <name>.text</name>
         <load_address>0x87fe</load_address>
         <run_address>0x87fe</run_address>
         <size>0x2</size>
         <input_file_ref idref="fl-27"/>
      </object_component>
      <object_component id="oc-ac">
         <name>.text:_ADCA1_ISR</name>
         <load_address>0x8800</load_address>
         <run_address>0x8800</run_address>
         <size>0xa</size>
         <input_file_ref idref="fl-4"/>
      </object_component>
      <object_component id="oc-ec">
         <name>.text:_ADCA2_ISR</name>
         <load_address>0x880a</load_address>
         <run_address>0x880a</run_address>
         <size>0xa</size>
         <input_file_ref idref="fl-4"/>
      </object_component>
      <object_component id="oc-ed">
         <name>.text:_ADCA3_ISR</name>
         <load_address>0x8814</load_address>
         <run_address>0x8814</run_address>
         <size>0xa</size>
         <input_file_ref idref="fl-4"/>
      </object_component>
      <object_component id="oc-ee">
         <name>.text:_ADCA4_ISR</name>
         <load_address>0x881e</load_address>
         <run_address>0x881e</run_address>
         <size>0xa</size>
         <input_file_ref idref="fl-4"/>
      </object_component>
      <object_component id="oc-eb">
         <name>.text:_ADCA_EVT_ISR</name>
         <load_address>0x8828</load_address>
         <run_address>0x8828</run_address>
         <size>0xa</size>
         <input_file_ref idref="fl-4"/>
      </object_component>
      <object_component id="oc-ad">
         <name>.text:_ADCB1_ISR</name>
         <load_address>0x8832</load_address>
         <run_address>0x8832</run_address>
         <size>0xa</size>
         <input_file_ref idref="fl-4"/>
      </object_component>
      <object_component id="oc-f0">
         <name>.text:_ADCB2_ISR</name>
         <load_address>0x883c</load_address>
         <run_address>0x883c</run_address>
         <size>0xa</size>
         <input_file_ref idref="fl-4"/>
      </object_component>
      <object_component id="oc-f1">
         <name>.text:_ADCB3_ISR</name>
         <load_address>0x8846</load_address>
         <run_address>0x8846</run_address>
         <size>0xa</size>
         <input_file_ref idref="fl-4"/>
      </object_component>
      <object_component id="oc-f2">
         <name>.text:_ADCB4_ISR</name>
         <load_address>0x8850</load_address>
         <run_address>0x8850</run_address>
         <size>0xa</size>
         <input_file_ref idref="fl-4"/>
      </object_component>
      <object_component id="oc-ef">
         <name>.text:_ADCB_EVT_ISR</name>
         <load_address>0x885a</load_address>
         <run_address>0x885a</run_address>
         <size>0xa</size>
         <input_file_ref idref="fl-4"/>
      </object_component>
      <object_component id="oc-ae">
         <name>.text:_ADCC1_ISR</name>
         <load_address>0x8864</load_address>
         <run_address>0x8864</run_address>
         <size>0xa</size>
         <input_file_ref idref="fl-4"/>
      </object_component>
      <object_component id="oc-114">
         <name>.text:_ADCC2_ISR</name>
         <load_address>0x886e</load_address>
         <run_address>0x886e</run_address>
         <size>0xa</size>
         <input_file_ref idref="fl-4"/>
      </object_component>
      <object_component id="oc-115">
         <name>.text:_ADCC3_ISR</name>
         <load_address>0x8878</load_address>
         <run_address>0x8878</run_address>
         <size>0xa</size>
         <input_file_ref idref="fl-4"/>
      </object_component>
      <object_component id="oc-116">
         <name>.text:_ADCC4_ISR</name>
         <load_address>0x8882</load_address>
         <run_address>0x8882</run_address>
         <size>0xa</size>
         <input_file_ref idref="fl-4"/>
      </object_component>
      <object_component id="oc-113">
         <name>.text:_ADCC_EVT_ISR</name>
         <load_address>0x888c</load_address>
         <run_address>0x888c</run_address>
         <size>0xa</size>
         <input_file_ref idref="fl-4"/>
      </object_component>
      <object_component id="oc-b1">
         <name>.text:_ADCD1_ISR</name>
         <load_address>0x8896</load_address>
         <run_address>0x8896</run_address>
         <size>0xa</size>
         <input_file_ref idref="fl-4"/>
      </object_component>
      <object_component id="oc-118">
         <name>.text:_ADCD2_ISR</name>
         <load_address>0x88a0</load_address>
         <run_address>0x88a0</run_address>
         <size>0xa</size>
         <input_file_ref idref="fl-4"/>
      </object_component>
      <object_component id="oc-119">
         <name>.text:_ADCD3_ISR</name>
         <load_address>0x88aa</load_address>
         <run_address>0x88aa</run_address>
         <size>0xa</size>
         <input_file_ref idref="fl-4"/>
      </object_component>
      <object_component id="oc-11a">
         <name>.text:_ADCD4_ISR</name>
         <load_address>0x88b4</load_address>
         <run_address>0x88b4</run_address>
         <size>0xa</size>
         <input_file_ref idref="fl-4"/>
      </object_component>
      <object_component id="oc-117">
         <name>.text:_ADCD_EVT_ISR</name>
         <load_address>0x88be</load_address>
         <run_address>0x88be</run_address>
         <size>0xa</size>
         <input_file_ref idref="fl-4"/>
      </object_component>
      <object_component id="oc-120">
         <name>.text:_AUX_PLL_SLIP_ISR</name>
         <load_address>0x88c8</load_address>
         <run_address>0x88c8</run_address>
         <size>0xa</size>
         <input_file_ref idref="fl-4"/>
      </object_component>
      <object_component id="oc-e7">
         <name>.text:_CANA0_ISR</name>
         <load_address>0x88d2</load_address>
         <run_address>0x88d2</run_address>
         <size>0xa</size>
         <input_file_ref idref="fl-4"/>
      </object_component>
      <object_component id="oc-e8">
         <name>.text:_CANA1_ISR</name>
         <load_address>0x88dc</load_address>
         <run_address>0x88dc</run_address>
         <size>0xa</size>
         <input_file_ref idref="fl-4"/>
      </object_component>
      <object_component id="oc-e9">
         <name>.text:_CANB0_ISR</name>
         <load_address>0x88e6</load_address>
         <run_address>0x88e6</run_address>
         <size>0xa</size>
         <input_file_ref idref="fl-4"/>
      </object_component>
      <object_component id="oc-ea">
         <name>.text:_CANB1_ISR</name>
         <load_address>0x88f0</load_address>
         <run_address>0x88f0</run_address>
         <size>0xa</size>
         <input_file_ref idref="fl-4"/>
      </object_component>
      <object_component id="oc-f3">
         <name>.text:_CLA1_1_ISR</name>
         <load_address>0x88fa</load_address>
         <run_address>0x88fa</run_address>
         <size>0xa</size>
         <input_file_ref idref="fl-4"/>
      </object_component>
      <object_component id="oc-f4">
         <name>.text:_CLA1_2_ISR</name>
         <load_address>0x8904</load_address>
         <run_address>0x8904</run_address>
         <size>0xa</size>
         <input_file_ref idref="fl-4"/>
      </object_component>
      <object_component id="oc-f5">
         <name>.text:_CLA1_3_ISR</name>
         <load_address>0x890e</load_address>
         <run_address>0x890e</run_address>
         <size>0xa</size>
         <input_file_ref idref="fl-4"/>
      </object_component>
      <object_component id="oc-f6">
         <name>.text:_CLA1_4_ISR</name>
         <load_address>0x8918</load_address>
         <run_address>0x8918</run_address>
         <size>0xa</size>
         <input_file_ref idref="fl-4"/>
      </object_component>
      <object_component id="oc-f7">
         <name>.text:_CLA1_5_ISR</name>
         <load_address>0x8922</load_address>
         <run_address>0x8922</run_address>
         <size>0xa</size>
         <input_file_ref idref="fl-4"/>
      </object_component>
      <object_component id="oc-f8">
         <name>.text:_CLA1_6_ISR</name>
         <load_address>0x892c</load_address>
         <run_address>0x892c</run_address>
         <size>0xa</size>
         <input_file_ref idref="fl-4"/>
      </object_component>
      <object_component id="oc-f9">
         <name>.text:_CLA1_7_ISR</name>
         <load_address>0x8936</load_address>
         <run_address>0x8936</run_address>
         <size>0xa</size>
         <input_file_ref idref="fl-4"/>
      </object_component>
      <object_component id="oc-fa">
         <name>.text:_CLA1_8_ISR</name>
         <load_address>0x8940</load_address>
         <run_address>0x8940</run_address>
         <size>0xa</size>
         <input_file_ref idref="fl-4"/>
      </object_component>
      <object_component id="oc-121">
         <name>.text:_CLA_OVERFLOW_ISR</name>
         <load_address>0x894a</load_address>
         <run_address>0x894a</run_address>
         <size>0xa</size>
         <input_file_ref idref="fl-4"/>
      </object_component>
      <object_component id="oc-122">
         <name>.text:_CLA_UNDERFLOW_ISR</name>
         <load_address>0x8954</load_address>
         <run_address>0x8954</run_address>
         <size>0xa</size>
         <input_file_ref idref="fl-4"/>
      </object_component>
      <object_component id="oc-9b">
         <name>.text:_DATALOG_ISR</name>
         <load_address>0x895e</load_address>
         <run_address>0x895e</run_address>
         <size>0xa</size>
         <input_file_ref idref="fl-4"/>
      </object_component>
      <object_component id="oc-d5">
         <name>.text:_DMA_CH1_ISR</name>
         <load_address>0x8968</load_address>
         <run_address>0x8968</run_address>
         <size>0xa</size>
         <input_file_ref idref="fl-4"/>
      </object_component>
      <object_component id="oc-d6">
         <name>.text:_DMA_CH2_ISR</name>
         <load_address>0x8972</load_address>
         <run_address>0x8972</run_address>
         <size>0xa</size>
         <input_file_ref idref="fl-4"/>
      </object_component>
      <object_component id="oc-d7">
         <name>.text:_DMA_CH3_ISR</name>
         <load_address>0x897c</load_address>
         <run_address>0x897c</run_address>
         <size>0xa</size>
         <input_file_ref idref="fl-4"/>
      </object_component>
      <object_component id="oc-d8">
         <name>.text:_DMA_CH4_ISR</name>
         <load_address>0x8986</load_address>
         <run_address>0x8986</run_address>
         <size>0xa</size>
         <input_file_ref idref="fl-4"/>
      </object_component>
      <object_component id="oc-d9">
         <name>.text:_DMA_CH5_ISR</name>
         <load_address>0x8990</load_address>
         <run_address>0x8990</run_address>
         <size>0xa</size>
         <input_file_ref idref="fl-4"/>
      </object_component>
      <object_component id="oc-da">
         <name>.text:_DMA_CH6_ISR</name>
         <load_address>0x899a</load_address>
         <run_address>0x899a</run_address>
         <size>0xa</size>
         <input_file_ref idref="fl-4"/>
      </object_component>
      <object_component id="oc-c4">
         <name>.text:_ECAP1_ISR</name>
         <load_address>0x89a4</load_address>
         <run_address>0x89a4</run_address>
         <size>0xa</size>
         <input_file_ref idref="fl-4"/>
      </object_component>
      <object_component id="oc-c5">
         <name>.text:_ECAP2_ISR</name>
         <load_address>0x89ae</load_address>
         <run_address>0x89ae</run_address>
         <size>0xa</size>
         <input_file_ref idref="fl-4"/>
      </object_component>
      <object_component id="oc-c6">
         <name>.text:_ECAP3_ISR</name>
         <load_address>0x89b8</load_address>
         <run_address>0x89b8</run_address>
         <size>0xa</size>
         <input_file_ref idref="fl-4"/>
      </object_component>
      <object_component id="oc-c7">
         <name>.text:_ECAP4_ISR</name>
         <load_address>0x89c2</load_address>
         <run_address>0x89c2</run_address>
         <size>0xa</size>
         <input_file_ref idref="fl-4"/>
      </object_component>
      <object_component id="oc-c8">
         <name>.text:_ECAP5_ISR</name>
         <load_address>0x89cc</load_address>
         <run_address>0x89cc</run_address>
         <size>0xa</size>
         <input_file_ref idref="fl-4"/>
      </object_component>
      <object_component id="oc-c9">
         <name>.text:_ECAP6_ISR</name>
         <load_address>0x89d6</load_address>
         <run_address>0x89d6</run_address>
         <size>0xa</size>
         <input_file_ref idref="fl-4"/>
      </object_component>
      <object_component id="oc-11b">
         <name>.text:_EMIF_ERROR_ISR</name>
         <load_address>0x89e0</load_address>
         <run_address>0x89e0</run_address>
         <size>0xa</size>
         <input_file_ref idref="fl-4"/>
      </object_component>
      <object_component id="oc-9d">
         <name>.text:_EMU_ISR</name>
         <load_address>0x89ea</load_address>
         <run_address>0x89ea</run_address>
         <size>0xa</size>
         <input_file_ref idref="fl-4"/>
      </object_component>
      <object_component id="oc-10a">
         <name>.text:_EPWM10_ISR</name>
         <load_address>0x89f4</load_address>
         <run_address>0x89f4</run_address>
         <size>0xa</size>
         <input_file_ref idref="fl-4"/>
      </object_component>
      <object_component id="oc-106">
         <name>.text:_EPWM10_TZ_ISR</name>
         <load_address>0x89fe</load_address>
         <run_address>0x89fe</run_address>
         <size>0xa</size>
         <input_file_ref idref="fl-4"/>
      </object_component>
      <object_component id="oc-10b">
         <name>.text:_EPWM11_ISR</name>
         <load_address>0x8a08</load_address>
         <run_address>0x8a08</run_address>
         <size>0xa</size>
         <input_file_ref idref="fl-4"/>
      </object_component>
      <object_component id="oc-107">
         <name>.text:_EPWM11_TZ_ISR</name>
         <load_address>0x8a12</load_address>
         <run_address>0x8a12</run_address>
         <size>0xa</size>
         <input_file_ref idref="fl-4"/>
      </object_component>
      <object_component id="oc-10c">
         <name>.text:_EPWM12_ISR</name>
         <load_address>0x8a1c</load_address>
         <run_address>0x8a1c</run_address>
         <size>0xa</size>
         <input_file_ref idref="fl-4"/>
      </object_component>
      <object_component id="oc-108">
         <name>.text:_EPWM12_TZ_ISR</name>
         <load_address>0x8a26</load_address>
         <run_address>0x8a26</run_address>
         <size>0xa</size>
         <input_file_ref idref="fl-4"/>
      </object_component>
      <object_component id="oc-bc">
         <name>.text:_EPWM1_ISR</name>
         <load_address>0x8a30</load_address>
         <run_address>0x8a30</run_address>
         <size>0xa</size>
         <input_file_ref idref="fl-4"/>
      </object_component>
      <object_component id="oc-b4">
         <name>.text:_EPWM1_TZ_ISR</name>
         <load_address>0x8a3a</load_address>
         <run_address>0x8a3a</run_address>
         <size>0xa</size>
         <input_file_ref idref="fl-4"/>
      </object_component>
      <object_component id="oc-bd">
         <name>.text:_EPWM2_ISR</name>
         <load_address>0x8a44</load_address>
         <run_address>0x8a44</run_address>
         <size>0xa</size>
         <input_file_ref idref="fl-4"/>
      </object_component>
      <object_component id="oc-b5">
         <name>.text:_EPWM2_TZ_ISR</name>
         <load_address>0x8a4e</load_address>
         <run_address>0x8a4e</run_address>
         <size>0xa</size>
         <input_file_ref idref="fl-4"/>
      </object_component>
      <object_component id="oc-be">
         <name>.text:_EPWM3_ISR</name>
         <load_address>0x8a58</load_address>
         <run_address>0x8a58</run_address>
         <size>0xa</size>
         <input_file_ref idref="fl-4"/>
      </object_component>
      <object_component id="oc-b6">
         <name>.text:_EPWM3_TZ_ISR</name>
         <load_address>0x8a62</load_address>
         <run_address>0x8a62</run_address>
         <size>0xa</size>
         <input_file_ref idref="fl-4"/>
      </object_component>
      <object_component id="oc-bf">
         <name>.text:_EPWM4_ISR</name>
         <load_address>0x8a6c</load_address>
         <run_address>0x8a6c</run_address>
         <size>0xa</size>
         <input_file_ref idref="fl-4"/>
      </object_component>
      <object_component id="oc-b7">
         <name>.text:_EPWM4_TZ_ISR</name>
         <load_address>0x8a76</load_address>
         <run_address>0x8a76</run_address>
         <size>0xa</size>
         <input_file_ref idref="fl-4"/>
      </object_component>
      <object_component id="oc-c0">
         <name>.text:_EPWM5_ISR</name>
         <load_address>0x8a80</load_address>
         <run_address>0x8a80</run_address>
         <size>0xa</size>
         <input_file_ref idref="fl-4"/>
      </object_component>
      <object_component id="oc-b8">
         <name>.text:_EPWM5_TZ_ISR</name>
         <load_address>0x8a8a</load_address>
         <run_address>0x8a8a</run_address>
         <size>0xa</size>
         <input_file_ref idref="fl-4"/>
      </object_component>
      <object_component id="oc-c1">
         <name>.text:_EPWM6_ISR</name>
         <load_address>0x8a94</load_address>
         <run_address>0x8a94</run_address>
         <size>0xa</size>
         <input_file_ref idref="fl-4"/>
      </object_component>
      <object_component id="oc-b9">
         <name>.text:_EPWM6_TZ_ISR</name>
         <load_address>0x8a9e</load_address>
         <run_address>0x8a9e</run_address>
         <size>0xa</size>
         <input_file_ref idref="fl-4"/>
      </object_component>
      <object_component id="oc-c2">
         <name>.text:_EPWM7_ISR</name>
         <load_address>0x8aa8</load_address>
         <run_address>0x8aa8</run_address>
         <size>0xa</size>
         <input_file_ref idref="fl-4"/>
      </object_component>
      <object_component id="oc-ba">
         <name>.text:_EPWM7_TZ_ISR</name>
         <load_address>0x8ab2</load_address>
         <run_address>0x8ab2</run_address>
         <size>0xa</size>
         <input_file_ref idref="fl-4"/>
      </object_component>
      <object_component id="oc-c3">
         <name>.text:_EPWM8_ISR</name>
         <load_address>0x8abc</load_address>
         <run_address>0x8abc</run_address>
         <size>0xa</size>
         <input_file_ref idref="fl-4"/>
      </object_component>
      <object_component id="oc-bb">
         <name>.text:_EPWM8_TZ_ISR</name>
         <load_address>0x8ac6</load_address>
         <run_address>0x8ac6</run_address>
         <size>0xa</size>
         <input_file_ref idref="fl-4"/>
      </object_component>
      <object_component id="oc-109">
         <name>.text:_EPWM9_ISR</name>
         <load_address>0x8ad0</load_address>
         <run_address>0x8ad0</run_address>
         <size>0xa</size>
         <input_file_ref idref="fl-4"/>
      </object_component>
      <object_component id="oc-105">
         <name>.text:_EPWM9_TZ_ISR</name>
         <load_address>0x8ada</load_address>
         <run_address>0x8ada</run_address>
         <size>0xa</size>
         <input_file_ref idref="fl-4"/>
      </object_component>
      <object_component id="oc-ca">
         <name>.text:_EQEP1_ISR</name>
         <load_address>0x8ae4</load_address>
         <run_address>0x8ae4</run_address>
         <size>0xa</size>
         <input_file_ref idref="fl-4"/>
      </object_component>
      <object_component id="oc-cb">
         <name>.text:_EQEP2_ISR</name>
         <load_address>0x8aee</load_address>
         <run_address>0x8aee</run_address>
         <size>0xa</size>
         <input_file_ref idref="fl-4"/>
      </object_component>
      <object_component id="oc-cc">
         <name>.text:_EQEP3_ISR</name>
         <load_address>0x8af8</load_address>
         <run_address>0x8af8</run_address>
         <size>0xa</size>
         <input_file_ref idref="fl-4"/>
      </object_component>
      <object_component id="oc-11d">
         <name>.text:_FLASH_CORRECTABLE_ERROR_ISR</name>
         <load_address>0x8b02</load_address>
         <run_address>0x8b02</run_address>
         <size>0xa</size>
         <input_file_ref idref="fl-4"/>
      </object_component>
      <object_component id="oc-ff">
         <name>.text:_FPU_OVERFLOW_ISR</name>
         <load_address>0x8b0c</load_address>
         <run_address>0x8b0c</run_address>
         <size>0xa</size>
         <input_file_ref idref="fl-4"/>
      </object_component>
      <object_component id="oc-100">
         <name>.text:_FPU_UNDERFLOW_ISR</name>
         <load_address>0x8b16</load_address>
         <run_address>0x8b16</run_address>
         <size>0xa</size>
         <input_file_ref idref="fl-4"/>
      </object_component>
      <object_component id="oc-dc">
         <name>.text:_I2CA_FIFO_ISR</name>
         <load_address>0x8b20</load_address>
         <run_address>0x8b20</run_address>
         <size>0xa</size>
         <input_file_ref idref="fl-4"/>
      </object_component>
      <object_component id="oc-db">
         <name>.text:_I2CA_ISR</name>
         <load_address>0x8b2a</load_address>
         <run_address>0x8b2a</run_address>
         <size>0xa</size>
         <input_file_ref idref="fl-4"/>
      </object_component>
      <object_component id="oc-de">
         <name>.text:_I2CB_FIFO_ISR</name>
         <load_address>0x8b34</load_address>
         <run_address>0x8b34</run_address>
         <size>0xa</size>
         <input_file_ref idref="fl-4"/>
      </object_component>
      <object_component id="oc-dd">
         <name>.text:_I2CB_ISR</name>
         <load_address>0x8b3e</load_address>
         <run_address>0x8b3e</run_address>
         <size>0xa</size>
         <input_file_ref idref="fl-4"/>
      </object_component>
      <object_component id="oc-9f">
         <name>.text:_ILLEGAL_ISR</name>
         <load_address>0x8b48</load_address>
         <run_address>0x8b48</run_address>
         <size>0xa</size>
         <input_file_ref idref="fl-4"/>
      </object_component>
      <object_component id="oc-101">
         <name>.text:_IPC0_ISR</name>
         <load_address>0x8b52</load_address>
         <run_address>0x8b52</run_address>
         <size>0xa</size>
         <input_file_ref idref="fl-4"/>
      </object_component>
      <object_component id="oc-102">
         <name>.text:_IPC1_ISR</name>
         <load_address>0x8b5c</load_address>
         <run_address>0x8b5c</run_address>
         <size>0xa</size>
         <input_file_ref idref="fl-4"/>
      </object_component>
      <object_component id="oc-103">
         <name>.text:_IPC2_ISR</name>
         <load_address>0x8b66</load_address>
         <run_address>0x8b66</run_address>
         <size>0xa</size>
         <input_file_ref idref="fl-4"/>
      </object_component>
      <object_component id="oc-104">
         <name>.text:_IPC3_ISR</name>
         <load_address>0x8b70</load_address>
         <run_address>0x8b70</run_address>
         <size>0xa</size>
         <input_file_ref idref="fl-4"/>
      </object_component>
      <object_component id="oc-d1">
         <name>.text:_MCBSPA_RX_ISR</name>
         <load_address>0x8b7a</load_address>
         <run_address>0x8b7a</run_address>
         <size>0xa</size>
         <input_file_ref idref="fl-4"/>
      </object_component>
      <object_component id="oc-d2">
         <name>.text:_MCBSPA_TX_ISR</name>
         <load_address>0x8b84</load_address>
         <run_address>0x8b84</run_address>
         <size>0xa</size>
         <input_file_ref idref="fl-4"/>
      </object_component>
      <object_component id="oc-d3">
         <name>.text:_MCBSPB_RX_ISR</name>
         <load_address>0x8b8e</load_address>
         <run_address>0x8b8e</run_address>
         <size>0xa</size>
         <input_file_ref idref="fl-4"/>
      </object_component>
      <object_component id="oc-d4">
         <name>.text:_MCBSPB_TX_ISR</name>
         <load_address>0x8b98</load_address>
         <run_address>0x8b98</run_address>
         <size>0xa</size>
         <input_file_ref idref="fl-4"/>
      </object_component>
      <object_component id="oc-9e">
         <name>.text:_NMI_ISR</name>
         <load_address>0x8ba2</load_address>
         <run_address>0x8ba2</run_address>
         <size>0xa</size>
         <input_file_ref idref="fl-4"/>
      </object_component>
      <object_component id="oc-125">
         <name>.text:_NOTUSED_ISR</name>
         <load_address>0x8bac</load_address>
         <run_address>0x8bac</run_address>
         <size>0xa</size>
         <input_file_ref idref="fl-4"/>
      </object_component>
      <object_component id="oc-123">
         <name>.text:_PIE_RESERVED_ISR</name>
         <load_address>0x8bb6</load_address>
         <run_address>0x8bb6</run_address>
         <size>0xa</size>
         <input_file_ref idref="fl-4"/>
      </object_component>
      <object_component id="oc-11e">
         <name>.text:_RAM_ACCESS_VIOLATION_ISR</name>
         <load_address>0x8bc0</load_address>
         <run_address>0x8bc0</run_address>
         <size>0xa</size>
         <input_file_ref idref="fl-4"/>
      </object_component>
      <object_component id="oc-11c">
         <name>.text:_RAM_CORRECTABLE_ERROR_ISR</name>
         <load_address>0x8bca</load_address>
         <run_address>0x8bca</run_address>
         <size>0xa</size>
         <input_file_ref idref="fl-4"/>
      </object_component>
      <object_component id="oc-9c">
         <name>.text:_RTOS_ISR</name>
         <load_address>0x8bd4</load_address>
         <run_address>0x8bd4</run_address>
         <size>0xa</size>
         <input_file_ref idref="fl-4"/>
      </object_component>
      <object_component id="oc-e3">
         <name>.text:_SCIA_RX_ISR</name>
         <load_address>0x8bde</load_address>
         <run_address>0x8bde</run_address>
         <size>0xa</size>
         <input_file_ref idref="fl-4"/>
      </object_component>
      <object_component id="oc-e4">
         <name>.text:_SCIA_TX_ISR</name>
         <load_address>0x8be8</load_address>
         <run_address>0x8be8</run_address>
         <size>0xa</size>
         <input_file_ref idref="fl-4"/>
      </object_component>
      <object_component id="oc-e5">
         <name>.text:_SCIB_RX_ISR</name>
         <load_address>0x8bf2</load_address>
         <run_address>0x8bf2</run_address>
         <size>0xa</size>
         <input_file_ref idref="fl-4"/>
      </object_component>
      <object_component id="oc-e6">
         <name>.text:_SCIB_TX_ISR</name>
         <load_address>0x8bfc</load_address>
         <run_address>0x8bfc</run_address>
         <size>0xa</size>
         <input_file_ref idref="fl-4"/>
      </object_component>
      <object_component id="oc-df">
         <name>.text:_SCIC_RX_ISR</name>
         <load_address>0x8c06</load_address>
         <run_address>0x8c06</run_address>
         <size>0xa</size>
         <input_file_ref idref="fl-4"/>
      </object_component>
      <object_component id="oc-e0">
         <name>.text:_SCIC_TX_ISR</name>
         <load_address>0x8c10</load_address>
         <run_address>0x8c10</run_address>
         <size>0xa</size>
         <input_file_ref idref="fl-4"/>
      </object_component>
      <object_component id="oc-e1">
         <name>.text:_SCID_RX_ISR</name>
         <load_address>0x8c1a</load_address>
         <run_address>0x8c1a</run_address>
         <size>0xa</size>
         <input_file_ref idref="fl-4"/>
      </object_component>
      <object_component id="oc-e2">
         <name>.text:_SCID_TX_ISR</name>
         <load_address>0x8c24</load_address>
         <run_address>0x8c24</run_address>
         <size>0xa</size>
         <input_file_ref idref="fl-4"/>
      </object_component>
      <object_component id="oc-10d">
         <name>.text:_SD1_ISR</name>
         <load_address>0x8c2e</load_address>
         <run_address>0x8c2e</run_address>
         <size>0xa</size>
         <input_file_ref idref="fl-4"/>
      </object_component>
      <object_component id="oc-10e">
         <name>.text:_SD2_ISR</name>
         <load_address>0x8c38</load_address>
         <run_address>0x8c38</run_address>
         <size>0xa</size>
         <input_file_ref idref="fl-4"/>
      </object_component>
      <object_component id="oc-cd">
         <name>.text:_SPIA_RX_ISR</name>
         <load_address>0x8c42</load_address>
         <run_address>0x8c42</run_address>
         <size>0xa</size>
         <input_file_ref idref="fl-4"/>
      </object_component>
      <object_component id="oc-ce">
         <name>.text:_SPIA_TX_ISR</name>
         <load_address>0x8c4c</load_address>
         <run_address>0x8c4c</run_address>
         <size>0xa</size>
         <input_file_ref idref="fl-4"/>
      </object_component>
      <object_component id="oc-cf">
         <name>.text:_SPIB_RX_ISR</name>
         <load_address>0x8c56</load_address>
         <run_address>0x8c56</run_address>
         <size>0xa</size>
         <input_file_ref idref="fl-4"/>
      </object_component>
      <object_component id="oc-d0">
         <name>.text:_SPIB_TX_ISR</name>
         <load_address>0x8c60</load_address>
         <run_address>0x8c60</run_address>
         <size>0xa</size>
         <input_file_ref idref="fl-4"/>
      </object_component>
      <object_component id="oc-10f">
         <name>.text:_SPIC_RX_ISR</name>
         <load_address>0x8c6a</load_address>
         <run_address>0x8c6a</run_address>
         <size>0xa</size>
         <input_file_ref idref="fl-4"/>
      </object_component>
      <object_component id="oc-110">
         <name>.text:_SPIC_TX_ISR</name>
         <load_address>0x8c74</load_address>
         <run_address>0x8c74</run_address>
         <size>0xa</size>
         <input_file_ref idref="fl-4"/>
      </object_component>
      <object_component id="oc-11f">
         <name>.text:_SYS_PLL_SLIP_ISR</name>
         <load_address>0x8c7e</load_address>
         <run_address>0x8c7e</run_address>
         <size>0xa</size>
         <input_file_ref idref="fl-4"/>
      </object_component>
      <object_component id="oc-b2">
         <name>.text:_TIMER0_ISR</name>
         <load_address>0x8c88</load_address>
         <run_address>0x8c88</run_address>
         <size>0xa</size>
         <input_file_ref idref="fl-4"/>
      </object_component>
      <object_component id="oc-99">
         <name>.text:_TIMER1_ISR</name>
         <load_address>0x8c92</load_address>
         <run_address>0x8c92</run_address>
         <size>0xa</size>
         <input_file_ref idref="fl-4"/>
      </object_component>
      <object_component id="oc-9a">
         <name>.text:_TIMER2_ISR</name>
         <load_address>0x8c9c</load_address>
         <run_address>0x8c9c</run_address>
         <size>0xa</size>
         <input_file_ref idref="fl-4"/>
      </object_component>
      <object_component id="oc-111">
         <name>.text:_UPPA_ISR</name>
         <load_address>0x8ca6</load_address>
         <run_address>0x8ca6</run_address>
         <size>0xa</size>
         <input_file_ref idref="fl-4"/>
      </object_component>
      <object_component id="oc-112">
         <name>.text:_USBA_ISR</name>
         <load_address>0x8cb0</load_address>
         <run_address>0x8cb0</run_address>
         <size>0xa</size>
         <input_file_ref idref="fl-4"/>
      </object_component>
      <object_component id="oc-a9">
         <name>.text:_USER10_ISR</name>
         <load_address>0x8cba</load_address>
         <run_address>0x8cba</run_address>
         <size>0xa</size>
         <input_file_ref idref="fl-4"/>
      </object_component>
      <object_component id="oc-aa">
         <name>.text:_USER11_ISR</name>
         <load_address>0x8cc4</load_address>
         <run_address>0x8cc4</run_address>
         <size>0xa</size>
         <input_file_ref idref="fl-4"/>
      </object_component>
      <object_component id="oc-ab">
         <name>.text:_USER12_ISR</name>
         <load_address>0x8cce</load_address>
         <run_address>0x8cce</run_address>
         <size>0xa</size>
         <input_file_ref idref="fl-4"/>
      </object_component>
      <object_component id="oc-a0">
         <name>.text:_USER1_ISR</name>
         <load_address>0x8cd8</load_address>
         <run_address>0x8cd8</run_address>
         <size>0xa</size>
         <input_file_ref idref="fl-4"/>
      </object_component>
      <object_component id="oc-a1">
         <name>.text:_USER2_ISR</name>
         <load_address>0x8ce2</load_address>
         <run_address>0x8ce2</run_address>
         <size>0xa</size>
         <input_file_ref idref="fl-4"/>
      </object_component>
      <object_component id="oc-a2">
         <name>.text:_USER3_ISR</name>
         <load_address>0x8cec</load_address>
         <run_address>0x8cec</run_address>
         <size>0xa</size>
         <input_file_ref idref="fl-4"/>
      </object_component>
      <object_component id="oc-a3">
         <name>.text:_USER4_ISR</name>
         <load_address>0x8cf6</load_address>
         <run_address>0x8cf6</run_address>
         <size>0xa</size>
         <input_file_ref idref="fl-4"/>
      </object_component>
      <object_component id="oc-a4">
         <name>.text:_USER5_ISR</name>
         <load_address>0x8d00</load_address>
         <run_address>0x8d00</run_address>
         <size>0xa</size>
         <input_file_ref idref="fl-4"/>
      </object_component>
      <object_component id="oc-a5">
         <name>.text:_USER6_ISR</name>
         <load_address>0x8d0a</load_address>
         <run_address>0x8d0a</run_address>
         <size>0xa</size>
         <input_file_ref idref="fl-4"/>
      </object_component>
      <object_component id="oc-a6">
         <name>.text:_USER7_ISR</name>
         <load_address>0x8d14</load_address>
         <run_address>0x8d14</run_address>
         <size>0xa</size>
         <input_file_ref idref="fl-4"/>
      </object_component>
      <object_component id="oc-a7">
         <name>.text:_USER8_ISR</name>
         <load_address>0x8d1e</load_address>
         <run_address>0x8d1e</run_address>
         <size>0xa</size>
         <input_file_ref idref="fl-4"/>
      </object_component>
      <object_component id="oc-a8">
         <name>.text:_USER9_ISR</name>
         <load_address>0x8d28</load_address>
         <run_address>0x8d28</run_address>
         <size>0xa</size>
         <input_file_ref idref="fl-4"/>
      </object_component>
      <object_component id="oc-fe">
         <name>.text:_VCU_ISR</name>
         <load_address>0x8d32</load_address>
         <run_address>0x8d32</run_address>
         <size>0xa</size>
         <input_file_ref idref="fl-4"/>
      </object_component>
      <object_component id="oc-b3">
         <name>.text:_WAKE_ISR</name>
         <load_address>0x8d3c</load_address>
         <run_address>0x8d3c</run_address>
         <size>0xa</size>
         <input_file_ref idref="fl-4"/>
      </object_component>
      <object_component id="oc-af">
         <name>.text:_XINT1_ISR</name>
         <load_address>0x8d46</load_address>
         <run_address>0x8d46</run_address>
         <size>0xa</size>
         <input_file_ref idref="fl-4"/>
      </object_component>
      <object_component id="oc-b0">
         <name>.text:_XINT2_ISR</name>
         <load_address>0x8d50</load_address>
         <run_address>0x8d50</run_address>
         <size>0xa</size>
         <input_file_ref idref="fl-4"/>
      </object_component>
      <object_component id="oc-fb">
         <name>.text:_XINT3_ISR</name>
         <load_address>0x8d5a</load_address>
         <run_address>0x8d5a</run_address>
         <size>0xa</size>
         <input_file_ref idref="fl-4"/>
      </object_component>
      <object_component id="oc-fc">
         <name>.text:_XINT4_ISR</name>
         <load_address>0x8d64</load_address>
         <run_address>0x8d64</run_address>
         <size>0xa</size>
         <input_file_ref idref="fl-4"/>
      </object_component>
      <object_component id="oc-fd">
         <name>.text:_XINT5_ISR</name>
         <load_address>0x8d6e</load_address>
         <run_address>0x8d6e</run_address>
         <size>0xa</size>
         <input_file_ref idref="fl-4"/>
      </object_component>
      <object_component id="oc-223">
         <name>.text:_InitXint1</name>
         <load_address>0x8d78</load_address>
         <run_address>0x8d78</run_address>
         <size>0x9</size>
         <input_file_ref idref="fl-d"/>
      </object_component>
      <object_component id="oc-225">
         <name>.text</name>
         <load_address>0x8d81</load_address>
         <run_address>0x8d81</run_address>
         <size>0x9</size>
         <input_file_ref idref="fl-2a"/>
      </object_component>
      <object_component id="oc-92">
         <name>.text</name>
         <load_address>0x8d8a</load_address>
         <run_address>0x8d8a</run_address>
         <size>0x8</size>
         <input_file_ref idref="fl-3"/>
      </object_component>
      <object_component id="oc-216">
         <name>.text</name>
         <load_address>0x8d92</load_address>
         <run_address>0x8d92</run_address>
         <size>0x1</size>
         <input_file_ref idref="fl-28"/>
      </object_component>
      <object_component id="oc-1c6">
         <name>.cinit</name>
         <load_address>0xb000</load_address>
         <run_address>0xb000</run_address>
         <size>0xf</size>
         <input_file_ref idref="fl-e"/>
      </object_component>
      <object_component id="oc-1ff">
         <name>.cinit</name>
         <load_address>0xb00f</load_address>
         <run_address>0xb00f</run_address>
         <size>0xe</size>
         <input_file_ref idref="fl-29"/>
      </object_component>
      <object_component id="oc-21e">
         <name>.cinit:__lock</name>
         <load_address>0xb01d</load_address>
         <run_address>0xb01d</run_address>
         <size>0x5</size>
         <input_file_ref idref="fl-2a"/>
      </object_component>
      <object_component id="oc-226">
         <name>.cinit:__unlock</name>
         <load_address>0xb022</load_address>
         <run_address>0xb022</run_address>
         <size>0x5</size>
         <input_file_ref idref="fl-2a"/>
      </object_component>
      <object_component id="oc-1db">
         <name>.reset</name>
         <load_address>0x3fffc0</load_address>
         <run_address>0x3fffc0</run_address>
         <size>0x2</size>
         <input_file_ref idref="fl-22"/>
      </object_component>
      <object_component id="oc-1da">
         <name>.stack</name>
         <uninitialized>true</uninitialized>
         <run_address>0x400</run_address>
         <size>0x0</size>
         <input_file_ref idref="fl-22"/>
      </object_component>
      <object_component id="oc-2c8">
         <name>.stack</name>
         <uninitialized>true</uninitialized>
         <run_address>0x400</run_address>
         <size>0x0</size>
      </object_component>
      <object_component id="oc-1bc">
         <name>.ebss</name>
         <uninitialized>true</uninitialized>
         <run_address>0x17800</run_address>
         <size>0x10</size>
         <input_file_ref idref="fl-d"/>
      </object_component>
      <object_component id="oc-219">
         <name>.ebss:_Buffer_A2</name>
         <uninitialized>true</uninitialized>
         <run_address>0x17400</run_address>
         <size>0x400</size>
         <input_file_ref idref="fl-d"/>
      </object_component>
      <object_component id="oc-21a">
         <name>.ebss:_Buffer_A12</name>
         <uninitialized>true</uninitialized>
         <run_address>0x17000</run_address>
         <size>0x400</size>
         <input_file_ref idref="fl-d"/>
      </object_component>
      <object_component id="oc-1c7">
         <name>.ebss</name>
         <uninitialized>true</uninitialized>
         <run_address>0x17810</run_address>
         <size>0x6</size>
         <input_file_ref idref="fl-e"/>
      </object_component>
      <object_component id="oc-200">
         <name>.ebss</name>
         <uninitialized>true</uninitialized>
         <run_address>0x17816</run_address>
         <size>0x6</size>
         <input_file_ref idref="fl-29"/>
      </object_component>
      <object_component id="oc-21d">
         <name>.ebss:__lock</name>
         <uninitialized>true</uninitialized>
         <run_address>0x1781c</run_address>
         <size>0x2</size>
         <input_file_ref idref="fl-2a"/>
      </object_component>
      <object_component id="oc-22f">
         <name>.ebss:__unlock</name>
         <uninitialized>true</uninitialized>
         <run_address>0x1781e</run_address>
         <size>0x2</size>
         <input_file_ref idref="fl-2a"/>
      </object_component>
      <object_component id="oc-22d">
         <name>.econst:_PieVectTableInit</name>
         <load_address>0xa800</load_address>
         <run_address>0xa800</run_address>
         <size>0x1c0</size>
         <input_file_ref idref="fl-a"/>
      </object_component>
      <object_component id="oc-1d5">
         <name>.econst:.string</name>
         <load_address>0xa9c0</load_address>
         <run_address>0xa9c0</run_address>
         <size>0xc2</size>
         <input_file_ref idref="fl-16"/>
      </object_component>
      <object_component id="oc-1ce">
         <name>.econst:.string</name>
         <load_address>0xaa82</load_address>
         <run_address>0xaa82</run_address>
         <size>0xbc</size>
         <input_file_ref idref="fl-15"/>
      </object_component>
      <object_component id="oc-1c8">
         <name>.econst:.string</name>
         <load_address>0xab3e</load_address>
         <run_address>0xab3e</run_address>
         <size>0x13</size>
         <input_file_ref idref="fl-e"/>
      </object_component>
      <object_component id="oc-1bd">
         <name>Shared_Variable_1</name>
         <uninitialized>true</uninitialized>
         <run_address>0x10000</run_address>
         <size>0x2</size>
         <input_file_ref idref="fl-d"/>
      </object_component>
      <object_component id="oc-1b6">
         <name>.TI.ramfunc</name>
         <load_address>0xb029</load_address>
         <run_address>0xb029</run_address>
         <size>0x4</size>
         <input_file_ref idref="fl-c"/>
      </object_component>
      <object_component id="oc-1d4">
         <name>.TI.ramfunc</name>
         <load_address>0xb02d</load_address>
         <run_address>0xb02d</run_address>
         <size>0x4</size>
         <input_file_ref idref="fl-16"/>
      </object_component>
      <object_component id="oc-19b">
         <name>PieVectTableFile</name>
         <uninitialized>true</uninitialized>
         <run_address>0xd00</run_address>
         <size>0x1c0</size>
         <input_file_ref idref="fl-6"/>
      </object_component>
      <object_component id="oc-16b">
         <name>AccessProtectionRegsFile</name>
         <uninitialized>true</uninitialized>
         <run_address>0x5f4c0</run_address>
         <size>0x2e</size>
         <input_file_ref idref="fl-6"/>
      </object_component>
      <object_component id="oc-180">
         <name>AdcaRegsFile</name>
         <uninitialized>true</uninitialized>
         <run_address>0x7400</run_address>
         <size>0x7c</size>
         <input_file_ref idref="fl-6"/>
      </object_component>
      <object_component id="oc-181">
         <name>AdcbRegsFile</name>
         <uninitialized>true</uninitialized>
         <run_address>0x7480</run_address>
         <size>0x7c</size>
         <input_file_ref idref="fl-6"/>
      </object_component>
      <object_component id="oc-182">
         <name>AdccRegsFile</name>
         <uninitialized>true</uninitialized>
         <run_address>0x7500</run_address>
         <size>0x7c</size>
         <input_file_ref idref="fl-6"/>
      </object_component>
      <object_component id="oc-183">
         <name>AdcdRegsFile</name>
         <uninitialized>true</uninitialized>
         <run_address>0x7580</run_address>
         <size>0x7c</size>
         <input_file_ref idref="fl-6"/>
      </object_component>
      <object_component id="oc-148">
         <name>AdcaResultRegsFile</name>
         <uninitialized>true</uninitialized>
         <run_address>0xb00</run_address>
         <size>0x18</size>
         <input_file_ref idref="fl-6"/>
      </object_component>
      <object_component id="oc-149">
         <name>AdcbResultRegsFile</name>
         <uninitialized>true</uninitialized>
         <run_address>0xb20</run_address>
         <size>0x18</size>
         <input_file_ref idref="fl-6"/>
      </object_component>
      <object_component id="oc-14a">
         <name>AdccResultRegsFile</name>
         <uninitialized>true</uninitialized>
         <run_address>0xb40</run_address>
         <size>0x18</size>
         <input_file_ref idref="fl-6"/>
      </object_component>
      <object_component id="oc-14b">
         <name>AdcdResultRegsFile</name>
         <uninitialized>true</uninitialized>
         <run_address>0xb60</run_address>
         <size>0x18</size>
         <input_file_ref idref="fl-6"/>
      </object_component>
      <object_component id="oc-16f">
         <name>AnalogSubsysRegsFile</name>
         <uninitialized>true</uninitialized>
         <run_address>0x5d180</run_address>
         <size>0x3e</size>
         <input_file_ref idref="fl-6"/>
      </object_component>
      <object_component id="oc-197">
         <name>CanaRegsFile</name>
         <uninitialized>true</uninitialized>
         <run_address>0x48000</run_address>
         <size>0x164</size>
         <input_file_ref idref="fl-6"/>
      </object_component>
      <object_component id="oc-198">
         <name>CanbRegsFile</name>
         <uninitialized>true</uninitialized>
         <run_address>0x4a000</run_address>
         <size>0x164</size>
         <input_file_ref idref="fl-6"/>
      </object_component>
      <object_component id="oc-170">
         <name>Cla1RegsFile</name>
         <uninitialized>true</uninitialized>
         <run_address>0x1400</run_address>
         <size>0x3e</size>
         <input_file_ref idref="fl-6"/>
      </object_component>
      <object_component id="oc-192">
         <name>Clb1DataExchRegsFile</name>
         <uninitialized>true</uninitialized>
         <run_address>0x3200</run_address>
         <size>0x108</size>
         <input_file_ref idref="fl-6"/>
      </object_component>
      <object_component id="oc-193">
         <name>Clb2DataExchRegsFile</name>
         <uninitialized>true</uninitialized>
         <run_address>0x3600</run_address>
         <size>0x108</size>
         <input_file_ref idref="fl-6"/>
      </object_component>
      <object_component id="oc-194">
         <name>Clb3DataExchRegsFile</name>
         <uninitialized>true</uninitialized>
         <run_address>0x3a00</run_address>
         <size>0x108</size>
         <input_file_ref idref="fl-6"/>
      </object_component>
      <object_component id="oc-195">
         <name>Clb4DataExchRegsFile</name>
         <uninitialized>true</uninitialized>
         <run_address>0x3e00</run_address>
         <size>0x108</size>
         <input_file_ref idref="fl-6"/>
      </object_component>
      <object_component id="oc-171">
         <name>Clb1LogicCfgRegsFile</name>
         <uninitialized>true</uninitialized>
         <run_address>0x3000</run_address>
         <size>0x3e</size>
         <input_file_ref idref="fl-6"/>
      </object_component>
      <object_component id="oc-172">
         <name>Clb2LogicCfgRegsFile</name>
         <uninitialized>true</uninitialized>
         <run_address>0x3400</run_address>
         <size>0x3e</size>
         <input_file_ref idref="fl-6"/>
      </object_component>
      <object_component id="oc-173">
         <name>Clb3LogicCfgRegsFile</name>
         <uninitialized>true</uninitialized>
         <run_address>0x3800</run_address>
         <size>0x3e</size>
         <input_file_ref idref="fl-6"/>
      </object_component>
      <object_component id="oc-174">
         <name>Clb4LogicCfgRegsFile</name>
         <uninitialized>true</uninitialized>
         <run_address>0x3c00</run_address>
         <size>0x3e</size>
         <input_file_ref idref="fl-6"/>
      </object_component>
      <object_component id="oc-175">
         <name>Clb1LogicCtrlRegsFile</name>
         <uninitialized>true</uninitialized>
         <run_address>0x3100</run_address>
         <size>0x40</size>
         <input_file_ref idref="fl-6"/>
      </object_component>
      <object_component id="oc-176">
         <name>Clb2LogicCtrlRegsFile</name>
         <uninitialized>true</uninitialized>
         <run_address>0x3500</run_address>
         <size>0x40</size>
         <input_file_ref idref="fl-6"/>
      </object_component>
      <object_component id="oc-177">
         <name>Clb3LogicCtrlRegsFile</name>
         <uninitialized>true</uninitialized>
         <run_address>0x3900</run_address>
         <size>0x40</size>
         <input_file_ref idref="fl-6"/>
      </object_component>
      <object_component id="oc-178">
         <name>Clb4LogicCtrlRegsFile</name>
         <uninitialized>true</uninitialized>
         <run_address>0x3d00</run_address>
         <size>0x40</size>
         <input_file_ref idref="fl-6"/>
      </object_component>
      <object_component id="oc-179">
         <name>ClbXbarRegsFile</name>
         <uninitialized>true</uninitialized>
         <run_address>0x7a40</run_address>
         <size>0x40</size>
         <input_file_ref idref="fl-6"/>
      </object_component>
      <object_component id="oc-16d">
         <name>ClkCfgRegsFile</name>
         <uninitialized>true</uninitialized>
         <run_address>0x5d200</run_address>
         <size>0x32</size>
         <input_file_ref idref="fl-6"/>
      </object_component>
      <object_component id="oc-154">
         <name>Cmpss1RegsFile</name>
         <uninitialized>true</uninitialized>
         <run_address>0x5c80</run_address>
         <size>0x1b</size>
         <input_file_ref idref="fl-6"/>
      </object_component>
      <object_component id="oc-155">
         <name>Cmpss2RegsFile</name>
         <uninitialized>true</uninitialized>
         <run_address>0x5ca0</run_address>
         <size>0x1b</size>
         <input_file_ref idref="fl-6"/>
      </object_component>
      <object_component id="oc-156">
         <name>Cmpss3RegsFile</name>
         <uninitialized>true</uninitialized>
         <run_address>0x5cc0</run_address>
         <size>0x1b</size>
         <input_file_ref idref="fl-6"/>
      </object_component>
      <object_component id="oc-157">
         <name>Cmpss4RegsFile</name>
         <uninitialized>true</uninitialized>
         <run_address>0x5ce0</run_address>
         <size>0x1b</size>
         <input_file_ref idref="fl-6"/>
      </object_component>
      <object_component id="oc-158">
         <name>Cmpss5RegsFile</name>
         <uninitialized>true</uninitialized>
         <run_address>0x5d00</run_address>
         <size>0x1b</size>
         <input_file_ref idref="fl-6"/>
      </object_component>
      <object_component id="oc-159">
         <name>Cmpss6RegsFile</name>
         <uninitialized>true</uninitialized>
         <run_address>0x5d20</run_address>
         <size>0x1b</size>
         <input_file_ref idref="fl-6"/>
      </object_component>
      <object_component id="oc-15a">
         <name>Cmpss7RegsFile</name>
         <uninitialized>true</uninitialized>
         <run_address>0x5d40</run_address>
         <size>0x1b</size>
         <input_file_ref idref="fl-6"/>
      </object_component>
      <object_component id="oc-15b">
         <name>Cmpss8RegsFile</name>
         <uninitialized>true</uninitialized>
         <run_address>0x5d60</run_address>
         <size>0x1b</size>
         <input_file_ref idref="fl-6"/>
      </object_component>
      <object_component id="oc-139">
         <name>CpuTimer0RegsFile</name>
         <uninitialized>true</uninitialized>
         <run_address>0xc00</run_address>
         <size>0x8</size>
         <input_file_ref idref="fl-6"/>
      </object_component>
      <object_component id="oc-13a">
         <name>CpuTimer1RegsFile</name>
         <uninitialized>true</uninitialized>
         <run_address>0xc08</run_address>
         <size>0x8</size>
         <input_file_ref idref="fl-6"/>
      </object_component>
      <object_component id="oc-13b">
         <name>CpuTimer2RegsFile</name>
         <uninitialized>true</uninitialized>
         <run_address>0xc10</run_address>
         <size>0x8</size>
         <input_file_ref idref="fl-6"/>
      </object_component>
      <object_component id="oc-184">
         <name>CpuSysRegsFile</name>
         <uninitialized>true</uninitialized>
         <run_address>0x5d300</run_address>
         <size>0x82</size>
         <input_file_ref idref="fl-6"/>
      </object_component>
      <object_component id="oc-135">
         <name>DacaRegsFile</name>
         <uninitialized>true</uninitialized>
         <run_address>0x5c00</run_address>
         <size>0x7</size>
         <input_file_ref idref="fl-6"/>
      </object_component>
      <object_component id="oc-136">
         <name>DacbRegsFile</name>
         <uninitialized>true</uninitialized>
         <run_address>0x5c10</run_address>
         <size>0x7</size>
         <input_file_ref idref="fl-6"/>
      </object_component>
      <object_component id="oc-137">
         <name>DaccRegsFile</name>
         <uninitialized>true</uninitialized>
         <run_address>0x5c20</run_address>
         <size>0x7</size>
         <input_file_ref idref="fl-6"/>
      </object_component>
      <object_component id="oc-133">
         <name>DcsmCommonRegsFile</name>
         <uninitialized>true</uninitialized>
         <run_address>0x5f070</run_address>
         <size>0x6</size>
         <input_file_ref idref="fl-6"/>
      </object_component>
      <object_component id="oc-15d">
         <name>DcsmZ1RegsFile</name>
         <uninitialized>true</uninitialized>
         <run_address>0x5f000</run_address>
         <size>0x22</size>
         <input_file_ref idref="fl-6"/>
      </object_component>
      <object_component id="oc-15e">
         <name>DcsmZ2RegsFile</name>
         <uninitialized>true</uninitialized>
         <run_address>0x5f040</run_address>
         <size>0x22</size>
         <input_file_ref idref="fl-6"/>
      </object_component>
      <object_component id="oc-196">
         <name>DevCfgRegsFile</name>
         <uninitialized>true</uninitialized>
         <run_address>0x5d000</run_address>
         <size>0x12e</size>
         <input_file_ref idref="fl-6"/>
      </object_component>
      <object_component id="oc-14c">
         <name>DmaClaSrcSelRegsFile</name>
         <uninitialized>true</uninitialized>
         <run_address>0x7980</run_address>
         <size>0x1a</size>
         <input_file_ref idref="fl-6"/>
      </object_component>
      <object_component id="oc-185">
         <name>DmaRegsFile</name>
         <uninitialized>true</uninitialized>
         <run_address>0x1000</run_address>
         <size>0xe0</size>
         <input_file_ref idref="fl-6"/>
      </object_component>
      <object_component id="oc-14d">
         <name>ECap1RegsFile</name>
         <uninitialized>true</uninitialized>
         <run_address>0x5000</run_address>
         <size>0x1a</size>
         <input_file_ref idref="fl-6"/>
      </object_component>
      <object_component id="oc-14e">
         <name>ECap2RegsFile</name>
         <uninitialized>true</uninitialized>
         <run_address>0x5020</run_address>
         <size>0x1a</size>
         <input_file_ref idref="fl-6"/>
      </object_component>
      <object_component id="oc-14f">
         <name>ECap3RegsFile</name>
         <uninitialized>true</uninitialized>
         <run_address>0x5040</run_address>
         <size>0x1a</size>
         <input_file_ref idref="fl-6"/>
      </object_component>
      <object_component id="oc-150">
         <name>ECap4RegsFile</name>
         <uninitialized>true</uninitialized>
         <run_address>0x5060</run_address>
         <size>0x1a</size>
         <input_file_ref idref="fl-6"/>
      </object_component>
      <object_component id="oc-151">
         <name>ECap5RegsFile</name>
         <uninitialized>true</uninitialized>
         <run_address>0x5080</run_address>
         <size>0x1a</size>
         <input_file_ref idref="fl-6"/>
      </object_component>
      <object_component id="oc-152">
         <name>ECap6RegsFile</name>
         <uninitialized>true</uninitialized>
         <run_address>0x50a0</run_address>
         <size>0x1a</size>
         <input_file_ref idref="fl-6"/>
      </object_component>
      <object_component id="oc-13c">
         <name>Emif1ConfigRegsFile</name>
         <uninitialized>true</uninitialized>
         <run_address>0x5f480</run_address>
         <size>0xa</size>
         <input_file_ref idref="fl-6"/>
      </object_component>
      <object_component id="oc-13d">
         <name>Emif2ConfigRegsFile</name>
         <uninitialized>true</uninitialized>
         <run_address>0x5f4a0</run_address>
         <size>0xa</size>
         <input_file_ref idref="fl-6"/>
      </object_component>
      <object_component id="oc-167">
         <name>Emif1RegsFile</name>
         <uninitialized>true</uninitialized>
         <run_address>0x47000</run_address>
         <size>0x28</size>
         <input_file_ref idref="fl-6"/>
      </object_component>
      <object_component id="oc-168">
         <name>Emif2RegsFile</name>
         <uninitialized>true</uninitialized>
         <run_address>0x47800</run_address>
         <size>0x28</size>
         <input_file_ref idref="fl-6"/>
      </object_component>
      <object_component id="oc-186">
         <name>EPwm1RegsFile</name>
         <uninitialized>true</uninitialized>
         <run_address>0x4000</run_address>
         <size>0x100</size>
         <input_file_ref idref="fl-6"/>
      </object_component>
      <object_component id="oc-187">
         <name>EPwm2RegsFile</name>
         <uninitialized>true</uninitialized>
         <run_address>0x4100</run_address>
         <size>0x100</size>
         <input_file_ref idref="fl-6"/>
      </object_component>
      <object_component id="oc-188">
         <name>EPwm3RegsFile</name>
         <uninitialized>true</uninitialized>
         <run_address>0x4200</run_address>
         <size>0x100</size>
         <input_file_ref idref="fl-6"/>
      </object_component>
      <object_component id="oc-189">
         <name>EPwm4RegsFile</name>
         <uninitialized>true</uninitialized>
         <run_address>0x4300</run_address>
         <size>0x100</size>
         <input_file_ref idref="fl-6"/>
      </object_component>
      <object_component id="oc-18a">
         <name>EPwm5RegsFile</name>
         <uninitialized>true</uninitialized>
         <run_address>0x4400</run_address>
         <size>0x100</size>
         <input_file_ref idref="fl-6"/>
      </object_component>
      <object_component id="oc-18b">
         <name>EPwm6RegsFile</name>
         <uninitialized>true</uninitialized>
         <run_address>0x4500</run_address>
         <size>0x100</size>
         <input_file_ref idref="fl-6"/>
      </object_component>
      <object_component id="oc-18c">
         <name>EPwm7RegsFile</name>
         <uninitialized>true</uninitialized>
         <run_address>0x4600</run_address>
         <size>0x100</size>
         <input_file_ref idref="fl-6"/>
      </object_component>
      <object_component id="oc-18d">
         <name>EPwm8RegsFile</name>
         <uninitialized>true</uninitialized>
         <run_address>0x4700</run_address>
         <size>0x100</size>
         <input_file_ref idref="fl-6"/>
      </object_component>
      <object_component id="oc-18e">
         <name>EPwm9RegsFile</name>
         <uninitialized>true</uninitialized>
         <run_address>0x4800</run_address>
         <size>0x100</size>
         <input_file_ref idref="fl-6"/>
      </object_component>
      <object_component id="oc-18f">
         <name>EPwm10RegsFile</name>
         <uninitialized>true</uninitialized>
         <run_address>0x4900</run_address>
         <size>0x100</size>
         <input_file_ref idref="fl-6"/>
      </object_component>
      <object_component id="oc-190">
         <name>EPwm11RegsFile</name>
         <uninitialized>true</uninitialized>
         <run_address>0x4a00</run_address>
         <size>0x100</size>
         <input_file_ref idref="fl-6"/>
      </object_component>
      <object_component id="oc-191">
         <name>EPwm12RegsFile</name>
         <uninitialized>true</uninitialized>
         <run_address>0x4b00</run_address>
         <size>0x100</size>
         <input_file_ref idref="fl-6"/>
      </object_component>
      <object_component id="oc-17a">
         <name>EPwmXbarRegsFile</name>
         <uninitialized>true</uninitialized>
         <run_address>0x7a00</run_address>
         <size>0x40</size>
         <input_file_ref idref="fl-6"/>
      </object_component>
      <object_component id="oc-15f">
         <name>EQep1RegsFile</name>
         <uninitialized>true</uninitialized>
         <run_address>0x5100</run_address>
         <size>0x22</size>
         <input_file_ref idref="fl-6"/>
      </object_component>
      <object_component id="oc-160">
         <name>EQep2RegsFile</name>
         <uninitialized>true</uninitialized>
         <run_address>0x5140</run_address>
         <size>0x22</size>
         <input_file_ref idref="fl-6"/>
      </object_component>
      <object_component id="oc-161">
         <name>EQep3RegsFile</name>
         <uninitialized>true</uninitialized>
         <run_address>0x5180</run_address>
         <size>0x22</size>
         <input_file_ref idref="fl-6"/>
      </object_component>
      <object_component id="oc-19a">
         <name>Flash0CtrlRegsFile</name>
         <uninitialized>true</uninitialized>
         <run_address>0x5f800</run_address>
         <size>0x182</size>
         <input_file_ref idref="fl-6"/>
      </object_component>
      <object_component id="oc-169">
         <name>Flash0EccRegsFile</name>
         <uninitialized>true</uninitialized>
         <run_address>0x5fb00</run_address>
         <size>0x28</size>
         <input_file_ref idref="fl-6"/>
      </object_component>
      <object_component id="oc-130">
         <name>FlashPumpSemaphoreRegsFile</name>
         <uninitialized>true</uninitialized>
         <run_address>0x50024</run_address>
         <size>0x2</size>
         <input_file_ref idref="fl-6"/>
      </object_component>
      <object_component id="oc-199">
         <name>GpioCtrlRegsFile</name>
         <uninitialized>true</uninitialized>
         <run_address>0x7c00</run_address>
         <size>0x180</size>
         <input_file_ref idref="fl-6"/>
      </object_component>
      <object_component id="oc-16c">
         <name>GpioDataRegsFile</name>
         <uninitialized>true</uninitialized>
         <run_address>0x7f00</run_address>
         <size>0x30</size>
         <input_file_ref idref="fl-6"/>
      </object_component>
      <object_component id="oc-162">
         <name>I2caRegsFile</name>
         <uninitialized>true</uninitialized>
         <run_address>0x7300</run_address>
         <size>0x22</size>
         <input_file_ref idref="fl-6"/>
      </object_component>
      <object_component id="oc-163">
         <name>I2cbRegsFile</name>
         <uninitialized>true</uninitialized>
         <run_address>0x7340</run_address>
         <size>0x22</size>
         <input_file_ref idref="fl-6"/>
      </object_component>
      <object_component id="oc-15c">
         <name>InputXbarRegsFile</name>
         <uninitialized>true</uninitialized>
         <run_address>0x7900</run_address>
         <size>0x20</size>
         <input_file_ref idref="fl-6"/>
      </object_component>
      <object_component id="oc-164">
         <name>IpcRegsFile</name>
         <uninitialized>true</uninitialized>
         <run_address>0x50000</run_address>
         <size>0x24</size>
         <input_file_ref idref="fl-6"/>
      </object_component>
      <object_component id="oc-16e">
         <name>MemoryErrorRegsFile</name>
         <uninitialized>true</uninitialized>
         <run_address>0x5f500</run_address>
         <size>0x3a</size>
         <input_file_ref idref="fl-6"/>
      </object_component>
      <object_component id="oc-17f">
         <name>MemCfgRegsFile</name>
         <uninitialized>true</uninitialized>
         <run_address>0x5f400</run_address>
         <size>0x76</size>
         <input_file_ref idref="fl-6"/>
      </object_component>
      <object_component id="oc-165">
         <name>McbspaRegsFile</name>
         <uninitialized>true</uninitialized>
         <run_address>0x6000</run_address>
         <size>0x24</size>
         <input_file_ref idref="fl-6"/>
      </object_component>
      <object_component id="oc-166">
         <name>McbspbRegsFile</name>
         <uninitialized>true</uninitialized>
         <run_address>0x6040</run_address>
         <size>0x24</size>
         <input_file_ref idref="fl-6"/>
      </object_component>
      <object_component id="oc-138">
         <name>NmiIntruptRegsFile</name>
         <uninitialized>true</uninitialized>
         <run_address>0x7060</run_address>
         <size>0x7</size>
         <input_file_ref idref="fl-6"/>
      </object_component>
      <object_component id="oc-17b">
         <name>OutputXbarRegsFile</name>
         <uninitialized>true</uninitialized>
         <run_address>0x7a80</run_address>
         <size>0x40</size>
[...]
      </symbol>
      <symbol id="sm-53a">
         <name>_EPwm6Regs</name>
         <value>0x4500</value>
         <object_component_ref idref="oc-18b"/>
      </symbol>
      <symbol id="sm-53b">
         <name>_AdcaRegs</name>
         <value>0x7400</value>
         <object_component_ref idref="oc-180"/>
      </symbol>
      <symbol id="sm-53c">
         <name>_SciaRegs</name>
         <value>0x7200</value>
         <object_component_ref idref="oc-140"/>
      </symbol>
      <symbol id="sm-53d">
         <name>_EPwm11Regs</name>
         <value>0x4a00</value>
         <object_component_ref idref="oc-190"/>
      </symbol>
      <symbol id="sm-53e">
         <name>_GpioDataRegs</name>
         <value>0x7f00</value>
         <object_component_ref idref="oc-16c"/>
      </symbol>
      <symbol id="sm-53f">
         <name>_Sdfm1Regs</name>
         <value>0x5e00</value>
         <object_component_ref idref="oc-17c"/>
      </symbol>
      <symbol id="sm-540">
         <name>_Cmpss2Regs</name>
         <value>0x5ca0</value>
         <object_component_ref idref="oc-155"/>
      </symbol>
      <symbol id="sm-541">
         <name>_Emif2Regs</name>
         <value>0x47800</value>
         <object_component_ref idref="oc-168"/>
      </symbol>
      <symbol id="sm-542">
         <name>_DcsmZ1Regs</name>
         <value>0x5f000</value>
         <object_component_ref idref="oc-15d"/>
      </symbol>
      <symbol id="sm-543">
         <name>_Flash0CtrlRegs</name>
         <value>0x5f800</value>
         <object_component_ref idref="oc-19a"/>
      </symbol>
      <symbol id="sm-544">
         <name>_EPwm7Regs</name>
         <value>0x4600</value>
         <object_component_ref idref="oc-18c"/>
      </symbol>
      <symbol id="sm-545">
         <name>_SpicRegs</name>
         <value>0x6120</value>
         <object_component_ref idref="oc-146"/>
      </symbol>
      <symbol id="sm-546">
         <name>_Clb4DataExchRegs</name>
         <value>0x3e00</value>
         <object_component_ref idref="oc-195"/>
      </symbol>
      <symbol id="sm-547">
         <name>_EPwm10Regs</name>
         <value>0x4900</value>
         <object_component_ref idref="oc-18f"/>
      </symbol>
      <symbol id="sm-548">
         <name>_CpuTimer2Regs</name>
         <value>0xc10</value>
         <object_component_ref idref="oc-13b"/>
      </symbol>
      <symbol id="sm-549">
         <name>_Clb3LogicCfgRegs</name>
         <value>0x3800</value>
         <object_component_ref idref="oc-173"/>
      </symbol>
      <symbol id="sm-54a">
         <name>_DmaClaSrcSelRegs</name>
         <value>0x7980</value>
         <object_component_ref idref="oc-14c"/>
      </symbol>
      <symbol id="sm-54b">
         <name>_AnalogSubsysRegs</name>
         <value>0x5d180</value>
         <object_component_ref idref="oc-16f"/>
      </symbol>
      <symbol id="sm-54c">
         <name>_Cmpss3Regs</name>
         <value>0x5cc0</value>
         <object_component_ref idref="oc-156"/>
      </symbol>
      <symbol id="sm-54d">
         <name>_DaccRegs</name>
         <value>0x5c20</value>
         <object_component_ref idref="oc-137"/>
      </symbol>
      <symbol id="sm-54e">
         <name>_PieCtrlRegs</name>
         <value>0xce0</value>
         <object_component_ref idref="oc-153"/>
      </symbol>
      <symbol id="sm-54f">
         <name>_DevCfgRegs</name>
         <value>0x5d000</value>
         <object_component_ref idref="oc-196"/>
      </symbol>
      <symbol id="sm-550">
         <name>_SpibRegs</name>
         <value>0x6110</value>
         <object_component_ref idref="oc-145"/>
      </symbol>
      <symbol id="sm-551">
         <name>_Clb1LogicCtrlRegs</name>
         <value>0x3100</value>
         <object_component_ref idref="oc-175"/>
      </symbol>
      <symbol id="sm-552">
         <name>_AdccRegs</name>
         <value>0x7500</value>
         <object_component_ref idref="oc-182"/>
      </symbol>
      <symbol id="sm-553">
         <name>_ScicRegs</name>
         <value>0x7220</value>
         <object_component_ref idref="oc-142"/>
      </symbol>
      <symbol id="sm-554">
         <name>_ECap1Regs</name>
         <value>0x5000</value>
         <object_component_ref idref="oc-14d"/>
      </symbol>
      <symbol id="sm-555">
         <name>_OutputXbarRegs</name>
         <value>0x7a80</value>
         <object_component_ref idref="oc-17b"/>
      </symbol>
      <symbol id="sm-556">
         <name>_MemoryErrorRegs</name>
         <value>0x5f500</value>
         <object_component_ref idref="oc-16e"/>
      </symbol>
      <symbol id="sm-557">
         <name>_Cla1Regs</name>
         <value>0x1400</value>
         <object_component_ref idref="oc-170"/>
      </symbol>
      <symbol id="sm-558">
         <name>_EQep1Regs</name>
         <value>0x5100</value>
         <object_component_ref idref="oc-15f"/>
      </symbol>
      <symbol id="sm-559">
         <name>_DacbRegs</name>
         <value>0x5c10</value>
         <object_component_ref idref="oc-136"/>
      </symbol>
      <symbol id="sm-55a">
         <name>_Clb2DataExchRegs</name>
         <value>0x3600</value>
         <object_component_ref idref="oc-193"/>
      </symbol>
      <symbol id="sm-55b">
         <name>_Clb4LogicCfgRegs</name>
         <value>0x3c00</value>
         <object_component_ref idref="oc-174"/>
      </symbol>
      <symbol id="sm-55c">
         <name>_UidRegs</name>
         <value>0x703c0</value>
         <object_component_ref idref="oc-147"/>
      </symbol>
      <symbol id="sm-55d">
         <name>_McbspaRegs</name>
         <value>0x6000</value>
         <object_component_ref idref="oc-165"/>
      </symbol>
      <symbol id="sm-55e">
         <name>_EPwm1Regs</name>
         <value>0x4000</value>
         <object_component_ref idref="oc-186"/>
      </symbol>
      <symbol id="sm-55f">
         <name>_Clb3LogicCtrlRegs</name>
         <value>0x3900</value>
         <object_component_ref idref="oc-177"/>
      </symbol>
      <symbol id="sm-560">
         <name>_AdcbRegs</name>
         <value>0x7480</value>
         <object_component_ref idref="oc-181"/>
      </symbol>
      <symbol id="sm-561">
         <name>_ScibRegs</name>
         <value>0x7210</value>
         <object_component_ref idref="oc-141"/>
      </symbol>
      <symbol id="sm-562">
         <name>_AdcaResultRegs</name>
         <value>0xb00</value>
         <object_component_ref idref="oc-148"/>
      </symbol>
      <symbol id="sm-563">
         <name>_ECap2Regs</name>
         <value>0x5020</value>
         <object_component_ref idref="oc-14e"/>
      </symbol>
      <symbol id="sm-564">
         <name>_EPwm12Regs</name>
         <value>0x4b00</value>
         <object_component_ref idref="oc-191"/>
      </symbol>
      <symbol id="sm-565">
         <name>_AdcbResultRegs</name>
         <value>0xb20</value>
         <object_component_ref idref="oc-149"/>
      </symbol>
      <symbol id="sm-566">
         <name>_Clb1LogicCfgRegs</name>
         <value>0x3000</value>
         <object_component_ref idref="oc-171"/>
      </symbol>
      <symbol id="sm-567">
         <name>_AdccResultRegs</name>
         <value>0xb40</value>
         <object_component_ref idref="oc-14a"/>
      </symbol>
      <symbol id="sm-568">
         <name>_Emif1ConfigRegs</name>
         <value>0x5f480</value>
         <object_component_ref idref="oc-13c"/>
      </symbol>
      <symbol id="sm-569">
         <name>_Sdfm2Regs</name>
         <value>0x5e80</value>
         <object_component_ref idref="oc-17d"/>
      </symbol>
      <symbol id="sm-56a">
         <name>_AdcdResultRegs</name>
         <value>0xb60</value>
         <object_component_ref idref="oc-14b"/>
      </symbol>
      <symbol id="sm-56b">
         <name>_EQep2Regs</name>
         <value>0x5140</value>
         <object_component_ref idref="oc-160"/>
      </symbol>
      <symbol id="sm-56c">
         <name>_Cmpss1Regs</name>
         <value>0x5c80</value>
         <object_component_ref idref="oc-154"/>
      </symbol>
      <symbol id="sm-56d">
         <name>_EPwm8Regs</name>
         <value>0x4700</value>
         <object_component_ref idref="oc-18d"/>
      </symbol>
      <symbol id="sm-56e">
         <name>_Emif2ConfigRegs</name>
         <value>0x5f4a0</value>
         <object_component_ref idref="oc-13d"/>
      </symbol>
      <symbol id="sm-56f">
         <name>_DcsmCommonRegs</name>
         <value>0x5f070</value>
         <object_component_ref idref="oc-133"/>
      </symbol>
      <symbol id="sm-570">
         <name>_EPwm2Regs</name>
         <value>0x4100</value>
         <object_component_ref idref="oc-187"/>
      </symbol>
      <symbol id="sm-571">
         <name>_ECap3Regs</name>
         <value>0x5040</value>
         <object_component_ref idref="oc-14f"/>
      </symbol>
      <symbol id="sm-572">
         <name>_Cmpss8Regs</name>
         <value>0x5d60</value>
         <object_component_ref idref="oc-15b"/>
      </symbol>
      <symbol id="sm-573">
         <name>_EQep3Regs</name>
         <value>0x5180</value>
         <object_component_ref idref="oc-161"/>
      </symbol>
      <symbol id="sm-574">
         <name>_SyncSocRegs</name>
         <value>0x7940</value>
         <object_component_ref idref="oc-134"/>
      </symbol>
      <symbol id="sm-575">
         <name>_EPwm9Regs</name>
         <value>0x4800</value>
         <object_component_ref idref="oc-18e"/>
      </symbol>
      <symbol id="sm-576">
         <name>_NmiIntruptRegs</name>
         <value>0x7060</value>
         <object_component_ref idref="oc-138"/>
      </symbol>
      <symbol id="sm-577">
         <name>_EPwm3Regs</name>
         <value>0x4200</value>
         <object_component_ref idref="oc-188"/>
      </symbol>
      <symbol id="sm-578">
         <name>_I2caRegs</name>
         <value>0x7300</value>
         <object_component_ref idref="oc-162"/>
      </symbol>
      <symbol id="sm-591">
         <name>_InitGpio</name>
         <value>0x853c</value>
         <object_component_ref idref="oc-22c"/>
      </symbol>
      <symbol id="sm-593">
         <name>_GPIO_EnableUnbondedIOPullupsFor176Pin</name>
         <value>0x8748</value>
         <object_component_ref idref="oc-231"/>
      </symbol>
      <symbol id="sm-595">
         <name>_GPIO_EnableUnbondedIOPullups</name>
         <value>0x8779</value>
         <object_component_ref idref="oc-228"/>
      </symbol>
      <symbol id="sm-597">
         <name>_GPIO_EnableUnbondedIOPullupsFor100Pin</name>
         <value>0x866b</value>
         <object_component_ref idref="oc-230"/>
      </symbol>
      <symbol id="sm-5ad">
         <name>_InitPieCtrl</name>
         <value>0x86d4</value>
         <object_component_ref idref="oc-221"/>
      </symbol>
      <symbol id="sm-5be">
         <name>_PieVectTableInit</name>
         <value>0xa800</value>
         <object_component_ref idref="oc-22d"/>
      </symbol>
      <symbol id="sm-5bf">
         <name>_InitPieVectTable</name>
         <value>0x8645</value>
         <object_component_ref idref="oc-222"/>
      </symbol>
      <symbol id="sm-5fc">
         <name>_InitSysPll</name>
         <value>0x8000</value>
         <object_component_ref idref="oc-22a"/>
      </symbol>
      <symbol id="sm-5fe">
         <name>_DisableDog</name>
         <value>0x87d5</value>
         <object_component_ref idref="oc-227"/>
      </symbol>
      <symbol id="sm-600">
         <name>_SysIntOsc2Sel</name>
         <value>0x878f</value>
         <object_component_ref idref="oc-233"/>
      </symbol>
      <symbol id="sm-602">
         <name>_InitPeripheralClocks</name>
         <value>0x83b7</value>
         <object_component_ref idref="oc-22b"/>
      </symbol>
      <symbol id="sm-604">
         <name>_SysXtalOscSel</name>
         <value>0x87c5</value>
         <object_component_ref idref="oc-234"/>
      </symbol>
      <symbol id="sm-606">
         <name>_ConfigureTMXAnalogTrim</name>
         <value>0x86f3</value>
         <object_component_ref idref="oc-229"/>
      </symbol>
      <symbol id="sm-608">
         <name>_SysIntOsc1Sel</name>
         <value>0x87b5</value>
         <object_component_ref idref="oc-232"/>
      </symbol>
      <symbol id="sm-60a">
         <name>_ServiceDog</name>
         <value>0x87e3</value>
         <object_component_ref idref="oc-235"/>
      </symbol>
      <symbol id="sm-60c">
         <name>_InitSysCtrl</name>
         <value>0x86b4</value>
         <object_component_ref idref="oc-21f"/>
      </symbol>
      <symbol id="sm-619">
         <name>_F28x_usDelay</name>
         <value>0xb029</value>
         <object_component_ref idref="oc-1b6"/>
      </symbol>
      <symbol id="sm-643">
         <name>_AdcaIsr</name>
         <value>0x84fb</value>
         <object_component_ref idref="oc-1be"/>
      </symbol>
      <symbol id="sm-645">
         <name>_main</name>
         <value>0x843b</value>
         <object_component_ref idref="oc-21c"/>
      </symbol>
      <symbol id="sm-647">
         <name>_AdcResultA2OffsetAdjusted</name>
         <value>0x17801</value>
         <object_component_ref idref="oc-1bc"/>
      </symbol>
      <symbol id="sm-648">
         <name>_AdcPpbIsrTicker</name>
         <value>0x1780a</value>
         <object_component_ref idref="oc-1bc"/>
      </symbol>
      <symbol id="sm-649">
         <name>_BackTickerCpu1</name>
         <value>0x17804</value>
         <object_component_ref idref="oc-1bc"/>
      </symbol>
      <symbol id="sm-64a">
         <name>_Buffer_A2</name>
         <value>0x17400</value>
         <object_component_ref idref="oc-219"/>
      </symbol>
      <symbol id="sm-64b">
         <name>_Xint1Isr</name>
         <value>0x85b6</value>
         <object_component_ref idref="oc-1c0"/>
      </symbol>
      <symbol id="sm-64d">
         <name>_BufferPointer</name>
         <value>0x17803</value>
         <object_component_ref idref="oc-1bc"/>
      </symbol>
      <symbol id="sm-64e">
         <name>_Xint1IsrTicker</name>
         <value>0x17806</value>
         <object_component_ref idref="oc-1bc"/>
      </symbol>
      <symbol id="sm-64f">
         <name>_AdcResultA12</name>
         <value>0x17802</value>
         <object_component_ref idref="oc-1bc"/>
      </symbol>
      <symbol id="sm-650">
         <name>_AdcPpbTripLow</name>
         <value>0x1780e</value>
         <object_component_ref idref="oc-1bc"/>
      </symbol>
      <symbol id="sm-651">
         <name>_AdcaPpbIsr</name>
         <value>0x85f0</value>
         <object_component_ref idref="oc-1bf"/>
      </symbol>
      <symbol id="sm-653">
         <name>_InitAdcaModule</name>
         <value>0x82a4</value>
         <object_component_ref idref="oc-224"/>
      </symbol>
      <symbol id="sm-655">
         <name>_InitXint1</name>
         <value>0x8d78</value>
         <object_component_ref idref="oc-223"/>
      </symbol>
      <symbol id="sm-657">
         <name>_SineOutFrequency</name>
         <value>0x10000</value>
         <object_component_ref idref="oc-1bd"/>
      </symbol>
      <symbol id="sm-658">
         <name>_AdcIsrTicker</name>
         <value>0x17808</value>
         <object_component_ref idref="oc-1bc"/>
      </symbol>
      <symbol id="sm-659">
         <name>_Buffer_A12</name>
         <value>0x17000</value>
         <object_component_ref idref="oc-21a"/>
      </symbol>
      <symbol id="sm-65a">
         <name>_AdcResultA2</name>
         <value>0x17800</value>
         <object_component_ref idref="oc-1bc"/>
      </symbol>
      <symbol id="sm-65b">
         <name>_AdcPpbTripHigh</name>
         <value>0x1780c</value>
         <object_component_ref idref="oc-1bc"/>
      </symbol>
      <symbol id="sm-65c">
         <name>_InitGpioPorts</name>
         <value>0x872d</value>
         <object_component_ref idref="oc-220"/>
      </symbol>
      <symbol id="sm-66e">
         <name>_Example_Fail</name>
         <value>0x17814</value>
         <object_component_ref idref="oc-1c7"/>
      </symbol>
      <symbol id="sm-66f">
         <name>_Example_Result</name>
         <value>0x17810</value>
         <object_component_ref idref="oc-1c7"/>
      </symbol>
      <symbol id="sm-670">
         <name>_Example_PassCount</name>
         <value>0x17812</value>
         <object_component_ref idref="oc-1c7"/>
      </symbol>
      <symbol id="sm-68d">
         <name>_SysCtl_delay</name>
         <value>0xb02d</value>
         <object_component_ref idref="oc-1d4"/>
      </symbol>
      <symbol id="sm-6a8">
         <name>_c_int00</name>
         <value>0x84a5</value>
         <object_component_ref idref="oc-8c"/>
      </symbol>
      <symbol id="sm-6a9">
         <name>__stack</name>
         <value>0x400</value>
         <object_component_ref idref="oc-1da"/>
      </symbol>
      <symbol id="sm-6ba">
         <name>FS$$DIV</name>
         <value>0x832f</value>
         <object_component_ref idref="oc-1e0"/>
      </symbol>
      <symbol id="sm-6c6">
         <name>LL$$AND</name>
         <value>0x8761</value>
         <object_component_ref idref="oc-1e5"/>
      </symbol>
      <symbol id="sm-6c7">
         <name>LL$$OR</name>
         <value>0x8769</value>
         <object_component_ref idref="oc-1e5"/>
      </symbol>
      <symbol id="sm-6c8">
         <name>LL$$XOR</name>
         <value>0x8771</value>
         <object_component_ref idref="oc-1e5"/>
      </symbol>
      <symbol id="sm-6d7">
         <name>_copy_in</name>
         <value>0x8690</value>
         <object_component_ref idref="oc-215"/>
      </symbol>
      <symbol id="sm-6e9">
         <name>_memcpy</name>
         <value>0x8710</value>
         <object_component_ref idref="oc-21b"/>
      </symbol>
      <symbol id="sm-6f6">
         <name>__system_pre_init</name>
         <value>0x87fe</value>
         <object_component_ref idref="oc-214"/>
      </symbol>
      <symbol id="sm-704">
         <name>__system_post_cinit</name>
         <value>0x8d92</value>
         <object_component_ref idref="oc-216"/>
      </symbol>
      <symbol id="sm-719">
         <name>C$$EXIT</name>
         <value>0x861c</value>
         <object_component_ref idref="oc-218"/>
      </symbol>
      <symbol id="sm-71a">
         <name>_exit</name>
         <value>0x861e</value>
         <object_component_ref idref="oc-218"/>
      </symbol>
      <symbol id="sm-71c">
         <name>___TI_cleanup_ptr</name>
         <value>0x17818</value>
         <object_component_ref idref="oc-200"/>
      </symbol>
      <symbol id="sm-71d">
         <name>___TI_enable_exit_profile_output</name>
         <value>0x17816</value>
         <object_component_ref idref="oc-200"/>
      </symbol>
      <symbol id="sm-71e">
         <name>_abort</name>
         <value>0x861c</value>
         <object_component_ref idref="oc-218"/>
      </symbol>
      <symbol id="sm-720">
         <name>___TI_dtors_ptr</name>
         <value>0x1781a</value>
         <object_component_ref idref="oc-200"/>
      </symbol>
      <symbol id="sm-734">
         <name>__unlock</name>
         <value>0x1781e</value>
         <object_component_ref idref="oc-22f"/>
      </symbol>
      <symbol id="sm-735">
         <name>__lock</name>
         <value>0x1781c</value>
         <object_component_ref idref="oc-21d"/>
      </symbol>
      <symbol id="sm-736">
         <name>__register_lock</name>
         <value>0x8d85</value>
         <object_component_ref idref="oc-225"/>
      </symbol>
      <symbol id="sm-738">
         <name>__nop</name>
         <value>0x8d89</value>
         <object_component_ref idref="oc-225"/>
      </symbol>
      <symbol id="sm-73a">
         <name>__register_unlock</name>
         <value>0x8d81</value>
         <object_component_ref idref="oc-225"/>
      </symbol>
      <symbol id="sm-74a">
         <name>__args_main</name>
         <value>0x87a3</value>
         <object_component_ref idref="oc-217"/>
      </symbol>
   </symbol_table>
   <title>Link successful</title>
</link_info>
